******************************************************************************
                  TI ARM Linker PC v18.1.1                     
******************************************************************************
>> Linked Fri Sep  7 22:14:23 2018

OUTPUT FILE NAME:   <FreeRTOSDemo.out>
ENTRY POINT SYMBOL: "_c_int00_noargs"  address: 000027e5


MEMORY CONFIGURATION

         name            origin    length      used     unused   attr    fill
----------------------  --------  ---------  --------  --------  ----  --------
  MAIN                  00000000   00040000  00002e7e  0003d182  R  X
  INFO                  00200000   00004000  00000000  00004000  R  X
  SRAM_CODE             01000000   00010000  00000000  00010000  RW X
  SRAM_DATA             20000000   00010000  0000ccd0  00003330  RW  


SEGMENT ALLOCATION MAP

run origin  load origin   length   init length attrs members
----------  ----------- ---------- ----------- ----- -------
00000000    00000000    00002e88   00002e88    r-x
  00000000    00000000    00000144   00000144    r-- .intvecs
  00000148    00000148    00002cca   00002cca    r-x .text
  00002e14    00002e14    00000010   00000010    r-- .const
  00002e28    00002e28    00000060   00000060    r-- .cinit
20000000    20000000    0000c9b0   00000000    rw-
  20000000    20000000    0000c910   00000000    rw- .bss
  2000c910    2000c910    000000a0   00000000    rw- .data
2000fce0    2000fce0    00000320   00000000    rw-
  2000fce0    2000fce0    00000320   00000000    rw- .stack


SECTION ALLOCATION MAP

 output                                  attributes/
section   page    origin      length       input sections
--------  ----  ----------  ----------   ----------------
.intvecs   0    00000000    00000144     
                  00000000    00000144     msp432_startup_ccs.obj (.intvecs:retain)

.text      0    00000148    00002cca     
                  00000148    00000194     queue.obj (.text:xQueueGenericSend)
                  000002dc    00000004     rtsv7M4_T_le_v4SPD16_eabi.lib : pre_init.c.obj (.text:_system_pre_init)
                  000002e0    00000164     queue.obj (.text:xQueueReceive)
                  00000444    00000004     rtsv7M4_T_le_v4SPD16_eabi.lib : exit.c.obj (.text:abort:abort)
                  00000448    00000148     cs.obj (.text:CS_getDCOFrequency)
                  00000590    00000148     tasks.obj (.text:xTaskIncrementTick)
                  000006d8    00000134     port.obj (.text:vPortSuppressTicksAndSleep)
                  0000080c    00000004     --HOLE-- [fill = 0]
                  00000810    0000012c     heap_4.obj (.text:pvPortMalloc)
                  0000093c    00000004     --HOLE-- [fill = 0]
                  00000940    0000011c     cs.obj (.text:CS_initClockSignal)
                  00000a5c    00000004     --HOLE-- [fill = 0]
                  00000a60    00000114     cs.obj (.text:_CSComputeCLKFrequency)
                  00000b74    00000004     --HOLE-- [fill = 0]
                  00000b78    0000010c     tasks.obj (.text:xTaskResumeAll)
                  00000c84    00000004     --HOLE-- [fill = 0]
                  00000c88    00000108     pcm.obj (.text:__PCM_setPowerModeAdvanced)
                  00000d90    00000100     timers.obj (.text:prvProcessReceivedCommands)
                  00000e90    000000dc     port.obj (.text:xPortStartScheduler)
                  00000f6c    000000da     portasm.obj (.text)
                  00001046    00000002     --HOLE-- [fill = 0]
                  00001048    000000d0     pcm.obj (.text:__PCM_setCoreVoltageLevelAdvanced)
                  00001118    000000ce     queue.obj (.text:xQueueGenericSendFromISR)
                  000011e6    00000002     --HOLE-- [fill = 0]
                  000011e8    000000c8     tasks.obj (.text:xTaskPriorityDisinherit)
                  000012b0    000000c6     tasks.obj (.text:prvInitialiseNewTask)
                  00001376    00000002     --HOLE-- [fill = 0]
                  00001378    000000b8     tasks.obj (.text:vTaskDelayUntil)
                  00001430    000000b8     tasks.obj (.text:vTaskSwitchContext)
                  000014e8    000000b4     tasks.obj (.text:prvAddNewTaskToReadyList)
                  0000159c    0000009c     rtsv7M4_T_le_v4SPD16_eabi.lib : memcpy_t2.asm.obj (.text)
                  00001638    0000009c     tasks.obj (.text:xTaskRemoveFromEventList)
                  000016d4    00000004     --HOLE-- [fill = 0]
                  000016d8    00000094     timers.obj (.text:prvSwitchTimerLists)
                  0000176c    00000004     --HOLE-- [fill = 0]
                  00001770    00000094     tasks.obj (.text:xTaskCheckForTimeOut)
                  00001804    00000004     --HOLE-- [fill = 0]
                  00001808    00000090     queue.obj (.text:xQueueGenericReset)
                  00001898    00000088     tasks.obj (.text:prvAddCurrentTaskToDelayedList)
                  00001920    00000084     tasks.obj (.text:vTaskStartScheduler)
                  000019a4    00000004     --HOLE-- [fill = 0]
                  000019a8    0000007c     tasks.obj (.text:prvIdleTask)
                  00001a24    00000004     --HOLE-- [fill = 0]
                  00001a28    0000007c     heap_4.obj (.text:vPortFree)
                  00001aa4    0000007a     rtsv7M4_T_le_v4SPD16_eabi.lib : memset_t2.asm.obj (.text)
                  00001b1e    00000002     --HOLE-- [fill = 0]
                  00001b20    00000078     interrupt.obj (.text:Interrupt_enableInterrupt)
                  00001b98    00000074     timers.obj (.text:xTimerGenericCommand)
                  00001c0c    00000004     --HOLE-- [fill = 0]
                  00001c10    00000070     queue.obj (.text:prvCopyDataToQueue)
                  00001c80    00000070     heap_4.obj (.text:prvHeapInit)
                  00001cf0    00000070     tasks.obj (.text:prvInitialiseTaskLists)
                  00001d60    00000070     timers.obj (.text:prvProcessTimerOrBlockTask)
                  00001dd0    0000006c     queue.obj (.text:prvUnlockQueue)
                  00001e3c    00000004     --HOLE-- [fill = 0]
                  00001e40    00000068     system_msp432p401r.obj (.text:SystemInit)
                  00001ea8    00000068     rtsv7M4_T_le_v4SPD16_eabi.lib : copy_decompress_lzss.c.obj (.text:decompress:lzss:__TI_decompress_lzss)
                  00001f10    00000068     heap_4.obj (.text:prvInsertBlockIntoFreeList)
                  00001f78    00000068     port.obj (.text:vPortSetupTimerInterrupt)
                  00001fe0    00000068     tasks.obj (.text:xTaskCreate)
                  00002048    00000064     port.obj (.text:vPortValidateInterruptPriority)
                  000020ac    00000004     --HOLE-- [fill = 0]
                  000020b0    00000060     main_demo.obj (.text:main_demo)
                  00002110    00000060     timers.obj (.text:prvProcessExpiredTimer)
                  00002170    00000058     main_demo.obj (.text:prvQueueReceiveTask)
                  000021c8    00000058     timers.obj (.text:xTimerCreateTimerTask)
                  00002220    00000054     gpio.obj (.text:GPIO_setAsPeripheralModuleFunctionInputPin)
                  00002274    00000004     --HOLE-- [fill = 0]
                  00002278    00000054     sysctl.obj (.text:SysCtl_getTLVInfo)
                  000022cc    00000004     --HOLE-- [fill = 0]
                  000022d0    00000054     tasks.obj (.text:prvCheckTasksWaitingTermination)
                  00002324    00000004     --HOLE-- [fill = 0]
                  00002328    00000054     timers.obj (.text:prvInsertTimerInActiveList)
                  0000237c    00000004     --HOLE-- [fill = 0]
                  00002380    00000054     tasks.obj (.text:vTaskDelay)
                  000023d4    00000004     --HOLE-- [fill = 0]
                  000023d8    00000052     cs.obj (.text:_CSGetDividerValue)
                  0000242a    00000006     --HOLE-- [fill = 0]
                  00002430    00000050     pcm.obj (.text:PCM_getCoreVoltageLevel)
                  00002480    00000050     cs.obj (.text:_CSGetDOCFrequency)
                  000024d0    00000050     tasks.obj (.text:prvGetExpectedIdleTime)
                  00002520    0000004c     timers.obj (.text:prvCheckForValidListAndQueue)
                  0000256c    00000004     --HOLE-- [fill = 0]
                  00002570    0000004c     queue.obj (.text:xQueueGenericCreate)
                  000025bc    00000004     --HOLE-- [fill = 0]
                  000025c0    0000004a     main_demo.obj (.text:prvConfigureClocks)
                  0000260a    00000006     --HOLE-- [fill = 0]
                  00002610    00000048     main_demo.obj (.text:prvQueueSendTask)
                  00002658    00000048     queue.obj (.text:vQueueWaitForMessageRestricted)
                  000026a0    00000044     rtsv7M4_T_le_v4SPD16_eabi.lib : autoinit.c.obj (.text:__TI_auto_init_nobinit_nopinit:__TI_auto_init_nobinit_nopinit)
                  000026e4    00000004     --HOLE-- [fill = 0]
                  000026e8    00000040     tasks.obj (.text:vTaskPlaceOnEventListRestricted)
                  00002728    0000003c     tasks.obj (.text:eTaskConfirmSleepModeStatus)
                  00002764    00000004     --HOLE-- [fill = 0]
                  00002768    0000003c     port.obj (.text:vPortEnterCritical)
                  000027a4    00000004     --HOLE-- [fill = 0]
                  000027a8    0000003a     pcm.obj (.text:PCM_getPowerMode)
                  000027e2    00000002     --HOLE-- [fill = 0]
                  000027e4    00000038     rtsv7M4_T_le_v4SPD16_eabi.lib : boot_cortex_m.c.obj (.text:_c_int00_noargs:_c_int00_noargs)
                  0000281c    00000004     --HOLE-- [fill = 0]
                  00002820    00000038     port.obj (.text:prvTaskExitError)
                  00002858    00000038     tasks.obj (.text:vTaskPlaceOnEventList)
                  00002890    00000034     list.obj (.text:vListInsert)
                  000028c4    00000004     --HOLE-- [fill = 0]
                  000028c8    00000034     tasks.obj (.text:vTaskStepTick)
                  000028fc    00000004     --HOLE-- [fill = 0]
                  00002900    00000030     flash.obj (.text:FlashCtl_setWaitState)
                  00002930    00000030     tasks.obj (.text:prvResetNextTaskUnblockTime)
                  00002960    00000030     main.obj (.text:prvSetupHardware)
                  00002990    00000030     port.obj (.text:vPortExitCritical)
                  000029c0    0000002c     cs.obj (.text:CS_setDCOCenteredFrequency)
                  000029ec    00000004     --HOLE-- [fill = 0]
                  000029f0    0000002c     gpio.obj (.text:GPIO_setAsInputPinWithPullUpResistor)
                  00002a1c    00000004     --HOLE-- [fill = 0]
                  00002a20    0000002c     timers.obj (.text:prvSampleTimeNow)
                  00002a4c    00000004     --HOLE-- [fill = 0]
                  00002a50    0000002c     port.obj (.text:pxPortInitialiseStack)
                  00002a7c    00000004     --HOLE-- [fill = 0]
                  00002a80    0000002c     port.obj (.text:xPortSysTickHandler)
                  00002aac    00000004     --HOLE-- [fill = 0]
                  00002ab0    00000028     queue.obj (.text:prvCopyDataFromQueue)
                  00002ad8    00000026     list.obj (.text:uxListRemove)
                  00002afe    00000002     --HOLE-- [fill = 0]
                  00002b00    00000024     cs.obj (.text:CS_clearInterruptFlag)
                  00002b24    00000004     --HOLE-- [fill = 0]
                  00002b28    00000024     timers.obj (.text:prvGetNextExpireTime)
                  00002b4c    00000004     --HOLE-- [fill = 0]
                  00002b50    00000020     gpio.obj (.text:GPIO_setAsOutputPin)
                  00002b70    00000020     tasks.obj (.text:xTaskGetSchedulerState)
                  00002b90    0000001e     queue.obj (.text:prvInitialiseNewQueue)
                  00002bae    00000002     --HOLE-- [fill = 0]
                  00002bb0    0000001e     queue.obj (.text:prvIsQueueFull)
                  00002bce    00000002     --HOLE-- [fill = 0]
                  00002bd0    0000001e     list.obj (.text:vListInitialise)
                  00002bee    00000002     --HOLE-- [fill = 0]
                  00002bf0    0000001a     main_demo.obj (.text:prvConfigureButton)
                  00002c0a    00000006     --HOLE-- [fill = 0]
                  00002c10    0000001a     queue.obj (.text:prvIsQueueEmpty)
                  00002c2a    00000006     --HOLE-- [fill = 0]
                  00002c30    0000001a     timers.obj (.text:prvTimerTask)
                  00002c4a    00000006     --HOLE-- [fill = 0]
                  00002c50    00000018     cs.obj (.text:CS_getMCLK)
                  00002c68    00000018     main_demo.obj (.text:PORT1_IRQHandler)
                  00002c80    00000018     msp432_startup_ccs.obj (.text:resetISR)
                  00002c98    00000018     list.obj (.text:vListInsertEnd)
                  00002cb0    00000018     tasks.obj (.text:vTaskInternalSetTimeOutState)
                  00002cc8    00000014     gpio.obj (.text:GPIO_enableInterrupt)
                  00002cdc    00000004     --HOLE-- [fill = 0]
                  00002ce0    00000014     gpio.obj (.text:GPIO_setOutputLowOnPin)
                  00002cf4    00000004     --HOLE-- [fill = 0]
                  00002cf8    00000014     gpio.obj (.text:GPIO_toggleOutputOnPin)
                  00002d0c    00000004     --HOLE-- [fill = 0]
                  00002d10    00000012     tasks.obj (.text:prvDeleteTCB)
                  00002d22    00000006     --HOLE-- [fill = 0]
                  00002d28    00000012     main.obj (.text:vApplicationMallocFailedHook)
                  00002d3a    00000006     --HOLE-- [fill = 0]
                  00002d40    00000012     main.obj (.text:vApplicationStackOverflowHook)
                  00002d52    00000006     --HOLE-- [fill = 0]
                  00002d58    00000010     fpu.obj (.text:FPU_enableModule)
                  00002d68    00000010     tasks.obj (.text:vTaskSuspendAll)
                  00002d78    0000000e     rtsv7M4_T_le_v4SPD16_eabi.lib : copy_decompress_none.c.obj (.text:decompress:none:__TI_decompress_none)
                  00002d86    00000002     --HOLE-- [fill = 0]
                  00002d88    0000000e     main.obj (.text:main)
                  00002d96    00000002     --HOLE-- [fill = 0]
                  00002d98    0000000c     pcm.obj (.text:PCM_getPowerState)
                  00002da4    0000000c     rtsv7M4_T_le_v4SPD16_eabi.lib : copy_zero_init.c.obj (.text:decompress:ZI:__TI_zero_init)
                  00002db0    0000000c     tasks.obj (.text:vTaskMissedYield)
                  00002dbc    00000004     --HOLE-- [fill = 0]
                  00002dc0    0000000c     tasks.obj (.text:xTaskGetTickCount)
                  00002dcc    00000004     --HOLE-- [fill = 0]
                  00002dd0    00000008     pcm.obj (.text:PCM_setCoreVoltageLevel)
                  00002dd8    00000008     pcm.obj (.text:PCM_setPowerMode)
                  00002de0    00000006     list.obj (.text:vListInitialiseItem)
                  00002de6    00000002     --HOLE-- [fill = 0]
                  00002de8    00000002     msp432_startup_ccs.obj (.text:defaultISR)
                  00002dea    00000006     --HOLE-- [fill = 0]
                  00002df0    00000002     msp432_startup_ccs.obj (.text:faultISR)
                  00002df2    00000006     --HOLE-- [fill = 0]
                  00002df8    00000002     msp432_startup_ccs.obj (.text:nmiISR)
                  00002dfa    00000006     --HOLE-- [fill = 0]
                  00002e00    00000002     main.obj (.text:vApplicationIdleHook)
                  00002e02    00000006     --HOLE-- [fill = 0]
                  00002e08    00000002     main_demo.obj (.text:vApplicationTickHook)
                  00002e0a    00000006     --HOLE-- [fill = 0]
                  00002e10    00000002     main_demo.obj (.text:vPreSleepProcessing)

.const     0    00002e14    00000010     
                  00002e14    00000008     interrupt.obj (.const:g_pulEnRegs)
                  00002e1c    00000008     port.obj (.const)

.cinit     0    00002e28    00000060     
                  00002e28    00000038     (.cinit..data.load) [load image, compression = lzss]
                  00002e60    0000000c     (__TI_handler_table)
                  00002e6c    00000004     --HOLE-- [fill = 0]
                  00002e70    00000008     (.cinit..bss.load) [load image, compression = zero_init]
                  00002e78    00000010     (__TI_cinit_table)

.bss       0    20000000    0000c910     UNINITIALIZED
                  20000000    0000c800     heap_4.obj (.bss:ucHeap)
                  2000c800    00000064     tasks.obj (.bss:pxReadyTasksLists)
                  2000c864    00000014     timers.obj (.bss:xActiveTimerList1$2)
                  2000c878    00000014     timers.obj (.bss:xActiveTimerList2$3)
                  2000c88c    00000014     tasks.obj (.bss:xDelayedTaskList1$1)
                  2000c8a0    00000014     tasks.obj (.bss:xDelayedTaskList2$2)
                  2000c8b4    00000014     tasks.obj (.bss:xPendingReadyList)
                  2000c8c8    00000014     tasks.obj (.bss:xSuspendedTaskList)
                  2000c8dc    00000014     tasks.obj (.bss:xTasksWaitingTermination)
                  2000c8f0    00000008     cs.obj (.bss)
                  2000c8f8    00000008     tasks.obj (.bss)
                  2000c900    00000008     timers.obj (.bss)
                  2000c908    00000008     heap_4.obj (.bss:xStart)

.data      0    2000c910    000000a0     UNINITIALIZED
                  2000c910    00000034     tasks.obj (.data)
                  2000c944    00000030     gpio.obj (.data:GPIO_PORT_TO_BASE)
                  2000c974    00000018     port.obj (.data)
                  2000c98c    00000010     heap_4.obj (.data)
                  2000c99c    0000000c     timers.obj (.data)
                  2000c9a8    00000008     main_demo.obj (.data)

.stack     0    2000fce0    00000320     UNINITIALIZED
                  2000fce0    00000004     rtsv7M4_T_le_v4SPD16_eabi.lib : boot_cortex_m.c.obj (.stack)
                  2000fce4    0000031c     --HOLE--

MODULE SUMMARY

       Module                       code    ro data   rw data
       ------                       ----    -------   -------
    .\
       main_demo.obj                384     0         8      
       main.obj                     100     0         0      
    +--+----------------------------+-------+---------+---------+
       Total:                       484     0         8      
                                                             
    .\FreeRTOS_Source\
       tasks.obj                    3096    0         260    
       queue.obj                    1604    0         0      
       timers.obj                   1082    0         60     
       list.obj                     150     0         0      
    +--+----------------------------+-------+---------+---------+
       Total:                       5932    0         320    
                                                             
    .\FreeRTOS_Source\portable\CCS\ARM_CM4F\
       port.obj                     984     8         24     
       portasm.obj                  218     0         0      
    +--+----------------------------+-------+---------+---------+
       Total:                       1202    8         24     
                                                             
    .\FreeRTOS_Source\portable\MemMang\
       heap_4.obj                   640     0         51224  
    +--+----------------------------+-------+---------+---------+
       Total:                       640     0         51224  
                                                             
    .\driverlib\
       cs.obj                       1154    0         8      
       pcm.obj                      638     0         0      
       gpio.obj                     220     0         48     
       interrupt.obj                120     8         0      
       sysctl.obj                   84      0         0      
       flash.obj                    48      0         0      
       fpu.obj                      16      0         0      
    +--+----------------------------+-------+---------+---------+
       Total:                       2280    8         56     
                                                             
    .\system\CCS\
       msp432_startup_ccs.obj       30      324       0      
       system_msp432p401r.obj       104     0         0      
    +--+----------------------------+-------+---------+---------+
       Total:                       134     324       0      
                                                             
    C:\ti8\ccsv8\tools\compiler\ti-cgt-arm_18.1.1.LTS\lib\rtsv7M4_T_le_v4SPD16_eabi.lib
       memcpy_t2.asm.obj            156     0         0      
       memset_t2.asm.obj            122     0         0      
       copy_decompress_lzss.c.obj   104     0         0      
       autoinit.c.obj               68      0         0      
       boot_cortex_m.c.obj          56      0         0      
       copy_decompress_none.c.obj   14      0         0      
       copy_zero_init.c.obj         12      0         0      
       exit.c.obj                   4       0         0      
       pre_init.c.obj               4       0         0      
    +--+----------------------------+-------+---------+---------+
       Total:                       540     0         0      
                                                             
       Stack:                       0       0         800    
       Linker Generated:            0       92        0      
    +--+----------------------------+-------+---------+---------+
       Grand Total:                 11212   432       52432  


LINKER GENERATED COPY TABLES

__TI_cinit_table @ 00002e78 records: 2, size/record: 8, table size: 16
	.data: load addr=00002e28, load size=00000038 bytes, run addr=2000c910, run size=000000a0 bytes, compression=lzss
	.bss: load addr=00002e70, load size=00000008 bytes, run addr=20000000, run size=0000c910 bytes, compression=zero_init


LINKER GENERATED HANDLER TABLE

__TI_handler_table @ 00002e60 records: 3, size/record: 4, table size: 12
	index: 0, handler: __TI_decompress_lzss
	index: 1, handler: __TI_decompress_none
	index: 2, handler: __TI_zero_init


GLOBAL SYMBOLS: SORTED ALPHABETICALLY BY Name 

address   name                                      
-------   ----                                      
00000445  C$$EXIT                                   
00002b01  CS_clearInterruptFlag                     
00000449  CS_getDCOFrequency                        
00002c51  CS_getMCLK                                
00000941  CS_initClockSignal                        
000029c1  CS_setDCOCenteredFrequency                
00002d59  FPU_enableModule                          
00002901  FlashCtl_setWaitState                     
00002cc9  GPIO_enableInterrupt                      
000029f1  GPIO_setAsInputPinWithPullUpResistor      
00002b51  GPIO_setAsOutputPin                       
00002221  GPIO_setAsPeripheralModuleFunctionInputPin
00002ce1  GPIO_setOutputLowOnPin                    
00002cf9  GPIO_toggleOutputOnPin                    
00001b21  Interrupt_enableInterrupt                 
00002431  PCM_getCoreVoltageLevel                   
000027a9  PCM_getPowerMode                          
00002d99  PCM_getPowerState                         
00002dd1  PCM_setCoreVoltageLevel                   
00002dd9  PCM_setPowerMode                          
00002c69  PORT1_IRQHandler                          
00002279  SysCtl_getTLVInfo                         
00001e41  SystemInit                                
4000480c  WDTCTL_SYM                                
20010000  __STACK_END                               
00000320  __STACK_SIZE                              
00002e78  __TI_CINIT_Base                           
00002e88  __TI_CINIT_Limit                          
00002e60  __TI_Handler_Table_Base                   
00002e6c  __TI_Handler_Table_Limit                  
000026a1  __TI_auto_init_nobinit_nopinit            
00001ea9  __TI_decompress_lzss                      
00002d79  __TI_decompress_none                      
ffffffff  __TI_pprof_out_hndl                       
ffffffff  __TI_prof_data_size                       
ffffffff  __TI_prof_data_start                      
00000000  __TI_static_base__                        
00002da5  __TI_zero_init                            
00001aa5  __aeabi_memclr                            
00001aa5  __aeabi_memclr4                           
00001aa5  __aeabi_memclr8                           
0000159d  __aeabi_memcpy                            
0000159d  __aeabi_memcpy4                           
0000159d  __aeabi_memcpy8                           
00001aa7  __aeabi_memset                            
00001aa7  __aeabi_memset4                           
00001aa7  __aeabi_memset8                           
ffffffff  __binit__                                 
ffffffff  __c_args__                                
UNDEFED   __mpu_init                                
2000fce0  __stack                                   
000027e5  _c_int00_noargs                           
UNDEFED   _system_post_cinit                        
000002dd  _system_pre_init                          
00000445  abort                                     
ffffffff  binit                                     
00002729  eTaskConfirmSleepModeStatus               
00000000  interruptVectors                          
00002d89  main                                      
000020b1  main_demo                                 
0000159d  memcpy                                    
00001aad  memset                                    
00000811  pvPortMalloc                              
2000c910  pxCurrentTCB                              
00002a51  pxPortInitialiseStack                     
00002e1c  ulMaxSyscallInterruptPriority             
00000f7d  ulPortGetIPSR                             
00002ad9  uxListRemove                              
00002e01  vApplicationIdleHook                      
00002d29  vApplicationMallocFailedHook              
00002d41  vApplicationStackOverflowHook             
00002e09  vApplicationTickHook                      
00002bd1  vListInitialise                           
00002de1  vListInitialiseItem                       
00002891  vListInsert                               
00002c99  vListInsertEnd                            
00001039  vPortEnableVFP                            
00002769  vPortEnterCritical                        
00002991  vPortExitCritical                         
00001a29  vPortFree                                 
00000ff5  vPortSVCHandler                           
00001f79  vPortSetupTimerInterrupt                  
00001015  vPortStartFirstTask                       
000006d9  vPortSuppressTicksAndSleep                
00002049  vPortValidateInterruptPriority            
00002e11  vPreSleepProcessing                       
00002659  vQueueWaitForMessageRestricted            
00002381  vTaskDelay                                
00001379  vTaskDelayUntil                           
00002cb1  vTaskInternalSetTimeOutState              
00002db1  vTaskMissedYield                          
00002859  vTaskPlaceOnEventList                     
000026e9  vTaskPlaceOnEventListRestricted           
00001921  vTaskStartScheduler                       
000028c9  vTaskStepTick                             
00002d69  vTaskSuspendAll                           
00001431  vTaskSwitchContext                        
00000f95  xPortPendSVHandler                        
00000e91  xPortStartScheduler                       
00002a81  xPortSysTickHandler                       
00002571  xQueueGenericCreate                       
00001809  xQueueGenericReset                        
00000149  xQueueGenericSend                         
00001119  xQueueGenericSendFromISR                  
000002e1  xQueueReceive                             
00001771  xTaskCheckForTimeOut                      
00001fe1  xTaskCreate                               
00002b71  xTaskGetSchedulerState                    
00002dc1  xTaskGetTickCount                         
00000591  xTaskIncrementTick                        
000011e9  xTaskPriorityDisinherit                   
00001639  xTaskRemoveFromEventList                  
00000b79  xTaskResumeAll                            
000021c9  xTimerCreateTimerTask                     
00001b99  xTimerGenericCommand                      


GLOBAL SYMBOLS: SORTED BY Symbol Address 

address   name                                      
-------   ----                                      
00000000  __TI_static_base__                        
00000000  interruptVectors                          
00000149  xQueueGenericSend                         
000002dd  _system_pre_init                          
000002e1  xQueueReceive                             
00000320  __STACK_SIZE                              
00000445  C$$EXIT                                   
00000445  abort                                     
00000449  CS_getDCOFrequency                        
00000591  xTaskIncrementTick                        
000006d9  vPortSuppressTicksAndSleep                
00000811  pvPortMalloc                              
00000941  CS_initClockSignal                        
00000b79  xTaskResumeAll                            
00000e91  xPortStartScheduler                       
00000f7d  ulPortGetIPSR                             
00000f95  xPortPendSVHandler                        
00000ff5  vPortSVCHandler                           
00001015  vPortStartFirstTask                       
00001039  vPortEnableVFP                            
00001119  xQueueGenericSendFromISR                  
000011e9  xTaskPriorityDisinherit                   
00001379  vTaskDelayUntil                           
00001431  vTaskSwitchContext                        
0000159d  __aeabi_memcpy                            
0000159d  __aeabi_memcpy4                           
0000159d  __aeabi_memcpy8                           
0000159d  memcpy                                    
00001639  xTaskRemoveFromEventList                  
00001771  xTaskCheckForTimeOut                      
00001809  xQueueGenericReset                        
00001921  vTaskStartScheduler                       
00001a29  vPortFree                                 
00001aa5  __aeabi_memclr                            
00001aa5  __aeabi_memclr4                           
00001aa5  __aeabi_memclr8                           
00001aa7  __aeabi_memset                            
00001aa7  __aeabi_memset4                           
00001aa7  __aeabi_memset8                           
00001aad  memset                                    
00001b21  Interrupt_enableInterrupt                 
00001b99  xTimerGenericCommand                      
00001e41  SystemInit                                
00001ea9  __TI_decompress_lzss                      
00001f79  vPortSetupTimerInterrupt                  
00001fe1  xTaskCreate                               
00002049  vPortValidateInterruptPriority            
000020b1  main_demo                                 
000021c9  xTimerCreateTimerTask                     
00002221  GPIO_setAsPeripheralModuleFunctionInputPin
00002279  SysCtl_getTLVInfo                         
00002381  vTaskDelay                                
00002431  PCM_getCoreVoltageLevel                   
00002571  xQueueGenericCreate                       
00002659  vQueueWaitForMessageRestricted            
000026a1  __TI_auto_init_nobinit_nopinit            
000026e9  vTaskPlaceOnEventListRestricted           
00002729  eTaskConfirmSleepModeStatus               
00002769  vPortEnterCritical                        
000027a9  PCM_getPowerMode                          
000027e5  _c_int00_noargs                           
00002859  vTaskPlaceOnEventList                     
00002891  vListInsert                               
000028c9  vTaskStepTick                             
00002901  FlashCtl_setWaitState                     
00002991  vPortExitCritical                         
000029c1  CS_setDCOCenteredFrequency                
000029f1  GPIO_setAsInputPinWithPullUpResistor      
00002a51  pxPortInitialiseStack                     
00002a81  xPortSysTickHandler                       
00002ad9  uxListRemove                              
00002b01  CS_clearInterruptFlag                     
00002b51  GPIO_setAsOutputPin                       
00002b71  xTaskGetSchedulerState                    
00002bd1  vListInitialise                           
00002c51  CS_getMCLK                                
00002c69  PORT1_IRQHandler                          
00002c99  vListInsertEnd                            
00002cb1  vTaskInternalSetTimeOutState              
00002cc9  GPIO_enableInterrupt                      
00002ce1  GPIO_setOutputLowOnPin                    
00002cf9  GPIO_toggleOutputOnPin                    
00002d29  vApplicationMallocFailedHook              
00002d41  vApplicationStackOverflowHook             
00002d59  FPU_enableModule                          
00002d69  vTaskSuspendAll                           
00002d79  __TI_decompress_none                      
00002d89  main                                      
00002d99  PCM_getPowerState                         
00002da5  __TI_zero_init                            
00002db1  vTaskMissedYield                          
00002dc1  xTaskGetTickCount                         
00002dd1  PCM_setCoreVoltageLevel                   
00002dd9  PCM_setPowerMode                          
00002de1  vListInitialiseItem                       
00002e01  vApplicationIdleHook                      
00002e09  vApplicationTickHook                      
00002e11  vPreSleepProcessing                       
00002e1c  ulMaxSyscallInterruptPriority             
00002e60  __TI_Handler_Table_Base                   
00002e6c  __TI_Handler_Table_Limit                  
00002e78  __TI_CINIT_Base                           
00002e88  __TI_CINIT_Limit                          
2000c910  pxCurrentTCB                              
2000fce0  __stack                                   
20010000  __STACK_END                               
4000480c  WDTCTL_SYM                                
ffffffff  __TI_pprof_out_hndl                       
ffffffff  __TI_prof_data_size                       
ffffffff  __TI_prof_data_start                      
ffffffff  __binit__                                 
ffffffff  __c_args__                                
ffffffff  binit                                     
UNDEFED   __mpu_init                                
UNDEFED   _system_post_cinit                        

[115 symbols]
