<?xml version="1.0" encoding="ISO-8859-1" ?>
<link_info>
   <banner>TI ARM Linker PC v18.1.1.LTS</banner>
   <copyright>Copyright (c) 1996-2017 Texas Instruments Incorporated</copyright>
   <link_time>0x5b933e8f</link_time>
   <link_errors>0x0</link_errors>
   <output_file>FreeRTOSDemo.out</output_file>
   <entry_point>
      <name>_c_int00_noargs</name>
      <address>0x27e5</address>
   </entry_point>
   <input_file_list>
      <input_file id="fl-2">
         <path>.\</path>
         <kind>object</kind>
         <file>main.obj</file>
         <name>main.obj</name>
      </input_file>
      <input_file id="fl-3">
         <path>.\</path>
         <kind>object</kind>
         <file>main_demo.obj</file>
         <name>main_demo.obj</name>
      </input_file>
      <input_file id="fl-4">
         <path>.\FreeRTOS_Source\</path>
         <kind>object</kind>
         <file>croutine.obj</file>
         <name>croutine.obj</name>
      </input_file>
      <input_file id="fl-5">
         <path>.\FreeRTOS_Source\</path>
         <kind>object</kind>
         <file>event_groups.obj</file>
         <name>event_groups.obj</name>
      </input_file>
      <input_file id="fl-6">
         <path>.\FreeRTOS_Source\</path>
         <kind>object</kind>
         <file>list.obj</file>
         <name>list.obj</name>
      </input_file>
      <input_file id="fl-7">
         <path>.\FreeRTOS_Source\</path>
         <kind>object</kind>
         <file>queue.obj</file>
         <name>queue.obj</name>
      </input_file>
      <input_file id="fl-8">
         <path>.\FreeRTOS_Source\</path>
         <kind>object</kind>
         <file>stream_buffer.obj</file>
         <name>stream_buffer.obj</name>
      </input_file>
      <input_file id="fl-9">
         <path>.\FreeRTOS_Source\</path>
         <kind>object</kind>
         <file>tasks.obj</file>
         <name>tasks.obj</name>
      </input_file>
      <input_file id="fl-a">
         <path>.\FreeRTOS_Source\</path>
         <kind>object</kind>
         <file>timers.obj</file>
         <name>timers.obj</name>
      </input_file>
      <input_file id="fl-b">
         <path>.\FreeRTOS_Source\portable\CCS\ARM_CM4F\</path>
         <kind>object</kind>
         <file>port.obj</file>
         <name>port.obj</name>
      </input_file>
      <input_file id="fl-c">
         <path>.\FreeRTOS_Source\portable\CCS\ARM_CM4F\</path>
         <kind>object</kind>
         <file>portasm.obj</file>
         <name>portasm.obj</name>
      </input_file>
      <input_file id="fl-d">
         <path>.\FreeRTOS_Source\portable\MemMang\</path>
         <kind>object</kind>
         <file>heap_4.obj</file>
         <name>heap_4.obj</name>
      </input_file>
      <input_file id="fl-e">
         <path>.\driverlib\</path>
         <kind>object</kind>
         <file>cpu.obj</file>
         <name>cpu.obj</name>
      </input_file>
      <input_file id="fl-f">
         <path>.\driverlib\</path>
         <kind>object</kind>
         <file>cs.obj</file>
         <name>cs.obj</name>
      </input_file>
      <input_file id="fl-10">
         <path>.\driverlib\</path>
         <kind>object</kind>
         <file>flash.obj</file>
         <name>flash.obj</name>
      </input_file>
      <input_file id="fl-11">
         <path>.\driverlib\</path>
         <kind>object</kind>
         <file>fpu.obj</file>
         <name>fpu.obj</name>
      </input_file>
      <input_file id="fl-12">
         <path>.\driverlib\</path>
         <kind>object</kind>
         <file>gpio.obj</file>
         <name>gpio.obj</name>
      </input_file>
      <input_file id="fl-13">
         <path>.\driverlib\</path>
         <kind>object</kind>
         <file>interrupt.obj</file>
         <name>interrupt.obj</name>
      </input_file>
      <input_file id="fl-14">
         <path>.\driverlib\</path>
         <kind>object</kind>
         <file>pcm.obj</file>
         <name>pcm.obj</name>
      </input_file>
      <input_file id="fl-15">
         <path>.\driverlib\</path>
         <kind>object</kind>
         <file>sysctl.obj</file>
         <name>sysctl.obj</name>
      </input_file>
      <input_file id="fl-16">
         <path>.\driverlib\</path>
         <kind>object</kind>
         <file>timer32.obj</file>
         <name>timer32.obj</name>
      </input_file>
      <input_file id="fl-17">
         <path>.\driverlib\</path>
         <kind>object</kind>
         <file>uart.obj</file>
         <name>uart.obj</name>
      </input_file>
      <input_file id="fl-18">
         <path>.\driverlib\</path>
         <kind>object</kind>
         <file>wdt_a.obj</file>
         <name>wdt_a.obj</name>
      </input_file>
      <input_file id="fl-19">
         <path>.\system\CCS\</path>
         <kind>object</kind>
         <file>msp432_startup_ccs.obj</file>
         <name>msp432_startup_ccs.obj</name>
      </input_file>
      <input_file id="fl-1a">
         <path>.\system\CCS\</path>
         <kind>object</kind>
         <file>printf-stdarg.obj</file>
         <name>printf-stdarg.obj</name>
      </input_file>
      <input_file id="fl-1b">
         <path>.\system\CCS\</path>
         <kind>object</kind>
         <file>system_msp432p401r.obj</file>
         <name>system_msp432p401r.obj</name>
      </input_file>
      <input_file id="fl-1f">
         <kind>object</kind>
         <file>&lt;internal&gt;</file>
         <name>&lt;internal&gt;</name>
      </input_file>
      <input_file id="fl-d5">
         <path>C:\ti8\ccsv8\tools\compiler\ti-cgt-arm_18.1.1.LTS\lib\</path>
         <kind>archive</kind>
         <file>rtsv7M4_T_le_v4SPD16_eabi.lib</file>
         <name>u_divt2.asm.obj</name>
      </input_file>
      <input_file id="fl-d6">
         <path>C:\ti8\ccsv8\tools\compiler\ti-cgt-arm_18.1.1.LTS\lib\</path>
         <kind>archive</kind>
         <file>rtsv7M4_T_le_v4SPD16_eabi.lib</file>
         <name>memcpy_t2.asm.obj</name>
      </input_file>
      <input_file id="fl-d7">
         <path>C:\ti8\ccsv8\tools\compiler\ti-cgt-arm_18.1.1.LTS\lib\</path>
         <kind>archive</kind>
         <file>rtsv7M4_T_le_v4SPD16_eabi.lib</file>
         <name>memset_t2.asm.obj</name>
      </input_file>
      <input_file id="fl-d8">
         <path>C:\ti8\ccsv8\tools\compiler\ti-cgt-arm_18.1.1.LTS\lib\</path>
         <kind>archive</kind>
         <file>rtsv7M4_T_le_v4SPD16_eabi.lib</file>
         <name>copy_zero_init.c.obj</name>
      </input_file>
      <input_file id="fl-d9">
         <path>C:\ti8\ccsv8\tools\compiler\ti-cgt-arm_18.1.1.LTS\lib\</path>
         <kind>archive</kind>
         <file>rtsv7M4_T_le_v4SPD16_eabi.lib</file>
         <name>copy_decompress_none.c.obj</name>
      </input_file>
      <input_file id="fl-da">
         <path>C:\ti8\ccsv8\tools\compiler\ti-cgt-arm_18.1.1.LTS\lib\</path>
         <kind>archive</kind>
         <file>rtsv7M4_T_le_v4SPD16_eabi.lib</file>
         <name>copy_decompress_lzss.c.obj</name>
      </input_file>
      <input_file id="fl-db">
         <path>C:\ti8\ccsv8\tools\compiler\ti-cgt-arm_18.1.1.LTS\lib\</path>
         <kind>archive</kind>
         <file>rtsv7M4_T_le_v4SPD16_eabi.lib</file>
         <name>boot_cortex_m.c.obj</name>
      </input_file>
      <input_file id="fl-dc">
         <path>C:\ti8\ccsv8\tools\compiler\ti-cgt-arm_18.1.1.LTS\lib\</path>
         <kind>archive</kind>
         <file>rtsv7M4_T_le_v4SPD16_eabi.lib</file>
         <name>exit.c.obj</name>
      </input_file>
      <input_file id="fl-dd">
         <path>C:\ti8\ccsv8\tools\compiler\ti-cgt-arm_18.1.1.LTS\lib\</path>
         <kind>archive</kind>
         <file>rtsv7M4_T_le_v4SPD16_eabi.lib</file>
         <name>_lock.c.obj</name>
      </input_file>
      <input_file id="fl-de">
         <path>C:\ti8\ccsv8\tools\compiler\ti-cgt-arm_18.1.1.LTS\lib\</path>
         <kind>archive</kind>
         <file>rtsv7M4_T_le_v4SPD16_eabi.lib</file>
         <name>args_main.c.obj</name>
      </input_file>
      <input_file id="fl-df">
         <path>C:\ti8\ccsv8\tools\compiler\ti-cgt-arm_18.1.1.LTS\lib\</path>
         <kind>archive</kind>
         <file>rtsv7M4_T_le_v4SPD16_eabi.lib</file>
         <name>strcpy.c.obj</name>
      </input_file>
      <input_file id="fl-e0">
         <path>C:\ti8\ccsv8\tools\compiler\ti-cgt-arm_18.1.1.LTS\lib\</path>
         <kind>archive</kind>
         <file>rtsv7M4_T_le_v4SPD16_eabi.lib</file>
         <name>strlen.c.obj</name>
      </input_file>
      <input_file id="fl-e1">
         <path>C:\ti8\ccsv8\tools\compiler\ti-cgt-arm_18.1.1.LTS\lib\</path>
         <kind>archive</kind>
         <file>rtsv7M4_T_le_v4SPD16_eabi.lib</file>
         <name>div0.asm.obj</name>
      </input_file>
      <input_file id="fl-e2">
         <path>C:\ti8\ccsv8\tools\compiler\ti-cgt-arm_18.1.1.LTS\lib\</path>
         <kind>archive</kind>
         <file>rtsv7M4_T_le_v4SPD16_eabi.lib</file>
         <name>autoinit.c.obj</name>
      </input_file>
      <input_file id="fl-e3">
         <path>C:\ti8\ccsv8\tools\compiler\ti-cgt-arm_18.1.1.LTS\lib\</path>
         <kind>archive</kind>
         <file>rtsv7M4_T_le_v4SPD16_eabi.lib</file>
         <name>pre_init.c.obj</name>
      </input_file>
      <input_file id="fl-e4">
         <path>C:\ti8\ccsv8\tools\compiler\ti-cgt-arm_18.1.1.LTS\lib\</path>
         <kind>archive</kind>
         <file>rtsv7M4_T_le_v4SPD16_eabi.lib</file>
         <name>cpy_tbl.c.obj</name>
      </input_file>
   </input_file_list>
   <object_component_list>
      <object_component id="oc-10">
         <name>.intvecs:retain</name>
         <load_address>0x0</load_address>
         <run_address>0x0</run_address>
         <size>0x144</size>
         <input_file_ref idref="fl-19"/>
      </object_component>
      <object_component id="oc-2df">
         <name>.text:xQueueGenericSend</name>
         <load_address>0x148</load_address>
         <run_address>0x148</run_address>
         <size>0x194</size>
         <input_file_ref idref="fl-7"/>
      </object_component>
      <object_component id="oc-e2">
         <name>.text:_system_pre_init</name>
         <load_address>0x2dc</load_address>
         <run_address>0x2dc</run_address>
         <size>0x4</size>
         <input_file_ref idref="fl-e3"/>
      </object_component>
      <object_component id="oc-2c0">
         <name>.text:xQueueReceive</name>
         <load_address>0x2e0</load_address>
         <run_address>0x2e0</run_address>
         <size>0x164</size>
         <input_file_ref idref="fl-7"/>
      </object_component>
      <object_component id="oc-180">
         <name>.text:abort:abort</name>
         <load_address>0x444</load_address>
         <run_address>0x444</run_address>
         <size>0x4</size>
         <input_file_ref idref="fl-dc"/>
      </object_component>
      <object_component id="oc-529">
         <name>.text:CS_getDCOFrequency</name>
         <load_address>0x448</load_address>
         <run_address>0x448</run_address>
         <size>0x148</size>
         <input_file_ref idref="fl-f"/>
      </object_component>
      <object_component id="oc-a5">
         <name>.text:xTaskIncrementTick</name>
         <load_address>0x590</load_address>
         <run_address>0x590</run_address>
         <size>0x148</size>
         <input_file_ref idref="fl-9"/>
      </object_component>
      <object_component id="oc-3a5">
         <name>.text:vPortSuppressTicksAndSleep</name>
         <load_address>0x6d8</load_address>
         <run_address>0x6d8</run_address>
         <size>0x134</size>
         <input_file_ref idref="fl-b"/>
      </object_component>
      <object_component id="oc-287">
         <name>.text:pvPortMalloc</name>
         <load_address>0x810</load_address>
         <run_address>0x810</run_address>
         <size>0x12c</size>
         <input_file_ref idref="fl-d"/>
      </object_component>
      <object_component id="oc-26d">
         <name>.text:CS_initClockSignal</name>
         <load_address>0x940</load_address>
         <run_address>0x940</run_address>
         <size>0x11c</size>
         <input_file_ref idref="fl-f"/>
      </object_component>
      <object_component id="oc-4fe">
         <name>.text:_CSComputeCLKFrequency</name>
         <load_address>0xa60</load_address>
         <run_address>0xa60</run_address>
         <size>0x114</size>
         <input_file_ref idref="fl-f"/>
      </object_component>
      <object_component id="oc-33f">
         <name>.text:xTaskResumeAll</name>
         <load_address>0xb78</load_address>
         <run_address>0xb78</run_address>
         <size>0x10c</size>
         <input_file_ref idref="fl-9"/>
      </object_component>
      <object_component id="oc-4c0">
         <name>.text:__PCM_setPowerModeAdvanced</name>
         <load_address>0xc88</load_address>
         <run_address>0xc88</run_address>
         <size>0x108</size>
         <input_file_ref idref="fl-14"/>
      </object_component>
      <object_component id="oc-46f">
         <name>.text:prvProcessReceivedCommands</name>
         <load_address>0xd90</load_address>
         <run_address>0xd90</run_address>
         <size>0x100</size>
         <input_file_ref idref="fl-a"/>
      </object_component>
      <object_component id="oc-2b3">
         <name>.text:xPortStartScheduler</name>
         <load_address>0xe90</load_address>
         <run_address>0xe90</run_address>
         <size>0xdc</size>
         <input_file_ref idref="fl-b"/>
      </object_component>
      <object_component id="oc-3d">
         <name>.text</name>
         <load_address>0xf6c</load_address>
         <run_address>0xf6c</run_address>
         <size>0xda</size>
         <input_file_ref idref="fl-c"/>
      </object_component>
      <object_component id="oc-31e">
         <name>.text:__PCM_setCoreVoltageLevelAdvanced</name>
         <load_address>0x1048</load_address>
         <run_address>0x1048</run_address>
         <size>0xd0</size>
         <input_file_ref idref="fl-14"/>
      </object_component>
      <object_component id="oc-51c">
         <name>.text:xQueueGenericSendFromISR</name>
         <load_address>0x1118</load_address>
         <run_address>0x1118</run_address>
         <size>0xce</size>
         <input_file_ref idref="fl-7"/>
      </object_component>
      <object_component id="oc-4b6">
         <name>.text:xTaskPriorityDisinherit</name>
         <load_address>0x11e8</load_address>
         <run_address>0x11e8</run_address>
         <size>0xc8</size>
         <input_file_ref idref="fl-9"/>
      </object_component>
      <object_component id="oc-2a0">
         <name>.text:prvInitialiseNewTask</name>
         <load_address>0x12b0</load_address>
         <run_address>0x12b0</run_address>
         <size>0xc6</size>
         <input_file_ref idref="fl-9"/>
      </object_component>
      <object_component id="oc-2d9">
         <name>.text:vTaskDelayUntil</name>
         <load_address>0x1378</load_address>
         <run_address>0x1378</run_address>
         <size>0xb8</size>
         <input_file_ref idref="fl-9"/>
      </object_component>
      <object_component id="oc-9e">
         <name>.text:vTaskSwitchContext</name>
         <load_address>0x1430</load_address>
         <run_address>0x1430</run_address>
         <size>0xb8</size>
         <input_file_ref idref="fl-9"/>
      </object_component>
      <object_component id="oc-2a6">
         <name>.text:prvAddNewTaskToReadyList</name>
         <load_address>0x14e8</load_address>
         <run_address>0x14e8</run_address>
         <size>0xb4</size>
         <input_file_ref idref="fl-9"/>
      </object_component>
      <object_component id="oc-5c">
         <name>.text</name>
         <load_address>0x159c</load_address>
         <run_address>0x159c</run_address>
         <size>0x9c</size>
         <input_file_ref idref="fl-d6"/>
      </object_component>
      <object_component id="oc-3e2">
         <name>.text:xTaskRemoveFromEventList</name>
         <load_address>0x1638</load_address>
         <run_address>0x1638</run_address>
         <size>0x9c</size>
         <input_file_ref idref="fl-9"/>
      </object_component>
      <object_component id="oc-50d">
         <name>.text:prvSwitchTimerLists</name>
         <load_address>0x16d8</load_address>
         <run_address>0x16d8</run_address>
         <size>0x94</size>
         <input_file_ref idref="fl-a"/>
      </object_component>
      <object_component id="oc-3d6">
         <name>.text:xTaskCheckForTimeOut</name>
         <load_address>0x1770</load_address>
         <run_address>0x1770</run_address>
         <size>0x94</size>
         <input_file_ref idref="fl-9"/>
      </object_component>
      <object_component id="oc-353">
         <name>.text:xQueueGenericReset</name>
         <load_address>0x1808</load_address>
         <run_address>0x1808</run_address>
         <size>0x90</size>
         <input_file_ref idref="fl-7"/>
      </object_component>
      <object_component id="oc-3ea">
         <name>.text:prvAddCurrentTaskToDelayedList</name>
         <load_address>0x1898</load_address>
         <run_address>0x1898</run_address>
         <size>0x88</size>
         <input_file_ref idref="fl-9"/>
      </object_component>
      <object_component id="oc-21d">
         <name>.text:vTaskStartScheduler</name>
         <load_address>0x1920</load_address>
         <run_address>0x1920</run_address>
         <size>0x84</size>
         <input_file_ref idref="fl-9"/>
      </object_component>
      <object_component id="oc-2b9">
         <name>.text:prvIdleTask</name>
         <load_address>0x19a8</load_address>
         <run_address>0x19a8</run_address>
         <size>0x7c</size>
         <input_file_ref idref="fl-9"/>
      </object_component>
      <object_component id="oc-29a">
         <name>.text:vPortFree</name>
         <load_address>0x1a28</load_address>
         <run_address>0x1a28</run_address>
         <size>0x7c</size>
         <input_file_ref idref="fl-d"/>
      </object_component>
      <object_component id="oc-dc">
         <name>.text</name>
         <load_address>0x1aa4</load_address>
         <run_address>0x1aa4</run_address>
         <size>0x7a</size>
         <input_file_ref idref="fl-d7"/>
      </object_component>
      <object_component id="oc-280">
         <name>.text:Interrupt_enableInterrupt</name>
         <load_address>0x1b20</load_address>
         <run_address>0x1b20</run_address>
         <size>0x78</size>
         <input_file_ref idref="fl-13"/>
      </object_component>
      <object_component id="oc-4eb">
         <name>.text:xTimerGenericCommand</name>
         <load_address>0x1b98</load_address>
         <run_address>0x1b98</run_address>
         <size>0x74</size>
         <input_file_ref idref="fl-a"/>
      </object_component>
      <object_component id="oc-3f9">
         <name>.text:prvCopyDataToQueue</name>
         <load_address>0x1c10</load_address>
         <run_address>0x1c10</run_address>
         <size>0x70</size>
         <input_file_ref idref="fl-7"/>
      </object_component>
      <object_component id="oc-333">
         <name>.text:prvHeapInit</name>
         <load_address>0x1c80</load_address>
         <run_address>0x1c80</run_address>
         <size>0x70</size>
         <input_file_ref idref="fl-d"/>
      </object_component>
      <object_component id="oc-375">
         <name>.text:prvInitialiseTaskLists</name>
         <load_address>0x1cf0</load_address>
         <run_address>0x1cf0</run_address>
         <size>0x70</size>
         <input_file_ref idref="fl-9"/>
      </object_component>
      <object_component id="oc-469">
         <name>.text:prvProcessTimerOrBlockTask</name>
         <load_address>0x1d60</load_address>
         <run_address>0x1d60</run_address>
         <size>0x70</size>
         <input_file_ref idref="fl-a"/>
      </object_component>
      <object_component id="oc-3ca">
         <name>.text:prvUnlockQueue</name>
         <load_address>0x1dd0</load_address>
         <run_address>0x1dd0</run_address>
         <size>0x6c</size>
         <input_file_ref idref="fl-7"/>
      </object_component>
      <object_component id="oc-8e">
         <name>.text:SystemInit</name>
         <load_address>0x1e40</load_address>
         <run_address>0x1e40</run_address>
         <size>0x68</size>
         <input_file_ref idref="fl-1b"/>
      </object_component>
      <object_component id="oc-13">
         <name>.text:decompress:lzss:__TI_decompress_lzss</name>
         <load_address>0x1ea8</load_address>
         <run_address>0x1ea8</run_address>
         <size>0x68</size>
         <input_file_ref idref="fl-da"/>
      </object_component>
      <object_component id="oc-339">
         <name>.text:prvInsertBlockIntoFreeList</name>
         <load_address>0x1f10</load_address>
         <run_address>0x1f10</run_address>
         <size>0x68</size>
         <input_file_ref idref="fl-d"/>
      </object_component>
      <object_component id="oc-395">
         <name>.text:vPortSetupTimerInterrupt</name>
         <load_address>0x1f78</load_address>
         <run_address>0x1f78</run_address>
         <size>0x68</size>
         <input_file_ref idref="fl-b"/>
      </object_component>
      <object_component id="oc-217">
         <name>.text:xTaskCreate</name>
         <load_address>0x1fe0</load_address>
         <run_address>0x1fe0</run_address>
         <size>0x68</size>
         <input_file_ref idref="fl-9"/>
      </object_component>
      <object_component id="oc-53b">
         <name>.text:vPortValidateInterruptPriority</name>
         <load_address>0x2048</load_address>
         <run_address>0x2048</run_address>
         <size>0x64</size>
         <input_file_ref idref="fl-b"/>
      </object_component>
      <object_component id="oc-179">
         <name>.text:main_demo</name>
         <load_address>0x20b0</load_address>
         <run_address>0x20b0</run_address>
         <size>0x60</size>
         <input_file_ref idref="fl-3"/>
      </object_component>
      <object_component id="oc-4de">
         <name>.text:prvProcessExpiredTimer</name>
         <load_address>0x2110</load_address>
         <run_address>0x2110</run_address>
         <size>0x60</size>
         <input_file_ref idref="fl-a"/>
      </object_component>
      <object_component id="oc-223">
         <name>.text:prvQueueReceiveTask</name>
         <load_address>0x2170</load_address>
         <run_address>0x2170</run_address>
         <size>0x58</size>
         <input_file_ref idref="fl-3"/>
      </object_component>
      <object_component id="oc-2ad">
         <name>.text:xTimerCreateTimerTask</name>
         <load_address>0x21c8</load_address>
         <run_address>0x21c8</run_address>
         <size>0x58</size>
         <input_file_ref idref="fl-a"/>
      </object_component>
      <object_component id="oc-1f2">
         <name>.text:GPIO_setAsPeripheralModuleFunctionInputPin</name>
         <load_address>0x2220</load_address>
         <run_address>0x2220</run_address>
         <size>0x54</size>
         <input_file_ref idref="fl-12"/>
      </object_component>
      <object_component id="oc-549">
         <name>.text:SysCtl_getTLVInfo</name>
         <load_address>0x2278</load_address>
         <run_address>0x2278</run_address>
         <size>0x54</size>
         <input_file_ref idref="fl-15"/>
      </object_component>
      <object_component id="oc-3ab">
         <name>.text:prvCheckTasksWaitingTermination</name>
         <load_address>0x22d0</load_address>
         <run_address>0x22d0</run_address>
         <size>0x54</size>
         <input_file_ref idref="fl-9"/>
      </object_component>
      <object_component id="oc-4e5">
         <name>.text:prvInsertTimerInActiveList</name>
         <load_address>0x2328</load_address>
         <run_address>0x2328</run_address>
         <size>0x54</size>
         <input_file_ref idref="fl-a"/>
      </object_component>
      <object_component id="oc-2cc">
         <name>.text:vTaskDelay</name>
         <load_address>0x2380</load_address>
         <run_address>0x2380</run_address>
         <size>0x54</size>
         <input_file_ref idref="fl-9"/>
      </object_component>
      <object_component id="oc-523">
         <name>.text:_CSGetDividerValue</name>
         <load_address>0x23d8</load_address>
         <run_address>0x23d8</run_address>
         <size>0x52</size>
         <input_file_ref idref="fl-f"/>
      </object_component>
      <object_component id="oc-417">
         <name>.text:PCM_getCoreVoltageLevel</name>
         <load_address>0x2430</load_address>
         <run_address>0x2430</run_address>
         <size>0x50</size>
         <input_file_ref idref="fl-14"/>
      </object_component>
      <object_component id="oc-543">
         <name>.text:_CSGetDOCFrequency</name>
         <load_address>0x2480</load_address>
         <run_address>0x2480</run_address>
         <size>0x50</size>
         <input_file_ref idref="fl-f"/>
      </object_component>
      <object_component id="oc-39f">
         <name>.text:prvGetExpectedIdleTime</name>
         <load_address>0x24d0</load_address>
         <run_address>0x24d0</run_address>
         <size>0x50</size>
         <input_file_ref idref="fl-9"/>
      </object_component>
      <object_component id="oc-382">
         <name>.text:prvCheckForValidListAndQueue</name>
         <load_address>0x2520</load_address>
         <run_address>0x2520</run_address>
         <size>0x4c</size>
         <input_file_ref idref="fl-a"/>
      </object_component>
      <object_component id="oc-211">
         <name>.text:xQueueGenericCreate</name>
         <load_address>0x2570</load_address>
         <run_address>0x2570</run_address>
         <size>0x4c</size>
         <input_file_ref idref="fl-7"/>
      </object_component>
      <object_component id="oc-205">
         <name>.text:prvConfigureClocks</name>
         <load_address>0x25c0</load_address>
         <run_address>0x25c0</run_address>
         <size>0x4a</size>
         <input_file_ref idref="fl-3"/>
      </object_component>
      <object_component id="oc-229">
         <name>.text:prvQueueSendTask</name>
         <load_address>0x2610</load_address>
         <run_address>0x2610</run_address>
         <size>0x48</size>
         <input_file_ref idref="fl-3"/>
      </object_component>
      <object_component id="oc-4d8">
         <name>.text:vQueueWaitForMessageRestricted</name>
         <load_address>0x2658</load_address>
         <run_address>0x2658</run_address>
         <size>0x48</size>
         <input_file_ref idref="fl-7"/>
      </object_component>
      <object_component id="oc-18c">
         <name>.text:__TI_auto_init_nobinit_nopinit:__TI_auto_init_nobinit_nopinit</name>
         <load_address>0x26a0</load_address>
         <run_address>0x26a0</run_address>
         <size>0x44</size>
         <input_file_ref idref="fl-e2"/>
      </object_component>
      <object_component id="oc-513">
         <name>.text:vTaskPlaceOnEventListRestricted</name>
         <load_address>0x26e8</load_address>
         <run_address>0x26e8</run_address>
         <size>0x40</size>
         <input_file_ref idref="fl-9"/>
      </object_component>
      <object_component id="oc-485">
         <name>.text:eTaskConfirmSleepModeStatus</name>
         <load_address>0x2728</load_address>
         <run_address>0x2728</run_address>
         <size>0x3c</size>
         <input_file_ref idref="fl-9"/>
      </object_component>
      <object_component id="oc-36f">
         <name>.text:vPortEnterCritical</name>
         <load_address>0x2768</load_address>
         <run_address>0x2768</run_address>
         <size>0x3c</size>
         <input_file_ref idref="fl-b"/>
      </object_component>
      <object_component id="oc-411">
         <name>.text:PCM_getPowerMode</name>
         <load_address>0x27a8</load_address>
         <run_address>0x27a8</run_address>
         <size>0x3a</size>
         <input_file_ref idref="fl-14"/>
      </object_component>
      <object_component id="oc-7a">
         <name>.text:_c_int00_noargs:_c_int00_noargs</name>
         <load_address>0x27e4</load_address>
         <run_address>0x27e4</run_address>
         <size>0x38</size>
         <input_file_ref idref="fl-db"/>
      </object_component>
      <object_component id="oc-44b">
         <name>.text:prvTaskExitError</name>
         <load_address>0x2820</load_address>
         <run_address>0x2820</run_address>
         <size>0x38</size>
         <input_file_ref idref="fl-b"/>
      </object_component>
      <object_component id="oc-3c4">
         <name>.text:vTaskPlaceOnEventList</name>
         <load_address>0x2858</load_address>
         <run_address>0x2858</run_address>
         <size>0x38</size>
         <input_file_ref idref="fl-9"/>
      </object_component>
      <object_component id="oc-4a2">
         <name>.text:vListInsert</name>
         <load_address>0x2890</load_address>
         <run_address>0x2890</run_address>
         <size>0x34</size>
         <input_file_ref idref="fl-6"/>
      </object_component>
      <object_component id="oc-491">
         <name>.text:vTaskStepTick</name>
         <load_address>0x28c8</load_address>
         <run_address>0x28c8</run_address>
         <size>0x34</size>
         <input_file_ref idref="fl-9"/>
      </object_component>
      <object_component id="oc-25b">
         <name>.text:FlashCtl_setWaitState</name>
         <load_address>0x2900</load_address>
         <run_address>0x2900</run_address>
         <size>0x30</size>
         <input_file_ref idref="fl-10"/>
      </object_component>
      <object_component id="oc-115">
         <name>.text:prvResetNextTaskUnblockTime</name>
         <load_address>0x2930</load_address>
         <run_address>0x2930</run_address>
         <size>0x30</size>
         <input_file_ref idref="fl-9"/>
      </object_component>
      <object_component id="oc-173">
         <name>.text:prvSetupHardware</name>
         <load_address>0x2960</load_address>
         <run_address>0x2960</run_address>
         <size>0x30</size>
         <input_file_ref idref="fl-2"/>
      </object_component>
      <object_component id="oc-37b">
         <name>.text:vPortExitCritical</name>
         <load_address>0x2990</load_address>
         <run_address>0x2990</run_address>
         <size>0x30</size>
         <input_file_ref idref="fl-b"/>
      </object_component>
      <object_component id="oc-267">
         <name>.text:CS_setDCOCenteredFrequency</name>
         <load_address>0x29c0</load_address>
         <run_address>0x29c0</run_address>
         <size>0x2c</size>
         <input_file_ref idref="fl-f"/>
      </object_component>
      <object_component id="oc-274">
         <name>.text:GPIO_setAsInputPinWithPullUpResistor</name>
         <load_address>0x29f0</load_address>
         <run_address>0x29f0</run_address>
         <size>0x2c</size>
         <input_file_ref idref="fl-12"/>
      </object_component>
      <object_component id="oc-4d6">
         <name>.text:prvSampleTimeNow</name>
         <load_address>0x2a20</load_address>
         <run_address>0x2a20</run_address>
         <size>0x2c</size>
         <input_file_ref idref="fl-a"/>
      </object_component>
      <object_component id="oc-368">
         <name>.text:pxPortInitialiseStack</name>
         <load_address>0x2a50</load_address>
         <run_address>0x2a50</run_address>
         <size>0x2c</size>
         <input_file_ref idref="fl-b"/>
      </object_component>
      <object_component id="oc-42">
         <name>.text:xPortSysTickHandler</name>
         <load_address>0x2a80</load_address>
         <run_address>0x2a80</run_address>
         <size>0x2c</size>
         <input_file_ref idref="fl-b"/>
      </object_component>
      <object_component id="oc-3dc">
         <name>.text:prvCopyDataFromQueue</name>
         <load_address>0x2ab0</load_address>
         <run_address>0x2ab0</run_address>
         <size>0x28</size>
         <input_file_ref idref="fl-7"/>
      </object_component>
      <object_component id="oc-11b">
         <name>.text:uxListRemove</name>
         <load_address>0x2ad8</load_address>
         <run_address>0x2ad8</run_address>
         <size>0x26</size>
         <input_file_ref idref="fl-6"/>
      </object_component>
      <object_component id="oc-52f">
         <name>.text:CS_clearInterruptFlag</name>
         <load_address>0x2b00</load_address>
         <run_address>0x2b00</run_address>
         <size>0x24</size>
         <input_file_ref idref="fl-f"/>
      </object_component>
      <object_component id="oc-463">
         <name>.text:prvGetNextExpireTime</name>
         <load_address>0x2b28</load_address>
         <run_address>0x2b28</run_address>
         <size>0x24</size>
         <input_file_ref idref="fl-a"/>
      </object_component>
      <object_component id="oc-1fe">
         <name>.text:GPIO_setAsOutputPin</name>
         <load_address>0x2b50</load_address>
         <run_address>0x2b50</run_address>
         <size>0x20</size>
         <input_file_ref idref="fl-12"/>
      </object_component>
      <object_component id="oc-3b8">
         <name>.text:xTaskGetSchedulerState</name>
         <load_address>0x2b70</load_address>
         <run_address>0x2b70</run_address>
         <size>0x20</size>
         <input_file_ref idref="fl-9"/>
      </object_component>
      <object_component id="oc-28d">
         <name>.text:prvInitialiseNewQueue</name>
         <load_address>0x2b90</load_address>
         <run_address>0x2b90</run_address>
         <size>0x1e</size>
         <input_file_ref idref="fl-7"/>
      </object_component>
      <object_component id="oc-3f3">
         <name>.text:prvIsQueueFull</name>
         <load_address>0x2bb0</load_address>
         <run_address>0x2bb0</run_address>
         <size>0x1e</size>
         <input_file_ref idref="fl-7"/>
      </object_component>
      <object_component id="oc-443">
         <name>.text:vListInitialise</name>
         <load_address>0x2bd0</load_address>
         <run_address>0x2bd0</run_address>
         <size>0x1e</size>
         <input_file_ref idref="fl-6"/>
      </object_component>
      <object_component id="oc-20b">
         <name>.text:prvConfigureButton</name>
         <load_address>0x2bf0</load_address>
         <run_address>0x2bf0</run_address>
         <size>0x1a</size>
         <input_file_ref idref="fl-3"/>
      </object_component>
      <object_component id="oc-3be">
         <name>.text:prvIsQueueEmpty</name>
         <load_address>0x2c10</load_address>
         <run_address>0x2c10</run_address>
         <size>0x1a</size>
         <input_file_ref idref="fl-7"/>
      </object_component>
      <object_component id="oc-388">
         <name>.text:prvTimerTask</name>
         <load_address>0x2c30</load_address>
         <run_address>0x2c30</run_address>
         <size>0x1a</size>
         <input_file_ref idref="fl-a"/>
      </object_component>
      <object_component id="oc-47b">
         <name>.text:CS_getMCLK</name>
         <load_address>0x2c50</load_address>
         <run_address>0x2c50</run_address>
         <size>0x18</size>
         <input_file_ref idref="fl-f"/>
      </object_component>
      <object_component id="oc-48">
         <name>.text:PORT1_IRQHandler</name>
         <load_address>0x2c68</load_address>
         <run_address>0x2c68</run_address>
         <size>0x18</size>
         <input_file_ref idref="fl-3"/>
      </object_component>
      <object_component id="oc-25">
         <name>.text:resetISR</name>
         <load_address>0x2c80</load_address>
         <run_address>0x2c80</run_address>
         <size>0x18</size>
         <input_file_ref idref="fl-19"/>
      </object_component>
      <object_component id="oc-121">
         <name>.text:vListInsertEnd</name>
         <load_address>0x2c98</load_address>
         <run_address>0x2c98</run_address>
         <size>0x18</size>
         <input_file_ref idref="fl-6"/>
      </object_component>
      <object_component id="oc-3d0">
         <name>.text:vTaskInternalSetTimeOutState</name>
         <load_address>0x2cb0</load_address>
         <run_address>0x2cb0</run_address>
         <size>0x18</size>
         <input_file_ref idref="fl-9"/>
      </object_component>
      <object_component id="oc-27a">
         <name>.text:GPIO_enableInterrupt</name>
         <load_address>0x2cc8</load_address>
         <run_address>0x2cc8</run_address>
         <size>0x14</size>
         <input_file_ref idref="fl-12"/>
      </object_component>
      <object_component id="oc-1f8">
         <name>.text:GPIO_setOutputLowOnPin</name>
         <load_address>0x2ce0</load_address>
         <run_address>0x2ce0</run_address>
         <size>0x14</size>
         <input_file_ref idref="fl-12"/>
      </object_component>
      <object_component id="oc-2c6">
         <name>.text:GPIO_toggleOutputOnPin</name>
         <load_address>0x2cf8</load_address>
         <run_address>0x2cf8</run_address>
         <size>0x14</size>
         <input_file_ref idref="fl-12"/>
      </object_component>
      <object_component id="oc-498">
         <name>.text:prvDeleteTCB</name>
         <load_address>0x2d10</load_address>
         <run_address>0x2d10</run_address>
         <size>0x12</size>
         <input_file_ref idref="fl-9"/>
      </object_component>
      <object_component id="oc-345">
         <name>.text:vApplicationMallocFailedHook</name>
         <load_address>0x2d28</load_address>
         <run_address>0x2d28</run_address>
         <size>0x12</size>
         <input_file_ref idref="fl-2"/>
      </object_component>
      <object_component id="oc-10b">
         <name>.text:vApplicationStackOverflowHook</name>
         <load_address>0x2d40</load_address>
         <run_address>0x2d40</run_address>
         <size>0x12</size>
         <input_file_ref idref="fl-2"/>
      </object_component>
      <object_component id="oc-1ec">
         <name>.text:FPU_enableModule</name>
         <load_address>0x2d58</load_address>
         <run_address>0x2d58</run_address>
         <size>0x10</size>
         <input_file_ref idref="fl-11"/>
      </object_component>
      <object_component id="oc-32d">
         <name>.text:vTaskSuspendAll</name>
         <load_address>0x2d68</load_address>
         <run_address>0x2d68</run_address>
         <size>0x10</size>
         <input_file_ref idref="fl-9"/>
      </object_component>
      <object_component id="oc-19">
         <name>.text:decompress:none:__TI_decompress_none</name>
         <load_address>0x2d78</load_address>
         <run_address>0x2d78</run_address>
         <size>0xe</size>
         <input_file_ref idref="fl-d9"/>
      </object_component>
      <object_component id="oc-e8">
         <name>.text:main</name>
         <load_address>0x2d88</load_address>
         <run_address>0x2d88</run_address>
         <size>0xe</size>
         <input_file_ref idref="fl-2"/>
      </object_component>
      <object_component id="oc-41d">
         <name>.text:PCM_getPowerState</name>
         <load_address>0x2d98</load_address>
         <run_address>0x2d98</run_address>
         <size>0xc</size>
         <input_file_ref idref="fl-14"/>
      </object_component>
      <object_component id="oc-6e">
         <name>.text:decompress:ZI:__TI_zero_init</name>
         <load_address>0x2da4</load_address>
         <run_address>0x2da4</run_address>
         <size>0xc</size>
         <input_file_ref idref="fl-d8"/>
      </object_component>
      <object_component id="oc-4a9">
         <name>.text:vTaskMissedYield</name>
         <load_address>0x2db0</load_address>
         <run_address>0x2db0</run_address>
         <size>0xc</size>
         <input_file_ref idref="fl-9"/>
      </object_component>
      <object_component id="oc-2d3">
         <name>.text:xTaskGetTickCount</name>
         <load_address>0x2dc0</load_address>
         <run_address>0x2dc0</run_address>
         <size>0xc</size>
         <input_file_ref idref="fl-9"/>
      </object_component>
      <object_component id="oc-261">
         <name>.text:PCM_setCoreVoltageLevel</name>
         <load_address>0x2dd0</load_address>
         <run_address>0x2dd0</run_address>
         <size>0x8</size>
         <input_file_ref idref="fl-14"/>
      </object_component>
      <object_component id="oc-423">
         <name>.text:PCM_setPowerMode</name>
         <load_address>0x2dd8</load_address>
         <run_address>0x2dd8</run_address>
         <size>0x8</size>
         <input_file_ref idref="fl-14"/>
      </object_component>
      <object_component id="oc-362">
         <name>.text:vListInitialiseItem</name>
         <load_address>0x2de0</load_address>
         <run_address>0x2de0</run_address>
         <size>0x6</size>
         <input_file_ref idref="fl-6"/>
      </object_component>
      <object_component id="oc-37">
         <name>.text:defaultISR</name>
         <load_address>0x2de8</load_address>
         <run_address>0x2de8</run_address>
         <size>0x2</size>
         <input_file_ref idref="fl-19"/>
      </object_component>
      <object_component id="oc-31">
         <name>.text:faultISR</name>
         <load_address>0x2df0</load_address>
         <run_address>0x2df0</run_address>
         <size>0x2</size>
         <input_file_ref idref="fl-19"/>
      </object_component>
      <object_component id="oc-2b">
         <name>.text:nmiISR</name>
         <load_address>0x2df8</load_address>
         <run_address>0x2df8</run_address>
         <size>0x2</size>
         <input_file_ref idref="fl-19"/>
      </object_component>
      <object_component id="oc-3b1">
         <name>.text:vApplicationIdleHook</name>
         <load_address>0x2e00</load_address>
         <run_address>0x2e00</run_address>
         <size>0x2</size>
         <input_file_ref idref="fl-2"/>
      </object_component>
      <object_component id="oc-127">
         <name>.text:vApplicationTickHook</name>
         <load_address>0x2e08</load_address>
         <run_address>0x2e08</run_address>
         <size>0x2</size>
         <input_file_ref idref="fl-3"/>
      </object_component>
      <object_component id="oc-48b">
         <name>.text:vPreSleepProcessing</name>
         <load_address>0x2e10</load_address>
         <run_address>0x2e10</run_address>
         <size>0x2</size>
         <input_file_ref idref="fl-3"/>
      </object_component>
      <object_component id="oc-329">
         <name>.const:g_pulEnRegs</name>
         <load_address>0x2e14</load_address>
         <run_address>0x2e14</run_address>
         <size>0x8</size>
         <input_file_ref idref="fl-13"/>
      </object_component>
      <object_component id="oc-9b">
         <name>.const</name>
         <load_address>0x2e1c</load_address>
         <run_address>0x2e1c</run_address>
         <size>0x8</size>
         <input_file_ref idref="fl-b"/>
      </object_component>
      <object_component id="oc-58a">
         <name>.cinit..data.load</name>
         <load_address>0x2e28</load_address>
         <run_address>0x2e28</run_address>
         <size>0x38</size>
      </object_component>
      <object_component id="oc-588">
         <name>__TI_handler_table</name>
         <load_address>0x2e60</load_address>
         <run_address>0x2e60</run_address>
         <size>0xc</size>
      </object_component>
      <object_component id="oc-58b">
         <name>.cinit..bss.load</name>
         <load_address>0x2e70</load_address>
         <run_address>0x2e70</run_address>
         <size>0x8</size>
      </object_component>
      <object_component id="oc-589">
         <name>__TI_cinit_table</name>
         <load_address>0x2e78</load_address>
         <run_address>0x2e78</run_address>
         <size>0x10</size>
      </object_component>
      <object_component id="oc-ac">
         <name>.data</name>
         <load_address>0x2000c9a8</load_address>
         <run_address>0x2000c9a8</run_address>
         <size>0x8</size>
         <input_file_ref idref="fl-3"/>
      </object_component>
      <object_component id="oc-98">
         <name>.data</name>
         <load_address>0x2000c910</load_address>
         <run_address>0x2000c910</run_address>
         <size>0x34</size>
         <input_file_ref idref="fl-9"/>
      </object_component>
      <object_component id="oc-38e">
         <name>.data</name>
         <load_address>0x2000c99c</load_address>
         <run_address>0x2000c99c</run_address>
         <size>0xc</size>
         <input_file_ref idref="fl-a"/>
      </object_component>
      <object_component id="oc-39b">
         <name>.data</name>
         <load_address>0x2000c974</load_address>
         <run_address>0x2000c974</run_address>
         <size>0x18</size>
         <input_file_ref idref="fl-b"/>
      </object_component>
      <object_component id="oc-34b">
         <name>.data</name>
         <load_address>0x2000c98c</load_address>
         <run_address>0x2000c98c</run_address>
         <size>0x10</size>
         <input_file_ref idref="fl-d"/>
      </object_component>
      <object_component id="oc-255">
         <name>.data:GPIO_PORT_TO_BASE</name>
         <load_address>0x2000c944</load_address>
         <run_address>0x2000c944</run_address>
         <size>0x30</size>
         <input_file_ref idref="fl-12"/>
      </object_component>
      <object_component id="oc-111">
         <name>.bss:pxReadyTasksLists</name>
         <uninitialized>true</uninitialized>
         <run_address>0x2000c800</run_address>
         <size>0x64</size>
         <input_file_ref idref="fl-9"/>
      </object_component>
      <object_component id="oc-12d">
         <name>.bss</name>
         <uninitialized>true</uninitialized>
         <run_address>0x2000c8f8</run_address>
         <size>0x8</size>
         <input_file_ref idref="fl-9"/>
      </object_component>
      <object_component id="oc-433">
         <name>.bss:xPendingReadyList</name>
         <uninitialized>true</uninitialized>
         <run_address>0x2000c8b4</run_address>
         <size>0x14</size>
         <input_file_ref idref="fl-9"/>
      </object_component>
      <object_component id="oc-455">
         <name>.bss:xTasksWaitingTermination</name>
         <uninitialized>true</uninitialized>
         <run_address>0x2000c8dc</run_address>
         <size>0x14</size>
         <input_file_ref idref="fl-9"/>
      </object_component>
      <object_component id="oc-458">
         <name>.bss:xSuspendedTaskList</name>
         <uninitialized>true</uninitialized>
         <run_address>0x2000c8c8</run_address>
         <size>0x14</size>
         <input_file_ref idref="fl-9"/>
      </object_component>
      <object_component id="oc-453">
         <name>.bss:xDelayedTaskList1$1</name>
         <uninitialized>true</uninitialized>
         <run_address>0x2000c88c</run_address>
         <size>0x14</size>
         <input_file_ref idref="fl-9"/>
      </object_component>
      <object_component id="oc-454">
         <name>.bss:xDelayedTaskList2$2</name>
         <uninitialized>true</uninitialized>
         <run_address>0x2000c8a0</run_address>
         <size>0x14</size>
         <input_file_ref idref="fl-9"/>
      </object_component>
      <object_component id="oc-45f">
         <name>.bss</name>
         <uninitialized>true</uninitialized>
         <run_address>0x2000c900</run_address>
         <size>0x8</size>
         <input_file_ref idref="fl-a"/>
      </object_component>
      <object_component id="oc-45d">
         <name>.bss:xActiveTimerList1$2</name>
         <uninitialized>true</uninitialized>
         <run_address>0x2000c864</run_address>
         <size>0x14</size>
         <input_file_ref idref="fl-a"/>
      </object_component>
      <object_component id="oc-45e">
         <name>.bss:xActiveTimerList2$3</name>
         <uninitialized>true</uninitialized>
         <run_address>0x2000c878</run_address>
         <size>0x14</size>
         <input_file_ref idref="fl-a"/>
      </object_component>
      <object_component id="oc-42e">
         <name>.bss:ucHeap</name>
         <uninitialized>true</uninitialized>
         <run_address>0x20000000</run_address>
         <size>0xc800</size>
         <input_file_ref idref="fl-d"/>
      </object_component>
      <object_component id="oc-34e">
         <name>.bss:xStart</name>
         <uninitialized>true</uninitialized>
         <run_address>0x2000c908</run_address>
         <size>0x8</size>
         <input_file_ref idref="fl-d"/>
      </object_component>
      <object_component id="oc-535">
         <name>.bss</name>
         <uninitialized>true</uninitialized>
         <run_address>0x2000c8f0</run_address>
         <size>0x8</size>
         <input_file_ref idref="fl-f"/>
      </object_component>
      <object_component id="oc-22">
         <name>.stack</name>
         <uninitialized>true</uninitialized>
         <run_address>0x2000fce0</run_address>
         <size>0x4</size>
         <input_file_ref idref="fl-db"/>
      </object_component>
      <object_component id="oc-58c">
         <name>.stack</name>
         <uninitialized>true</uninitialized>
         <run_address>0x2000fce0</run_address>
         <size>0x0</size>
      </object_component>
      <object_component id="oc-15d">
         <name>.debug_info</name>
         <load_address>0x0</load_address>
         <run_address>0x0</run_address>
         <size>0x7e4</size>
         <input_file_ref idref="fl-2"/>
      </object_component>
      <object_component id="oc-10c">
         <name>.debug_info</name>
         <load_address>0x7e4</load_address>
         <run_address>0x7e4</run_address>
         <size>0x14c</size>
         <input_file_ref idref="fl-2"/>
      </object_component>
      <object_component id="oc-346">
         <name>.debug_info</name>
         <load_address>0x930</load_address>
         <run_address>0x930</run_address>
         <size>0x113</size>
         <input_file_ref idref="fl-2"/>
      </object_component>
      <object_component id="oc-3b2">
         <name>.debug_info</name>
         <load_address>0xa43</load_address>
         <run_address>0xa43</run_address>
         <size>0x10e</size>
         <input_file_ref idref="fl-2"/>
      </object_component>
      <object_component id="oc-174">
         <name>.debug_info</name>
         <load_address>0xb51</load_address>
         <run_address>0xb51</run_address>
         <size>0x18b</size>
         <input_file_ref idref="fl-2"/>
      </object_component>
      <object_component id="oc-e9">
         <name>.debug_info</name>
         <load_address>0xcdc</load_address>
         <run_address>0xcdc</run_address>
         <size>0x119</size>
         <input_file_ref idref="fl-2"/>
      </object_component>
      <object_component id="oc-13f">
         <name>.debug_info</name>
         <load_address>0xdf5</load_address>
         <run_address>0xdf5</run_address>
         <size>0x315</size>
         <input_file_ref idref="fl-2"/>
      </object_component>
      <object_component id="oc-c2">
         <name>.debug_info</name>
         <load_address>0x110a</load_address>
         <run_address>0x110a</run_address>
         <size>0x26b</size>
         <input_file_ref idref="fl-2"/>
      </object_component>
      <object_component id="oc-b8">
         <name>.debug_info</name>
         <load_address>0x1375</load_address>
         <run_address>0x1375</run_address>
         <size>0x1055</size>
         <input_file_ref idref="fl-2"/>
      </object_component>
      <object_component id="oc-b3">
         <name>.debug_info</name>
         <load_address>0x23ca</load_address>
         <run_address>0x23ca</run_address>
         <size>0x37e2</size>
         <input_file_ref idref="fl-2"/>
      </object_component>
      <object_component id="oc-55a">
         <name>.debug_info</name>
         <load_address>0x5bac</load_address>
         <run_address>0x5bac</run_address>
         <size>0x1b5</size>
         <input_file_ref idref="fl-2"/>
      </object_component>
      <object_component id="oc-14e">
         <name>.debug_info</name>
         <load_address>0x5d61</load_address>
         <run_address>0x5d61</run_address>
         <size>0x461</size>
         <input_file_ref idref="fl-2"/>
      </object_component>
      <object_component id="oc-13a">
         <name>.debug_info</name>
         <load_address>0x61c2</load_address>
         <run_address>0x61c2</run_address>
         <size>0x8b</size>
         <input_file_ref idref="fl-2"/>
      </object_component>
      <object_component id="oc-153">
         <name>.debug_info</name>
         <load_address>0x624d</load_address>
         <run_address>0x624d</run_address>
         <size>0x2c</size>
         <input_file_ref idref="fl-2"/>
      </object_component>
      <object_component id="oc-15e">
         <name>.debug_info</name>
         <load_address>0x6279</load_address>
         <run_address>0x6279</run_address>
         <size>0x297</size>
         <input_file_ref idref="fl-2"/>
      </object_component>
      <object_component id="oc-158">
         <name>.debug_info</name>
         <load_address>0x6510</load_address>
         <run_address>0x6510</run_address>
         <size>0xef</size>
         <input_file_ref idref="fl-2"/>
      </object_component>
      <object_component id="oc-bd">
         <name>.debug_info</name>
         <load_address>0x65ff</load_address>
         <run_address>0x65ff</run_address>
         <size>0xbb</size>
         <input_file_ref idref="fl-2"/>
      </object_component>
      <object_component id="oc-fe">
         <name>.debug_info</name>
         <load_address>0x66ba</load_address>
         <run_address>0x66ba</run_address>
         <size>0x53</size>
         <input_file_ref idref="fl-2"/>
      </object_component>
      <object_component id="oc-144">
         <name>.debug_info</name>
         <load_address>0x670d</load_address>
         <run_address>0x670d</run_address>
         <size>0xcc</size>
         <input_file_ref idref="fl-2"/>
      </object_component>
      <object_component id="oc-149">
         <name>.debug_info</name>
         <load_address>0x67d9</load_address>
         <run_address>0x67d9</run_address>
         <size>0x14c</size>
         <input_file_ref idref="fl-2"/>
      </object_component>
      <object_component id="oc-b0">
         <name>.debug_info</name>
         <load_address>0x6925</load_address>
         <run_address>0x6925</run_address>
         <size>0xac5</size>
         <input_file_ref idref="fl-3"/>
      </object_component>
      <object_component id="oc-ad">
         <name>.debug_info</name>
         <load_address>0x73ea</load_address>
         <run_address>0x73ea</run_address>
         <size>0xcc</size>
         <input_file_ref idref="fl-3"/>
      </object_component>
      <object_component id="oc-48c">
         <name>.debug_info</name>
         <load_address>0x74b6</load_address>
         <run_address>0x74b6</run_address>
         <size>0x14b</size>
         <input_file_ref idref="fl-3"/>
      </object_component>
      <object_component id="oc-128">
         <name>.debug_info</name>
         <load_address>0x7601</load_address>
         <run_address>0x7601</run_address>
         <size>0x120</size>
         <input_file_ref idref="fl-3"/>
      </object_component>
      <object_component id="oc-22a">
         <name>.debug_info</name>
         <load_address>0x7721</load_address>
         <run_address>0x7721</run_address>
         <size>0x1de</size>
         <input_file_ref idref="fl-3"/>
      </object_component>
      <object_component id="oc-224">
         <name>.debug_info</name>
         <load_address>0x78ff</load_address>
         <run_address>0x78ff</run_address>
         <size>0x202</size>
         <input_file_ref idref="fl-3"/>
      </object_component>
      <object_component id="oc-206">
         <name>.debug_info</name>
         <load_address>0x7b01</load_address>
         <run_address>0x7b01</run_address>
         <size>0x1f4</size>
         <input_file_ref idref="fl-3"/>
      </object_component>
      <object_component id="oc-20c">
         <name>.debug_info</name>
         <load_address>0x7cf5</load_address>
         <run_address>0x7cf5</run_address>
         <size>0x181</size>
         <input_file_ref idref="fl-3"/>
      </object_component>
      <object_component id="oc-17a">
         <name>.debug_info</name>
         <load_address>0x7e76</load_address>
         <run_address>0x7e76</run_address>
         <size>0x18b</size>
         <input_file_ref idref="fl-3"/>
      </object_component>
      <object_component id="oc-49">
         <name>.debug_info</name>
         <load_address>0x8001</load_address>
         <run_address>0x8001</run_address>
         <size>0x12b</size>
         <input_file_ref idref="fl-3"/>
      </object_component>
      <object_component id="oc-133">
         <name>.debug_info</name>
         <load_address>0x812c</load_address>
         <run_address>0x812c</run_address>
         <size>0x4f</size>
         <input_file_ref idref="fl-3"/>
      </object_component>
      <object_component id="oc-251">
         <name>.debug_info</name>
         <load_address>0x817b</load_address>
         <run_address>0x817b</run_address>
         <size>0x4c6</size>
         <input_file_ref idref="fl-4"/>
      </object_component>
      <object_component id="oc-1db">
         <name>.debug_info</name>
         <load_address>0x8641</load_address>
         <run_address>0x8641</run_address>
         <size>0x461</size>
         <input_file_ref idref="fl-4"/>
      </object_component>
      <object_component id="oc-57">
         <name>.debug_info</name>
         <load_address>0x8aa2</load_address>
         <run_address>0x8aa2</run_address>
         <size>0x84</size>
         <input_file_ref idref="fl-4"/>
      </object_component>
      <object_component id="oc-315">
         <name>.debug_info</name>
         <load_address>0x8b26</load_address>
         <run_address>0x8b26</run_address>
         <size>0xcc</size>
         <input_file_ref idref="fl-4"/>
      </object_component>
      <object_component id="oc-1d6">
         <name>.debug_info</name>
         <load_address>0x8bf2</load_address>
         <run_address>0x8bf2</run_address>
         <size>0x53</size>
         <input_file_ref idref="fl-4"/>
      </object_component>
      <object_component id="oc-250">
         <name>.debug_info</name>
         <load_address>0x8c45</load_address>
         <run_address>0x8c45</run_address>
         <size>0x9f1</size>
         <input_file_ref idref="fl-5"/>
      </object_component>
      <object_component id="oc-1ca">
         <name>.debug_info</name>
         <load_address>0x9636</load_address>
         <run_address>0x9636</run_address>
         <size>0x110</size>
         <input_file_ref idref="fl-5"/>
      </object_component>
      <object_component id="oc-1cf">
         <name>.debug_info</name>
         <load_address>0x9746</load_address>
         <run_address>0x9746</run_address>
         <size>0x461</size>
         <input_file_ref idref="fl-5"/>
      </object_component>
      <object_component id="oc-309">
         <name>.debug_info</name>
         <load_address>0x9ba7</load_address>
         <run_address>0x9ba7</run_address>
         <size>0x76</size>
         <input_file_ref idref="fl-5"/>
      </object_component>
      <object_component id="oc-30e">
         <name>.debug_info</name>
         <load_address>0x9c1d</load_address>
         <run_address>0x9c1d</run_address>
         <size>0x39</size>
         <input_file_ref idref="fl-5"/>
      </object_component>
      <object_component id="oc-1c5">
         <name>.debug_info</name>
         <load_address>0x9c56</load_address>
         <run_address>0x9c56</run_address>
         <size>0x4f</size>
         <input_file_ref idref="fl-5"/>
      </object_component>
      <object_component id="oc-1e5">
         <name>.debug_info</name>
         <load_address>0x9ca5</load_address>
         <run_address>0x9ca5</run_address>
         <size>0x648</size>
         <input_file_ref idref="fl-6"/>
      </object_component>
      <object_component id="oc-122">
         <name>.debug_info</name>
         <load_address>0xa2ed</load_address>
         <run_address>0xa2ed</run_address>
         <size>0x1dd</size>
         <input_file_ref idref="fl-6"/>
      </object_component>
      <object_component id="oc-4a3">
         <name>.debug_info</name>
         <load_address>0xa4ca</load_address>
         <run_address>0xa4ca</run_address>
         <size>0x208</size>
         <input_file_ref idref="fl-6"/>
      </object_component>
      <object_component id="oc-363">
         <name>.debug_info</name>
         <load_address>0xa6d2</load_address>
         <run_address>0xa6d2</run_address>
         <size>0x18a</size>
         <input_file_ref idref="fl-6"/>
      </object_component>
      <object_component id="oc-444">
         <name>.debug_info</name>
         <load_address>0xa85c</load_address>
         <run_address>0xa85c</run_address>
         <size>0x182</size>
         <input_file_ref idref="fl-6"/>
      </object_component>
      <object_component id="oc-11c">
         <name>.debug_info</name>
         <load_address>0xa9de</load_address>
         <run_address>0xa9de</run_address>
         <size>0x1b5</size>
         <input_file_ref idref="fl-6"/>
      </object_component>
      <object_component id="oc-299">
         <name>.debug_info</name>
         <load_address>0xab93</load_address>
         <run_address>0xab93</run_address>
         <size>0xbef</size>
         <input_file_ref idref="fl-7"/>
      </object_component>
      <object_component id="oc-3bf">
         <name>.debug_info</name>
         <load_address>0xb782</load_address>
         <run_address>0xb782</run_address>
         <size>0x1d7</size>
         <input_file_ref idref="fl-7"/>
      </object_component>
      <object_component id="oc-3cb">
         <name>.debug_info</name>
         <load_address>0xb959</load_address>
         <run_address>0xb959</run_address>
         <size>0x285</size>
         <input_file_ref idref="fl-7"/>
      </object_component>
      <object_component id="oc-3dd">
         <name>.debug_info</name>
         <load_address>0xbbde</load_address>
         <run_address>0xbbde</run_address>
         <size>0x1d4</size>
         <input_file_ref idref="fl-7"/>
      </object_component>
      <object_component id="oc-2c1">
         <name>.debug_info</name>
         <load_address>0xbdb2</load_address>
         <run_address>0xbdb2</run_address>
         <size>0x47f</size>
         <input_file_ref idref="fl-7"/>
      </object_component>
      <object_component id="oc-3f4">
         <name>.debug_info</name>
         <load_address>0xc231</load_address>
         <run_address>0xc231</run_address>
         <size>0x1d5</size>
         <input_file_ref idref="fl-7"/>
      </object_component>
      <object_component id="oc-3fa">
         <name>.debug_info</name>
         <load_address>0xc406</load_address>
         <run_address>0xc406</run_address>
         <size>0x268</size>
         <input_file_ref idref="fl-7"/>
      </object_component>
      <object_component id="oc-2e0">
         <name>.debug_info</name>
         <load_address>0xc66e</load_address>
         <run_address>0xc66e</run_address>
         <size>0x4c2</size>
         <input_file_ref idref="fl-7"/>
      </object_component>
      <object_component id="oc-51d">
         <name>.debug_info</name>
         <load_address>0xcb30</load_address>
         <run_address>0xcb30</run_address>
         <size>0x377</size>
         <input_file_ref idref="fl-7"/>
      </object_component>
      <object_component id="oc-354">
         <name>.debug_info</name>
         <load_address>0xcea7</load_address>
         <run_address>0xcea7</run_address>
         <size>0x259</size>
         <input_file_ref idref="fl-7"/>
      </object_component>
      <object_component id="oc-28e">
         <name>.debug_info</name>
         <load_address>0xd100</load_address>
         <run_address>0xd100</run_address>
         <size>0x2a2</size>
         <input_file_ref idref="fl-7"/>
      </object_component>
      <object_component id="oc-212">
         <name>.debug_info</name>
         <load_address>0xd3a2</load_address>
         <run_address>0xd3a2</run_address>
         <size>0x2c6</size>
         <input_file_ref idref="fl-7"/>
      </object_component>
      <object_component id="oc-4d9">
         <name>.debug_info</name>
         <load_address>0xd668</load_address>
         <run_address>0xd668</run_address>
         <size>0x2c1</size>
         <input_file_ref idref="fl-7"/>
      </object_component>
      <object_component id="oc-35c">
         <name>.debug_info</name>
         <load_address>0xd929</load_address>
         <run_address>0xd929</run_address>
         <size>0x1ef</size>
         <input_file_ref idref="fl-7"/>
      </object_component>
      <object_component id="oc-294">
         <name>.debug_info</name>
         <load_address>0xdb18</load_address>
         <run_address>0xdb18</run_address>
         <size>0x46</size>
         <input_file_ref idref="fl-7"/>
      </object_component>
      <object_component id="oc-16a">
         <name>.debug_info</name>
         <load_address>0xdb5e</load_address>
         <run_address>0xdb5e</run_address>
         <size>0x2c</size>
         <input_file_ref idref="fl-8"/>
      </object_component>
      <object_component id="oc-fd">
         <name>.debug_info</name>
         <load_address>0xdb8a</load_address>
         <run_address>0xdb8a</run_address>
         <size>0xc49</size>
         <input_file_ref idref="fl-9"/>
      </object_component>
      <object_component id="oc-99">
         <name>.debug_info</name>
         <load_address>0xe7d3</load_address>
         <run_address>0xe7d3</run_address>
         <size>0x354</size>
         <input_file_ref idref="fl-9"/>
      </object_component>
      <object_component id="oc-112">
         <name>.debug_info</name>
         <load_address>0xeb27</load_address>
         <run_address>0xeb27</run_address>
         <size>0xfb</size>
         <input_file_ref idref="fl-9"/>
      </object_component>
      <object_component id="oc-12e">
         <name>.debug_info</name>
         <load_address>0xec22</load_address>
         <run_address>0xec22</run_address>
         <size>0x13e</size>
         <input_file_ref idref="fl-9"/>
      </object_component>
      <object_component id="oc-434">
         <name>.debug_info</name>
         <load_address>0xed60</load_address>
         <run_address>0xed60</run_address>
         <size>0xfb</size>
         <input_file_ref idref="fl-9"/>
      </object_component>
      <object_component id="oc-456">
         <name>.debug_info</name>
         <load_address>0xee5b</load_address>
         <run_address>0xee5b</run_address>
         <size>0x109</size>
         <input_file_ref idref="fl-9"/>
      </object_component>
      <object_component id="oc-459">
         <name>.debug_info</name>
         <load_address>0xef64</load_address>
         <run_address>0xef64</run_address>
         <size>0xfd</size>
         <input_file_ref idref="fl-9"/>
      </object_component>
      <object_component id="oc-116">
         <name>.debug_info</name>
         <load_address>0xf061</load_address>
         <run_address>0xf061</run_address>
         <size>0x188</size>
         <input_file_ref idref="fl-9"/>
      </object_component>
      <object_component id="oc-a6">
         <name>.debug_info</name>
         <load_address>0xf1e9</load_address>
         <run_address>0xf1e9</run_address>
         <size>0x28e</size>
         <input_file_ref idref="fl-9"/>
      </object_component>
      <object_component id="oc-340">
         <name>.debug_info</name>
         <load_address>0xf477</load_address>
         <run_address>0xf477</run_address>
         <size>0x266</size>
         <input_file_ref idref="fl-9"/>
      </object_component>
      <object_component id="oc-3e3">
         <name>.debug_info</name>
         <load_address>0xf6dd</load_address>
         <run_address>0xf6dd</run_address>
         <size>0x260</size>
         <input_file_ref idref="fl-9"/>
      </object_component>
      <object_component id="oc-4b7">
         <name>.debug_info</name>
         <load_address>0xf93d</load_address>
         <run_address>0xf93d</run_address>
         <size>0x20a</size>
         <input_file_ref idref="fl-9"/>
      </object_component>
      <object_component id="oc-3eb">
         <name>.debug_info</name>
         <load_address>0xfb47</load_address>
         <run_address>0xfb47</run_address>
         <size>0x2b5</size>
         <input_file_ref idref="fl-9"/>
      </object_component>
      <object_component id="oc-2d4">
         <name>.debug_info</name>
         <load_address>0xfdfc</load_address>
         <run_address>0xfdfc</run_address>
         <size>0x17b</size>
         <input_file_ref idref="fl-9"/>
      </object_component>
      <object_component id="oc-3b9">
         <name>.debug_info</name>
         <load_address>0xff77</load_address>
         <run_address>0xff77</run_address>
         <size>0x187</size>
         <input_file_ref idref="fl-9"/>
      </object_component>
      <object_component id="oc-2a1">
         <name>.debug_info</name>
         <load_address>0x100fe</load_address>
         <run_address>0x100fe</run_address>
         <size>0x3a7</size>
         <input_file_ref idref="fl-9"/>
      </object_component>
      <object_component id="oc-376">
         <name>.debug_info</name>
         <load_address>0x104a5</load_address>
         <run_address>0x104a5</run_address>
         <size>0x26e</size>
         <input_file_ref idref="fl-9"/>
      </object_component>
      <object_component id="oc-2a7">
         <name>.debug_info</name>
         <load_address>0x10713</load_address>
         <run_address>0x10713</run_address>
         <size>0x204</size>
         <input_file_ref idref="fl-9"/>
      </object_component>
      <object_component id="oc-218">
         <name>.debug_info</name>
         <load_address>0x10917</load_address>
         <run_address>0x10917</run_address>
         <size>0x33b</size>
         <input_file_ref idref="fl-9"/>
      </object_component>
      <object_component id="oc-3d1">
         <name>.debug_info</name>
         <load_address>0x10c52</load_address>
         <run_address>0x10c52</run_address>
         <size>0x1ae</size>
         <input_file_ref idref="fl-9"/>
      </object_component>
      <object_component id="oc-3d7">
         <name>.debug_info</name>
         <load_address>0x10e00</load_address>
         <run_address>0x10e00</run_address>
         <size>0x29b</size>
         <input_file_ref idref="fl-9"/>
      </object_component>
      <object_component id="oc-9f">
         <name>.debug_info</name>
         <load_address>0x1109b</load_address>
         <run_address>0x1109b</run_address>
         <size>0x1e3</size>
         <input_file_ref idref="fl-9"/>
      </object_component>
      <object_component id="oc-32e">
         <name>.debug_info</name>
         <load_address>0x1127e</load_address>
         <run_address>0x1127e</run_address>
         <size>0x15e</size>
         <input_file_ref idref="fl-9"/>
      </object_component>
      <object_component id="oc-492">
         <name>.debug_info</name>
         <load_address>0x113dc</load_address>
         <run_address>0x113dc</run_address>
         <size>0x19c</size>
         <input_file_ref idref="fl-9"/>
      </object_component>
      <object_component id="oc-21e">
         <name>.debug_info</name>
         <load_address>0x11578</load_address>
         <run_address>0x11578</run_address>
         <size>0x1c5</size>
         <input_file_ref idref="fl-9"/>
      </object_component>
      <object_component id="oc-514">
         <name>.debug_info</name>
         <load_address>0x1173d</load_address>
         <run_address>0x1173d</run_address>
         <size>0x28e</size>
         <input_file_ref idref="fl-9"/>
      </object_component>
      <object_component id="oc-3c5">
         <name>.debug_info</name>
         <load_address>0x119cb</load_address>
         <run_address>0x119cb</run_address>
         <size>0x221</size>
         <input_file_ref idref="fl-9"/>
      </object_component>
      <object_component id="oc-4aa">
         <name>.debug_info</name>
         <load_address>0x11bec</load_address>
         <run_address>0x11bec</run_address>
         <size>0x160</size>
         <input_file_ref idref="fl-9"/>
      </object_component>
      <object_component id="oc-499">
         <name>.debug_info</name>
         <load_address>0x11d4c</load_address>
         <run_address>0x11d4c</run_address>
         <size>0x19d</size>
         <input_file_ref idref="fl-9"/>
      </object_component>
      <object_component id="oc-2da">
         <name>.debug_info</name>
         <load_address>0x11ee9</load_address>
         <run_address>0x11ee9</run_address>
         <size>0x2b9</size>
         <input_file_ref idref="fl-9"/>
      </object_component>
      <object_component id="oc-2cd">
         <name>.debug_info</name>
         <load_address>0x121a2</load_address>
         <run_address>0x121a2</run_address>
         <size>0x211</size>
         <input_file_ref idref="fl-9"/>
      </object_component>
      <object_component id="oc-3ac">
         <name>.debug_info</name>
         <load_address>0x123b3</load_address>
         <run_address>0x123b3</run_address>
         <size>0x1e7</size>
         <input_file_ref idref="fl-9"/>
      </object_component>
      <object_component id="oc-3a0">
         <name>.debug_info</name>
         <load_address>0x1259a</load_address>
         <run_address>0x1259a</run_address>
         <size>0x1c3</size>
         <input_file_ref idref="fl-9"/>
      </object_component>
      <object_component id="oc-2ba">
         <name>.debug_info</name>
         <load_address>0x1275d</load_address>
         <run_address>0x1275d</run_address>
         <size>0x262</size>
         <input_file_ref idref="fl-9"/>
      </object_component>
      <object_component id="oc-486">
         <name>.debug_info</name>
         <load_address>0x129bf</load_address>
         <run_address>0x129bf</run_address>
         <size>0x191</size>
         <input_file_ref idref="fl-9"/>
      </object_component>
      <object_component id="oc-103">
         <name>.debug_info</name>
         <load_address>0x12b50</load_address>
         <run_address>0x12b50</run_address>
         <size>0x30c</size>
         <input_file_ref idref="fl-9"/>
      </object_component>
      <object_component id="oc-1c0">
         <name>.debug_info</name>
         <load_address>0x12e5c</load_address>
         <run_address>0x12e5c</run_address>
         <size>0x146</size>
         <input_file_ref idref="fl-9"/>
      </object_component>
      <object_component id="oc-476">
         <name>.debug_info</name>
         <load_address>0x12fa2</load_address>
         <run_address>0x12fa2</run_address>
         <size>0xb35</size>
         <input_file_ref idref="fl-a"/>
      </object_component>
      <object_component id="oc-460">
         <name>.debug_info</name>
         <load_address>0x13ad7</load_address>
         <run_address>0x13ad7</run_address>
         <size>0x133</size>
         <input_file_ref idref="fl-a"/>
      </object_component>
      <object_component id="oc-392">
         <name>.debug_info</name>
         <load_address>0x13c0a</load_address>
         <run_address>0x13c0a</run_address>
         <size>0x11f</size>
         <input_file_ref idref="fl-a"/>
      </object_component>
      <object_component id="oc-4ec">
         <name>.debug_info</name>
         <load_address>0x13d29</load_address>
         <run_address>0x13d29</run_address>
         <size>0x352</size>
         <input_file_ref idref="fl-a"/>
      </object_component>
      <object_component id="oc-383">
         <name>.debug_info</name>
         <load_address>0x1407b</load_address>
         <run_address>0x1407b</run_address>
         <size>0x253</size>
         <input_file_ref idref="fl-a"/>
      </object_component>
      <object_component id="oc-2ae">
         <name>.debug_info</name>
         <load_address>0x142ce</load_address>
         <run_address>0x142ce</run_address>
         <size>0x1bb</size>
         <input_file_ref idref="fl-a"/>
      </object_component>
      <object_component id="oc-464">
         <name>.debug_info</name>
         <load_address>0x14489</load_address>
         <run_address>0x14489</run_address>
         <size>0x1df</size>
         <input_file_ref idref="fl-a"/>
      </object_component>
      <object_component id="oc-50e">
         <name>.debug_info</name>
         <load_address>0x14668</load_address>
         <run_address>0x14668</run_address>
         <size>0x221</size>
         <input_file_ref idref="fl-a"/>
      </object_component>
      <object_component id="oc-38f">
         <name>.debug_info</name>
         <load_address>0x14889</load_address>
         <run_address>0x14889</run_address>
         <size>0x244</size>
         <input_file_ref idref="fl-a"/>
      </object_component>
      <object_component id="oc-4e6">
         <name>.debug_info</name>
         <load_address>0x14acd</load_address>
         <run_address>0x14acd</run_address>
         <size>0x2b7</size>
         <input_file_ref idref="fl-a"/>
      </object_component>
      <object_component id="oc-4df">
         <name>.debug_info</name>
         <load_address>0x14d84</load_address>
         <run_address>0x14d84</run_address>
         <size>0x25b</size>
         <input_file_ref idref="fl-a"/>
      </object_component>
      <object_component id="oc-46a">
         <name>.debug_info</name>
         <load_address>0x14fdf</load_address>
         <run_address>0x14fdf</run_address>
         <size>0x309</size>
         <input_file_ref idref="fl-a"/>
      </object_component>
      <object_component id="oc-470">
         <name>.debug_info</name>
         <load_address>0x152e8</load_address>
         <run_address>0x152e8</run_address>
         <size>0x2ce</size>
         <input_file_ref idref="fl-a"/>
      </object_component>
      <object_component id="oc-389">
         <name>.debug_info</name>
         <load_address>0x155b6</load_address>
         <run_address>0x155b6</run_address>
         <size>0x1f6</size>
         <input_file_ref idref="fl-a"/>
      </object_component>
      <object_component id="oc-4f2">
         <name>.debug_info</name>
         <load_address>0x157ac</load_address>
         <run_address>0x157ac</run_address>
         <size>0x1e2</size>
         <input_file_ref idref="fl-a"/>
      </object_component>
      <object_component id="oc-4f9">
         <name>.debug_info</name>
         <load_address>0x1598e</load_address>
         <run_address>0x1598e</run_address>
         <size>0x46</size>
         <input_file_ref idref="fl-a"/>
      </object_component>
      <object_component id="oc-10a">
         <name>.debug_info</name>
         <load_address>0x159d4</load_address>
         <run_address>0x159d4</run_address>
         <size>0x82a</size>
         <input_file_ref idref="fl-b"/>
      </object_component>
      <object_component id="oc-9c">
         <name>.debug_info</name>
         <load_address>0x161fe</load_address>
         <run_address>0x161fe</run_address>
         <size>0x170</size>
         <input_file_ref idref="fl-b"/>
      </object_component>
      <object_component id="oc-39c">
         <name>.debug_info</name>
         <load_address>0x1636e</load_address>
         <run_address>0x1636e</run_address>
         <size>0x24b</size>
         <input_file_ref idref="fl-b"/>
      </object_component>
      <object_component id="oc-43">
         <name>.debug_info</name>
         <load_address>0x165b9</load_address>
         <run_address>0x165b9</run_address>
         <size>0x1be</size>
         <input_file_ref idref="fl-b"/>
      </object_component>
      <object_component id="oc-396">
         <name>.debug_info</name>
         <load_address>0x16777</load_address>
         <run_address>0x16777</run_address>
         <size>0x1f3</size>
         <input_file_ref idref="fl-b"/>
      </object_component>
      <object_component id="oc-2b4">
         <name>.debug_info</name>
         <load_address>0x1696a</load_address>
[...]
         <unused_space>0x3330</unused_space>
         <attributes>RW</attributes>
         <usage_details>
            <allocated_space>
               <start_address>0x20000000</start_address>
               <size>0xc910</size>
               <logical_group_ref idref="lg-c"/>
            </allocated_space>
            <allocated_space>
               <start_address>0x2000c910</start_address>
               <size>0xa0</size>
               <logical_group_ref idref="lg-b"/>
            </allocated_space>
            <available_space>
               <start_address>0x2000c9b0</start_address>
               <size>0x3330</size>
            </available_space>
            <allocated_space>
               <start_address>0x2000fce0</start_address>
               <size>0x320</size>
               <logical_group_ref idref="lg-e"/>
            </allocated_space>
         </usage_details>
      </memory_area>
   </placement_map>
   <cptbl_list>
      <cptbl>
         <name>__TI_cinit_table</name>
         <cprec>
            <name>.data</name>
            <load_address>0x2e28</load_address>
            <load_size>0x38</load_size>
            <run_address>0x2000c910</run_address>
            <run_size>0xa0</run_size>
            <compression>lzss</compression>
         </cprec>
         <cprec>
            <name>.bss</name>
            <load_address>0x2e70</load_address>
            <load_size>0x8</load_size>
            <run_address>0x20000000</run_address>
            <run_size>0xc910</run_size>
            <compression>zero_init</compression>
         </cprec>
      </cptbl>
   </cptbl_list>
   <handler_table>
      <handler_table_name>__TI_handler_table</handler_table_name>
      <handler>
         <index>0x0</index>
         <name>__TI_decompress_lzss</name>
      </handler>
      <handler>
         <index>0x1</index>
         <name>__TI_decompress_none</name>
      </handler>
      <handler>
         <index>0x2</index>
         <name>__TI_zero_init</name>
      </handler>
   </handler_table>
   <symbol_table>
      <symbol id="sm-1">
         <name>WDTCTL_SYM</name>
         <value>0x4000480c</value>
      </symbol>
      <symbol id="sm-2">
         <name>__TI_CINIT_Base</name>
         <value>0x2e78</value>
      </symbol>
      <symbol id="sm-3">
         <name>__TI_CINIT_Limit</name>
         <value>0x2e88</value>
      </symbol>
      <symbol id="sm-4">
         <name>__TI_Handler_Table_Base</name>
         <value>0x2e60</value>
      </symbol>
      <symbol id="sm-5">
         <name>__TI_Handler_Table_Limit</name>
         <value>0x2e6c</value>
      </symbol>
      <symbol id="sm-6">
         <name>binit</name>
         <value>0xffffffff</value>
      </symbol>
      <symbol id="sm-7">
         <name>__binit__</name>
         <value>0xffffffff</value>
      </symbol>
      <symbol id="sm-8">
         <name>__STACK_SIZE</name>
         <value>0x320</value>
      </symbol>
      <symbol id="sm-9">
         <name>__STACK_END</name>
         <value>0x20010000</value>
      </symbol>
      <symbol id="sm-a">
         <name>__c_args__</name>
         <value>0xffffffff</value>
      </symbol>
      <symbol id="sm-b">
         <name>__TI_pprof_out_hndl</name>
         <value>0xffffffff</value>
      </symbol>
      <symbol id="sm-c">
         <name>__TI_prof_data_start</name>
         <value>0xffffffff</value>
      </symbol>
      <symbol id="sm-d">
         <name>__TI_prof_data_size</name>
         <value>0xffffffff</value>
      </symbol>
      <symbol id="sm-9a">
         <name>vApplicationStackOverflowHook</name>
         <value>0x2d41</value>
         <object_component_ref idref="oc-10b"/>
      </symbol>
      <symbol id="sm-9b">
         <name>vApplicationIdleHook</name>
         <value>0x2e01</value>
         <object_component_ref idref="oc-3b1"/>
      </symbol>
      <symbol id="sm-9c">
         <name>main</name>
         <value>0x2d89</value>
         <object_component_ref idref="oc-e8"/>
      </symbol>
      <symbol id="sm-9d">
         <name>vApplicationMallocFailedHook</name>
         <value>0x2d29</value>
         <object_component_ref idref="oc-345"/>
      </symbol>
      <symbol id="sm-109">
         <name>vPreSleepProcessing</name>
         <value>0x2e11</value>
         <object_component_ref idref="oc-48b"/>
      </symbol>
      <symbol id="sm-10a">
         <name>main_demo</name>
         <value>0x20b1</value>
         <object_component_ref idref="oc-179"/>
      </symbol>
      <symbol id="sm-10b">
         <name>PORT1_IRQHandler</name>
         <value>0x2c69</value>
         <object_component_ref idref="oc-48"/>
      </symbol>
      <symbol id="sm-10c">
         <name>vApplicationTickHook</name>
         <value>0x2e09</value>
         <object_component_ref idref="oc-127"/>
      </symbol>
      <symbol id="sm-172">
         <name>uxListRemove</name>
         <value>0x2ad9</value>
         <object_component_ref idref="oc-11b"/>
      </symbol>
      <symbol id="sm-173">
         <name>vListInsert</name>
         <value>0x2891</value>
         <object_component_ref idref="oc-4a2"/>
      </symbol>
      <symbol id="sm-174">
         <name>vListInitialiseItem</name>
         <value>0x2de1</value>
         <object_component_ref idref="oc-362"/>
      </symbol>
      <symbol id="sm-175">
         <name>vListInsertEnd</name>
         <value>0x2c99</value>
         <object_component_ref idref="oc-121"/>
      </symbol>
      <symbol id="sm-176">
         <name>vListInitialise</name>
         <value>0x2bd1</value>
         <object_component_ref idref="oc-443"/>
      </symbol>
      <symbol id="sm-247">
         <name>xQueueGenericSendFromISR</name>
         <value>0x1119</value>
         <object_component_ref idref="oc-51c"/>
      </symbol>
      <symbol id="sm-248">
         <name>xQueueGenericCreate</name>
         <value>0x2571</value>
         <object_component_ref idref="oc-211"/>
      </symbol>
      <symbol id="sm-249">
         <name>xQueueGenericSend</name>
         <value>0x149</value>
         <object_component_ref idref="oc-2df"/>
      </symbol>
      <symbol id="sm-24a">
         <name>xQueueGenericReset</name>
         <value>0x1809</value>
         <object_component_ref idref="oc-353"/>
      </symbol>
      <symbol id="sm-24b">
         <name>vQueueWaitForMessageRestricted</name>
         <value>0x2659</value>
         <object_component_ref idref="oc-4d8"/>
      </symbol>
      <symbol id="sm-24c">
         <name>xQueueReceive</name>
         <value>0x2e1</value>
         <object_component_ref idref="oc-2c0"/>
      </symbol>
      <symbol id="sm-483">
         <name>vTaskDelay</name>
         <value>0x2381</value>
         <object_component_ref idref="oc-2cc"/>
      </symbol>
      <symbol id="sm-484">
         <name>vTaskSuspendAll</name>
         <value>0x2d69</value>
         <object_component_ref idref="oc-32d"/>
      </symbol>
      <symbol id="sm-485">
         <name>vTaskPlaceOnEventList</name>
         <value>0x2859</value>
         <object_component_ref idref="oc-3c4"/>
      </symbol>
      <symbol id="sm-486">
         <name>xTaskCheckForTimeOut</name>
         <value>0x1771</value>
         <object_component_ref idref="oc-3d6"/>
      </symbol>
      <symbol id="sm-487">
         <name>xTaskPriorityDisinherit</name>
         <value>0x11e9</value>
         <object_component_ref idref="oc-4b6"/>
      </symbol>
      <symbol id="sm-488">
         <name>vTaskStartScheduler</name>
         <value>0x1921</value>
         <object_component_ref idref="oc-21d"/>
      </symbol>
      <symbol id="sm-489">
         <name>vTaskInternalSetTimeOutState</name>
         <value>0x2cb1</value>
         <object_component_ref idref="oc-3d0"/>
      </symbol>
      <symbol id="sm-48a">
         <name>xTaskCreate</name>
         <value>0x1fe1</value>
         <object_component_ref idref="oc-217"/>
      </symbol>
      <symbol id="sm-48b">
         <name>vTaskDelayUntil</name>
         <value>0x1379</value>
         <object_component_ref idref="oc-2d9"/>
      </symbol>
      <symbol id="sm-48c">
         <name>vTaskMissedYield</name>
         <value>0x2db1</value>
         <object_component_ref idref="oc-4a9"/>
      </symbol>
      <symbol id="sm-48d">
         <name>vTaskStepTick</name>
         <value>0x28c9</value>
         <object_component_ref idref="oc-491"/>
      </symbol>
      <symbol id="sm-48e">
         <name>xTaskResumeAll</name>
         <value>0xb79</value>
         <object_component_ref idref="oc-33f"/>
      </symbol>
      <symbol id="sm-48f">
         <name>xTaskGetTickCount</name>
         <value>0x2dc1</value>
         <object_component_ref idref="oc-2d3"/>
      </symbol>
      <symbol id="sm-490">
         <name>pxCurrentTCB</name>
         <value>0x2000c910</value>
         <object_component_ref idref="oc-98"/>
      </symbol>
      <symbol id="sm-491">
         <name>vTaskPlaceOnEventListRestricted</name>
         <value>0x26e9</value>
         <object_component_ref idref="oc-513"/>
      </symbol>
      <symbol id="sm-492">
         <name>xTaskIncrementTick</name>
         <value>0x591</value>
         <object_component_ref idref="oc-a5"/>
      </symbol>
      <symbol id="sm-493">
         <name>vTaskSwitchContext</name>
         <value>0x1431</value>
         <object_component_ref idref="oc-9e"/>
      </symbol>
      <symbol id="sm-494">
         <name>xTaskGetSchedulerState</name>
         <value>0x2b71</value>
         <object_component_ref idref="oc-3b8"/>
      </symbol>
      <symbol id="sm-495">
         <name>xTaskRemoveFromEventList</name>
         <value>0x1639</value>
         <object_component_ref idref="oc-3e2"/>
      </symbol>
      <symbol id="sm-496">
         <name>eTaskConfirmSleepModeStatus</name>
         <value>0x2729</value>
         <object_component_ref idref="oc-485"/>
      </symbol>
      <symbol id="sm-56a">
         <name>xTimerCreateTimerTask</name>
         <value>0x21c9</value>
         <object_component_ref idref="oc-2ad"/>
      </symbol>
      <symbol id="sm-56b">
         <name>xTimerGenericCommand</name>
         <value>0x1b99</value>
         <object_component_ref idref="oc-4eb"/>
      </symbol>
      <symbol id="sm-612">
         <name>ulMaxSyscallInterruptPriority</name>
         <value>0x2e1c</value>
         <object_component_ref idref="oc-9b"/>
      </symbol>
      <symbol id="sm-613">
         <name>vPortSetupTimerInterrupt</name>
         <value>0x1f79</value>
         <object_component_ref idref="oc-395"/>
      </symbol>
      <symbol id="sm-614">
         <name>vPortSuppressTicksAndSleep</name>
         <value>0x6d9</value>
         <object_component_ref idref="oc-3a5"/>
      </symbol>
      <symbol id="sm-615">
         <name>xPortSysTickHandler</name>
         <value>0x2a81</value>
         <object_component_ref idref="oc-42"/>
      </symbol>
      <symbol id="sm-616">
         <name>vPortValidateInterruptPriority</name>
         <value>0x2049</value>
         <object_component_ref idref="oc-53b"/>
      </symbol>
      <symbol id="sm-617">
         <name>pxPortInitialiseStack</name>
         <value>0x2a51</value>
         <object_component_ref idref="oc-368"/>
      </symbol>
      <symbol id="sm-618">
         <name>vPortExitCritical</name>
         <value>0x2991</value>
         <object_component_ref idref="oc-37b"/>
      </symbol>
      <symbol id="sm-619">
         <name>xPortStartScheduler</name>
         <value>0xe91</value>
         <object_component_ref idref="oc-2b3"/>
      </symbol>
      <symbol id="sm-61a">
         <name>vPortEnterCritical</name>
         <value>0x2769</value>
         <object_component_ref idref="oc-36f"/>
      </symbol>
      <symbol id="sm-629">
         <name>vPortStartFirstTask</name>
         <value>0x1015</value>
         <object_component_ref idref="oc-3d"/>
      </symbol>
      <symbol id="sm-62a">
         <name>ulPortGetIPSR</name>
         <value>0xf7d</value>
         <object_component_ref idref="oc-3d"/>
      </symbol>
      <symbol id="sm-62b">
         <name>vPortEnableVFP</name>
         <value>0x1039</value>
         <object_component_ref idref="oc-3d"/>
      </symbol>
      <symbol id="sm-62c">
         <name>xPortPendSVHandler</name>
         <value>0xf95</value>
         <object_component_ref idref="oc-3d"/>
      </symbol>
      <symbol id="sm-62d">
         <name>vPortSVCHandler</name>
         <value>0xff5</value>
         <object_component_ref idref="oc-3d"/>
      </symbol>
      <symbol id="sm-6a2">
         <name>pvPortMalloc</name>
         <value>0x811</value>
         <object_component_ref idref="oc-287"/>
      </symbol>
      <symbol id="sm-6a3">
         <name>vPortFree</name>
         <value>0x1a29</value>
         <object_component_ref idref="oc-29a"/>
      </symbol>
      <symbol id="sm-753">
         <name>CS_getMCLK</name>
         <value>0x2c51</value>
         <object_component_ref idref="oc-47b"/>
      </symbol>
      <symbol id="sm-754">
         <name>CS_clearInterruptFlag</name>
         <value>0x2b01</value>
         <object_component_ref idref="oc-52f"/>
      </symbol>
      <symbol id="sm-755">
         <name>CS_getDCOFrequency</name>
         <value>0x449</value>
         <object_component_ref idref="oc-529"/>
      </symbol>
      <symbol id="sm-756">
         <name>CS_setDCOCenteredFrequency</name>
         <value>0x29c1</value>
         <object_component_ref idref="oc-267"/>
      </symbol>
      <symbol id="sm-757">
         <name>CS_initClockSignal</name>
         <value>0x941</value>
         <object_component_ref idref="oc-26d"/>
      </symbol>
      <symbol id="sm-766">
         <name>FlashCtl_setWaitState</name>
         <value>0x2901</value>
         <object_component_ref idref="oc-25b"/>
      </symbol>
      <symbol id="sm-772">
         <name>FPU_enableModule</name>
         <value>0x2d59</value>
         <object_component_ref idref="oc-1ec"/>
      </symbol>
      <symbol id="sm-7bd">
         <name>GPIO_setAsInputPinWithPullUpResistor</name>
         <value>0x29f1</value>
         <object_component_ref idref="oc-274"/>
      </symbol>
      <symbol id="sm-7be">
         <name>GPIO_enableInterrupt</name>
         <value>0x2cc9</value>
         <object_component_ref idref="oc-27a"/>
      </symbol>
      <symbol id="sm-7bf">
         <name>GPIO_setAsOutputPin</name>
         <value>0x2b51</value>
         <object_component_ref idref="oc-1fe"/>
      </symbol>
      <symbol id="sm-7c0">
         <name>GPIO_setOutputLowOnPin</name>
         <value>0x2ce1</value>
         <object_component_ref idref="oc-1f8"/>
      </symbol>
      <symbol id="sm-7c1">
         <name>GPIO_toggleOutputOnPin</name>
         <value>0x2cf9</value>
         <object_component_ref idref="oc-2c6"/>
      </symbol>
      <symbol id="sm-7c2">
         <name>GPIO_setAsPeripheralModuleFunctionInputPin</name>
         <value>0x2221</value>
         <object_component_ref idref="oc-1f2"/>
      </symbol>
      <symbol id="sm-7df">
         <name>Interrupt_enableInterrupt</name>
         <value>0x1b21</value>
         <object_component_ref idref="oc-280"/>
      </symbol>
      <symbol id="sm-84c">
         <name>PCM_setCoreVoltageLevel</name>
         <value>0x2dd1</value>
         <object_component_ref idref="oc-261"/>
      </symbol>
      <symbol id="sm-84d">
         <name>PCM_getCoreVoltageLevel</name>
         <value>0x2431</value>
         <object_component_ref idref="oc-417"/>
      </symbol>
      <symbol id="sm-84e">
         <name>PCM_getPowerMode</name>
         <value>0x27a9</value>
         <object_component_ref idref="oc-411"/>
      </symbol>
      <symbol id="sm-84f">
         <name>PCM_getPowerState</name>
         <value>0x2d99</value>
         <object_component_ref idref="oc-41d"/>
      </symbol>
      <symbol id="sm-850">
         <name>PCM_setPowerMode</name>
         <value>0x2dd9</value>
         <object_component_ref idref="oc-423"/>
      </symbol>
      <symbol id="sm-866">
         <name>SysCtl_getTLVInfo</name>
         <value>0x2279</value>
         <object_component_ref idref="oc-549"/>
      </symbol>
      <symbol id="sm-89d">
         <name>interruptVectors</name>
         <value>0x0</value>
         <object_component_ref idref="oc-10"/>
      </symbol>
      <symbol id="sm-8af">
         <name>SystemInit</name>
         <value>0x1e41</value>
         <object_component_ref idref="oc-8e"/>
      </symbol>
      <symbol id="sm-8cb">
         <name>memcpy</name>
         <value>0x159d</value>
         <object_component_ref idref="oc-5c"/>
      </symbol>
      <symbol id="sm-8cc">
         <name>__aeabi_memcpy</name>
         <value>0x159d</value>
         <object_component_ref idref="oc-5c"/>
      </symbol>
      <symbol id="sm-8cd">
         <name>__aeabi_memcpy8</name>
         <value>0x159d</value>
         <object_component_ref idref="oc-5c"/>
      </symbol>
      <symbol id="sm-8ce">
         <name>__aeabi_memcpy4</name>
         <value>0x159d</value>
         <object_component_ref idref="oc-5c"/>
      </symbol>
      <symbol id="sm-8dd">
         <name>__aeabi_memset</name>
         <value>0x1aa7</value>
         <object_component_ref idref="oc-dc"/>
      </symbol>
      <symbol id="sm-8de">
         <name>memset</name>
         <value>0x1aad</value>
         <object_component_ref idref="oc-dc"/>
      </symbol>
      <symbol id="sm-8df">
         <name>__aeabi_memset8</name>
         <value>0x1aa7</value>
         <object_component_ref idref="oc-dc"/>
      </symbol>
      <symbol id="sm-8e0">
         <name>__aeabi_memset4</name>
         <value>0x1aa7</value>
         <object_component_ref idref="oc-dc"/>
      </symbol>
      <symbol id="sm-8e1">
         <name>__aeabi_memclr8</name>
         <value>0x1aa5</value>
         <object_component_ref idref="oc-dc"/>
      </symbol>
      <symbol id="sm-8e2">
         <name>__aeabi_memclr4</name>
         <value>0x1aa5</value>
         <object_component_ref idref="oc-dc"/>
      </symbol>
      <symbol id="sm-8e3">
         <name>__aeabi_memclr</name>
         <value>0x1aa5</value>
         <object_component_ref idref="oc-dc"/>
      </symbol>
      <symbol id="sm-8f5">
         <name>__TI_zero_init</name>
         <value>0x2da5</value>
         <object_component_ref idref="oc-6e"/>
      </symbol>
      <symbol id="sm-90c">
         <name>__TI_decompress_none</name>
         <value>0x2d79</value>
         <object_component_ref idref="oc-19"/>
      </symbol>
      <symbol id="sm-92f">
         <name>__TI_decompress_lzss</name>
         <value>0x1ea9</value>
         <object_component_ref idref="oc-13"/>
      </symbol>
      <symbol id="sm-942">
         <name>__stack</name>
         <value>0x2000fce0</value>
         <object_component_ref idref="oc-22"/>
      </symbol>
      <symbol id="sm-943">
         <name>_c_int00_noargs</name>
         <value>0x27e5</value>
         <object_component_ref idref="oc-7a"/>
      </symbol>
      <symbol id="sm-94e">
         <name>C$$EXIT</name>
         <value>0x445</value>
         <object_component_ref idref="oc-180"/>
      </symbol>
      <symbol id="sm-94f">
         <name>abort</name>
         <value>0x445</value>
         <object_component_ref idref="oc-180"/>
      </symbol>
      <symbol id="sm-97c">
         <name>__TI_auto_init_nobinit_nopinit</name>
         <value>0x26a1</value>
         <object_component_ref idref="oc-18c"/>
      </symbol>
      <symbol id="sm-986">
         <name>_system_pre_init</name>
         <value>0x2dd</value>
         <object_component_ref idref="oc-e2"/>
      </symbol>
      <symbol id="sm-988">
         <name>__TI_static_base__</name>
         <value>0x0</value>
      </symbol>
      <symbol id="sm-98b">
         <name>__mpu_init</name>
         <value>0x0</value>
      </symbol>
      <symbol id="sm-98c">
         <name>_system_post_cinit</name>
         <value>0x0</value>
      </symbol>
   </symbol_table>
   <title>Link successful</title>
</link_info>
