******************************************************************************
                  TI ARM Linker PC v18.1.1                     
******************************************************************************
>> Linked Tue Sep  4 17:52:59 2018

OUTPUT FILE NAME:   <FreeRTOSDemo.out>
ENTRY POINT SYMBOL: "_c_int00_noargs"  address: 00002d15


MEMORY CONFIGURATION

         name            origin    length      used     unused   attr    fill
----------------------  --------  ---------  --------  --------  ----  --------
  MAIN                  00000000   00040000  0000349a  0003cb66  R  X
  INFO                  00200000   00004000  00000000  00004000  R  X
  SRAM_CODE             01000000   00010000  00000000  00010000  RW X
  SRAM_DATA             20000000   00010000  0000ceb4  0000314c  RW  


SEGMENT ALLOCATION MAP

run origin  load origin   length   init length attrs members
----------  ----------- ---------- ----------- ----- -------
00000000    00000000    000034a0   000034a0    r-x
  00000000    00000000    00000144   00000144    r-- .intvecs
  00000148    00000148    000032da   000032da    r-x .text
  00003424    00003424    00000014   00000014    r-- .const
  00003438    00003438    00000068   00000068    r-- .cinit
20000000    20000000    0000cb94   00000000    rw-
  20000000    20000000    0000c918   00000000    rw- .bss
  2000c918    2000c918    0000027c   00000000    rw- .data
2000fce0    2000fce0    00000320   00000000    rw-
  2000fce0    2000fce0    00000320   00000000    rw- .stack


SECTION ALLOCATION MAP

 output                                  attributes/
section   page    origin      length       input sections
--------  ----  ----------  ----------   ----------------
.intvecs   0    00000000    00000144     
                  00000000    00000144     msp432_startup_ccs.obj (.intvecs:retain)

.text      0    00000148    000032da     
                  00000148    000001c0     IntQueue.obj (.text:xSecondTimerHandler)
                  00000308    00000194     queue.obj (.text:xQueueGenericSend)
                  0000049c    00000004     rtsv7M4_T_le_v4SPD16_eabi.lib : pre_init.c.obj (.text:_system_pre_init)
                  000004a0    00000164     queue.obj (.text:xQueueReceive)
                  00000604    00000004     rtsv7M4_T_le_v4SPD16_eabi.lib : exit.c.obj (.text:abort:abort)
                  00000608    00000148     cs.obj (.text:CS_getDCOFrequency)
                  00000750    00000148     tasks.obj (.text:xTaskIncrementTick)
                  00000898    00000134     port.obj (.text:vPortSuppressTicksAndSleep)
                  000009cc    00000004     --HOLE-- [fill = 0]
                  000009d0    00000130     IntQueue.obj (.text:xFirstTimerHandler)
                  00000b00    0000012c     heap_4.obj (.text:pvPortMalloc)
                  00000c2c    00000004     --HOLE-- [fill = 0]
                  00000c30    0000011c     cs.obj (.text:CS_initClockSignal)
                  00000d4c    00000004     --HOLE-- [fill = 0]
                  00000d50    00000114     cs.obj (.text:_CSComputeCLKFrequency)
                  00000e64    00000004     --HOLE-- [fill = 0]
                  00000e68    0000010c     tasks.obj (.text:xTaskResumeAll)
                  00000f74    00000004     --HOLE-- [fill = 0]
                  00000f78    00000108     pcm.obj (.text:__PCM_setPowerModeAdvanced)
                  00001080    00000100     timers.obj (.text:prvProcessReceivedCommands)
                  00001180    000000e0     tasks.obj (.text:vTaskNotifyGiveFromISR)
                  00001260    000000dc     port.obj (.text:xPortStartScheduler)
                  0000133c    000000da     portasm.obj (.text)
                  00001416    00000002     --HOLE-- [fill = 0]
                  00001418    000000d0     pcm.obj (.text:__PCM_setCoreVoltageLevelAdvanced)
                  000014e8    000000ce     queue.obj (.text:xQueueGenericSendFromISR)
                  000015b6    00000002     --HOLE-- [fill = 0]
                  000015b8    000000c8     tasks.obj (.text:xTaskPriorityDisinherit)
                  00001680    000000c6     tasks.obj (.text:prvInitialiseNewTask)
                  00001746    00000002     --HOLE-- [fill = 0]
                  00001748    000000b8     tasks.obj (.text:vTaskDelayUntil)
                  00001800    000000b8     tasks.obj (.text:vTaskSwitchContext)
                  000018b8    000000b4     tasks.obj (.text:prvAddNewTaskToReadyList)
                  0000196c    00000004     --HOLE-- [fill = 0]
                  00001970    000000b4     serial.obj (.text:vUART_Handler)
                  00001a24    00000004     --HOLE-- [fill = 0]
                  00001a28    0000009e     queue.obj (.text:xQueueReceiveFromISR)
                  00001ac6    0000009c     rtsv7M4_T_le_v4SPD16_eabi.lib : memcpy_t2.asm.obj (.text)
                  00001b62    00000006     --HOLE-- [fill = 0]
                  00001b68    0000009c     tasks.obj (.text:xTaskRemoveFromEventList)
                  00001c04    00000004     --HOLE-- [fill = 0]
                  00001c08    00000094     timers.obj (.text:prvSwitchTimerLists)
                  00001c9c    00000004     --HOLE-- [fill = 0]
                  00001ca0    00000094     tasks.obj (.text:xTaskCheckForTimeOut)
                  00001d34    00000004     --HOLE-- [fill = 0]
                  00001d38    00000090     queue.obj (.text:xQueueGenericReset)
                  00001dc8    00000088     tasks.obj (.text:prvAddCurrentTaskToDelayedList)
                  00001e50    00000084     tasks.obj (.text:vTaskStartScheduler)
                  00001ed4    00000004     --HOLE-- [fill = 0]
                  00001ed8    0000007c     tasks.obj (.text:prvIdleTask)
                  00001f54    00000004     --HOLE-- [fill = 0]
                  00001f58    0000007c     heap_4.obj (.text:vPortFree)
                  00001fd4    0000007a     rtsv7M4_T_le_v4SPD16_eabi.lib : memset_t2.asm.obj (.text)
                  0000204e    00000002     --HOLE-- [fill = 0]
                  00002050    00000078     interrupt.obj (.text:Interrupt_enableInterrupt)
                  000020c8    00000074     timers.obj (.text:xTimerGenericCommand)
                  0000213c    00000004     --HOLE-- [fill = 0]
                  00002140    00000070     queue.obj (.text:prvCopyDataToQueue)
                  000021b0    00000070     heap_4.obj (.text:prvHeapInit)
                  00002220    00000070     tasks.obj (.text:prvInitialiseTaskLists)
                  00002290    00000070     timers.obj (.text:prvProcessTimerOrBlockTask)
                  00002300    0000006c     queue.obj (.text:prvUnlockQueue)
                  0000236c    00000004     --HOLE-- [fill = 0]
                  00002370    00000068     system_msp432p401r.obj (.text:SystemInit)
                  000023d8    00000068     rtsv7M4_T_le_v4SPD16_eabi.lib : copy_decompress_lzss.c.obj (.text:decompress:lzss:__TI_decompress_lzss)
                  00002440    00000068     heap_4.obj (.text:prvInsertBlockIntoFreeList)
                  000024a8    00000068     port.obj (.text:vPortSetupTimerInterrupt)
                  00002510    00000068     tasks.obj (.text:xTaskCreate)
                  00002578    00000064     port.obj (.text:vPortValidateInterruptPriority)
                  000025dc    00000004     --HOLE-- [fill = 0]
                  000025e0    00000060     main_blinky.obj (.text:main_blinky)
                  00002640    00000060     timers.obj (.text:prvProcessExpiredTimer)
                  000026a0    00000058     main_blinky.obj (.text:prvQueueReceiveTask)
                  000026f8    00000058     timers.obj (.text:xTimerCreateTimerTask)
                  00002750    00000054     gpio.obj (.text:GPIO_setAsPeripheralModuleFunctionInputPin)
                  000027a4    00000004     --HOLE-- [fill = 0]
                  000027a8    00000054     sysctl.obj (.text:SysCtl_getTLVInfo)
                  000027fc    00000004     --HOLE-- [fill = 0]
                  00002800    00000054     tasks.obj (.text:prvCheckTasksWaitingTermination)
                  00002854    00000004     --HOLE-- [fill = 0]
                  00002858    00000054     timers.obj (.text:prvInsertTimerInActiveList)
                  000028ac    00000004     --HOLE-- [fill = 0]
                  000028b0    00000054     tasks.obj (.text:vTaskDelay)
                  00002904    00000004     --HOLE-- [fill = 0]
                  00002908    00000052     cs.obj (.text:_CSGetDividerValue)
                  0000295a    00000006     --HOLE-- [fill = 0]
                  00002960    00000050     pcm.obj (.text:PCM_getCoreVoltageLevel)
                  000029b0    00000050     cs.obj (.text:_CSGetDOCFrequency)
                  00002a00    00000050     tasks.obj (.text:prvGetExpectedIdleTime)
                  00002a50    0000004c     timers.obj (.text:prvCheckForValidListAndQueue)
                  00002a9c    00000004     --HOLE-- [fill = 0]
                  00002aa0    0000004c     queue.obj (.text:xQueueGenericCreate)
                  00002aec    00000004     --HOLE-- [fill = 0]
                  00002af0    0000004a     main_blinky.obj (.text:prvConfigureClocks)
                  00002b3a    00000006     --HOLE-- [fill = 0]
                  00002b40    00000048     main_blinky.obj (.text:prvQueueSendTask)
                  00002b88    00000048     queue.obj (.text:vQueueWaitForMessageRestricted)
                  00002bd0    00000044     rtsv7M4_T_le_v4SPD16_eabi.lib : autoinit.c.obj (.text:__TI_auto_init_nobinit_nopinit:__TI_auto_init_nobinit_nopinit)
                  00002c14    00000004     --HOLE-- [fill = 0]
                  00002c18    00000040     tasks.obj (.text:vTaskPlaceOnEventListRestricted)
                  00002c58    0000003c     tasks.obj (.text:eTaskConfirmSleepModeStatus)
                  00002c94    00000004     --HOLE-- [fill = 0]
                  00002c98    0000003c     port.obj (.text:vPortEnterCritical)
                  00002cd4    00000004     --HOLE-- [fill = 0]
                  00002cd8    0000003a     pcm.obj (.text:PCM_getPowerMode)
                  00002d12    00000002     --HOLE-- [fill = 0]
                  00002d14    00000038     rtsv7M4_T_le_v4SPD16_eabi.lib : boot_cortex_m.c.obj (.text:_c_int00_noargs:_c_int00_noargs)
                  00002d4c    00000004     --HOLE-- [fill = 0]
                  00002d50    00000038     port.obj (.text:prvTaskExitError)
                  00002d88    00000038     tasks.obj (.text:vTaskPlaceOnEventList)
                  00002dc0    00000034     list.obj (.text:vListInsert)
                  00002df4    00000004     --HOLE-- [fill = 0]
                  00002df8    00000034     IntQueueTimer.obj (.text:vT32_0_Handler)
                  00002e2c    00000004     --HOLE-- [fill = 0]
                  00002e30    00000034     IntQueueTimer.obj (.text:vT32_1_Handler)
                  00002e64    00000004     --HOLE-- [fill = 0]
                  00002e68    00000034     tasks.obj (.text:vTaskStepTick)
                  00002e9c    00000004     --HOLE-- [fill = 0]
                  00002ea0    00000030     flash.obj (.text:FlashCtl_setWaitState)
                  00002ed0    00000030     tasks.obj (.text:prvResetNextTaskUnblockTime)
                  00002f00    00000030     main.obj (.text:prvSetupHardware)
                  00002f30    00000030     port.obj (.text:vPortExitCritical)
                  00002f60    0000002c     cs.obj (.text:CS_setDCOCenteredFrequency)
                  00002f8c    00000004     --HOLE-- [fill = 0]
                  00002f90    0000002c     gpio.obj (.text:GPIO_setAsInputPinWithPullUpResistor)
                  00002fbc    00000004     --HOLE-- [fill = 0]
                  00002fc0    0000002c     timers.obj (.text:prvSampleTimeNow)
                  00002fec    00000004     --HOLE-- [fill = 0]
                  00002ff0    0000002c     port.obj (.text:pxPortInitialiseStack)
                  0000301c    00000004     --HOLE-- [fill = 0]
                  00003020    0000002c     port.obj (.text:xPortSysTickHandler)
                  0000304c    00000004     --HOLE-- [fill = 0]
                  00003050    0000002c     queue.obj (.text:xQueueIsQueueFullFromISR)
                  0000307c    00000004     --HOLE-- [fill = 0]
                  00003080    00000028     queue.obj (.text:prvCopyDataFromQueue)
                  000030a8    00000026     list.obj (.text:uxListRemove)
                  000030ce    00000002     --HOLE-- [fill = 0]
                  000030d0    00000024     cs.obj (.text:CS_clearInterruptFlag)
                  000030f4    00000004     --HOLE-- [fill = 0]
                  000030f8    00000024     timers.obj (.text:prvGetNextExpireTime)
                  0000311c    00000004     --HOLE-- [fill = 0]
                  00003120    00000020     gpio.obj (.text:GPIO_setAsOutputPin)
                  00003140    00000020     IntQueue.obj (.text:prvRecordValue_NormallyEmpty)
                  00003160    00000020     IntQueue.obj (.text:prvRecordValue_NormallyFull)
                  00003180    00000020     tasks.obj (.text:xTaskGetSchedulerState)
                  000031a0    0000001e     queue.obj (.text:prvInitialiseNewQueue)
                  000031be    00000002     --HOLE-- [fill = 0]
                  000031c0    0000001e     queue.obj (.text:prvIsQueueFull)
                  000031de    00000002     --HOLE-- [fill = 0]
                  000031e0    0000001e     list.obj (.text:vListInitialise)
                  000031fe    00000002     --HOLE-- [fill = 0]
                  00003200    0000001a     main_blinky.obj (.text:prvConfigureButton)
                  0000321a    00000006     --HOLE-- [fill = 0]
                  00003220    0000001a     queue.obj (.text:prvIsQueueEmpty)
                  0000323a    00000006     --HOLE-- [fill = 0]
                  00003240    0000001a     timers.obj (.text:prvTimerTask)
                  0000325a    00000006     --HOLE-- [fill = 0]
                  00003260    00000018     cs.obj (.text:CS_getMCLK)
                  00003278    00000018     msp432_startup_ccs.obj (.text:resetISR)
                  00003290    00000018     list.obj (.text:vListInsertEnd)
                  000032a8    00000018     tasks.obj (.text:vTaskInternalSetTimeOutState)
                  000032c0    00000014     gpio.obj (.text:GPIO_enableInterrupt)
                  000032d4    00000004     --HOLE-- [fill = 0]
                  000032d8    00000014     gpio.obj (.text:GPIO_setOutputLowOnPin)
                  000032ec    00000004     --HOLE-- [fill = 0]
                  000032f0    00000014     gpio.obj (.text:GPIO_toggleOutputOnPin)
                  00003304    00000004     --HOLE-- [fill = 0]
                  00003308    00000014     IntQueue.obj (.text:prvQueueAccessLogError)
                  0000331c    00000004     --HOLE-- [fill = 0]
                  00003320    00000012     tasks.obj (.text:prvDeleteTCB)
                  00003332    00000006     --HOLE-- [fill = 0]
                  00003338    00000012     main.obj (.text:vApplicationMallocFailedHook)
                  0000334a    00000006     --HOLE-- [fill = 0]
                  00003350    00000012     main.obj (.text:vApplicationStackOverflowHook)
                  00003362    00000006     --HOLE-- [fill = 0]
                  00003368    00000010     fpu.obj (.text:FPU_enableModule)
                  00003378    00000010     tasks.obj (.text:vTaskSuspendAll)
                  00003388    0000000e     rtsv7M4_T_le_v4SPD16_eabi.lib : copy_decompress_none.c.obj (.text:decompress:none:__TI_decompress_none)
                  00003396    00000002     --HOLE-- [fill = 0]
                  00003398    0000000e     main.obj (.text:main)
                  000033a6    00000002     --HOLE-- [fill = 0]
                  000033a8    0000000c     pcm.obj (.text:PCM_getPowerState)
                  000033b4    0000000c     rtsv7M4_T_le_v4SPD16_eabi.lib : copy_zero_init.c.obj (.text:decompress:ZI:__TI_zero_init)
                  000033c0    0000000c     tasks.obj (.text:vTaskMissedYield)
                  000033cc    00000004     --HOLE-- [fill = 0]
                  000033d0    0000000c     tasks.obj (.text:xTaskGetTickCount)
                  000033dc    00000004     --HOLE-- [fill = 0]
                  000033e0    00000008     pcm.obj (.text:PCM_setCoreVoltageLevel)
                  000033e8    00000008     pcm.obj (.text:PCM_setPowerMode)
                  000033f0    00000006     list.obj (.text:vListInitialiseItem)
                  000033f6    00000002     --HOLE-- [fill = 0]
                  000033f8    00000002     msp432_startup_ccs.obj (.text:defaultISR)
                  000033fa    00000006     --HOLE-- [fill = 0]
                  00003400    00000002     msp432_startup_ccs.obj (.text:faultISR)
                  00003402    00000006     --HOLE-- [fill = 0]
                  00003408    00000002     msp432_startup_ccs.obj (.text:nmiISR)
                  0000340a    00000006     --HOLE-- [fill = 0]
                  00003410    00000002     main.obj (.text:vApplicationIdleHook)
                  00003412    00000006     --HOLE-- [fill = 0]
                  00003418    00000002     main_blinky.obj (.text:vApplicationTickHook)
                  0000341a    00000006     --HOLE-- [fill = 0]
                  00003420    00000002     main_blinky.obj (.text:vPreSleepProcessing)

.const     0    00003424    00000014     
                  00003424    00000008     interrupt.obj (.const:g_pulEnRegs)
                  0000342c    00000008     port.obj (.const)
                  00003434    00000004     serial.obj (.const)

.cinit     0    00003438    00000068     
                  00003438    0000003d     (.cinit..data.load) [load image, compression = lzss]
                  00003475    00000003     --HOLE-- [fill = 0]
                  00003478    0000000c     (__TI_handler_table)
                  00003484    00000004     --HOLE-- [fill = 0]
                  00003488    00000008     (.cinit..bss.load) [load image, compression = zero_init]
                  00003490    00000010     (__TI_cinit_table)

.bss       0    20000000    0000c918     UNINITIALIZED
                  20000000    0000c800     heap_4.obj (.bss:ucHeap)
                  2000c800    00000064     tasks.obj (.bss:pxReadyTasksLists)
                  2000c864    00000014     timers.obj (.bss:xActiveTimerList1$2)
                  2000c878    00000014     timers.obj (.bss:xActiveTimerList2$3)
                  2000c88c    00000014     tasks.obj (.bss:xDelayedTaskList1$1)
                  2000c8a0    00000014     tasks.obj (.bss:xDelayedTaskList2$2)
                  2000c8b4    00000014     tasks.obj (.bss:xPendingReadyList)
                  2000c8c8    00000014     tasks.obj (.bss:xSuspendedTaskList)
                  2000c8dc    00000014     tasks.obj (.bss:xTasksWaitingTermination)
                  2000c8f0    00000008     IntQueue.obj (.bss)
                  2000c8f8    00000008     cs.obj (.bss)
                  2000c900    00000008     tasks.obj (.bss)
                  2000c908    00000008     timers.obj (.bss)
                  2000c910    00000008     heap_4.obj (.bss:xStart)

.data      0    2000c918    0000027c     UNINITIALIZED
                  2000c918    000000c8     IntQueue.obj (.data:ucNormallyEmptyReceivedValues)
                  2000c9e0    000000c8     IntQueue.obj (.data:ucNormallyFullReceivedValues)
                  2000caa8    0000003c     IntQueue.obj (.data)
                  2000cae4    00000034     tasks.obj (.data)
                  2000cb18    00000030     gpio.obj (.data:GPIO_PORT_TO_BASE)
                  2000cb48    00000018     port.obj (.data)
                  2000cb60    00000010     heap_4.obj (.data)
                  2000cb70    00000010     serial.obj (.data)
                  2000cb80    0000000c     timers.obj (.data)
                  2000cb8c    00000008     main_blinky.obj (.data)

.stack     0    2000fce0    00000320     UNINITIALIZED
                  2000fce0    00000004     rtsv7M4_T_le_v4SPD16_eabi.lib : boot_cortex_m.c.obj (.stack)
                  2000fce4    0000031c     --HOLE--

MODULE SUMMARY

       Module                       code    ro data   rw data
       ------                       ----    -------   -------
    .\
       main.obj                     100     0         0      
    +--+----------------------------+-------+---------+---------+
       Total:                       100     0         0      
                                                             
    .\FreeRTOS_Source\
       tasks.obj                    3320    0         260    
       queue.obj                    1806    0         0      
       timers.obj                   1082    0         60     
       list.obj                     150     0         0      
    +--+----------------------------+-------+---------+---------+
       Total:                       6358    0         320    
                                                             
    .\FreeRTOS_Source\portable\CCS\ARM_CM4F\
       port.obj                     984     8         24     
       portasm.obj                  218     0         0      
    +--+----------------------------+-------+---------+---------+
       Total:                       1202    8         24     
                                                             
    .\FreeRTOS_Source\portable\MemMang\
       heap_4.obj                   640     0         51224  
    +--+----------------------------+-------+---------+---------+
       Total:                       640     0         51224  
                                                             
    .\Full_Demo\
       serial.obj                   180     4         16     
       IntQueueTimer.obj            104     0         0      
    +--+----------------------------+-------+---------+---------+
       Total:                       284     4         16     
                                                             
    .\Full_Demo\Standard_Demo_Tasks\
       IntQueue.obj                 836     0         468    
    +--+----------------------------+-------+---------+---------+
       Total:                       836     0         468    
                                                             
    .\SimplyBlinkyDemo\
       main_blinky.obj              360     0         8      
    +--+----------------------------+-------+---------+---------+
       Total:                       360     0         8      
                                                             
    .\driverlib\
       cs.obj                       1154    0         8      
       pcm.obj                      638     0         0      
       gpio.obj                     220     0         48     
       interrupt.obj                120     8         0      
       sysctl.obj                   84      0         0      
       flash.obj                    48      0         0      
       fpu.obj                      16      0         0      
    +--+----------------------------+-------+---------+---------+
       Total:                       2280    8         56     
                                                             
    .\system\CCS\
       msp432_startup_ccs.obj       30      324       0      
       system_msp432p401r.obj       104     0         0      
    +--+----------------------------+-------+---------+---------+
       Total:                       134     324       0      
                                                             
    C:\ti8\ccsv8\tools\compiler\ti-cgt-arm_18.1.1.LTS\lib\rtsv7M4_T_le_v4SPD16_eabi.lib
       memcpy_t2.asm.obj            156     0         0      
       memset_t2.asm.obj            122     0         0      
       copy_decompress_lzss.c.obj   104     0         0      
       autoinit.c.obj               68      0         0      
       boot_cortex_m.c.obj          56      0         0      
       copy_decompress_none.c.obj   14      0         0      
       copy_zero_init.c.obj         12      0         0      
       exit.c.obj                   4       0         0      
       pre_init.c.obj               4       0         0      
    +--+----------------------------+-------+---------+---------+
       Total:                       540     0         0      
                                                             
       Stack:                       0       0         800    
       Linker Generated:            0       97        0      
    +--+----------------------------+-------+---------+---------+
       Grand Total:                 12734   441       52916  


LINKER GENERATED COPY TABLES

__TI_cinit_table @ 00003490 records: 2, size/record: 8, table size: 16
	.data: load addr=00003438, load size=0000003d bytes, run addr=2000c918, run size=0000027c bytes, compression=lzss
	.bss: load addr=00003488, load size=00000008 bytes, run addr=20000000, run size=0000c918 bytes, compression=zero_init


LINKER GENERATED HANDLER TABLE

__TI_handler_table @ 00003478 records: 3, size/record: 4, table size: 12
	index: 0, handler: __TI_decompress_lzss
	index: 1, handler: __TI_decompress_none
	index: 2, handler: __TI_zero_init


GLOBAL SYMBOLS: SORTED ALPHABETICALLY BY Name 

address   name                                      
-------   ----                                      
00000605  C$$EXIT                                   
000030d1  CS_clearInterruptFlag                     
00000609  CS_getDCOFrequency                        
00003261  CS_getMCLK                                
00000c31  CS_initClockSignal                        
00002f61  CS_setDCOCenteredFrequency                
00003369  FPU_enableModule                          
00002ea1  FlashCtl_setWaitState                     
000032c1  GPIO_enableInterrupt                      
00002f91  GPIO_setAsInputPinWithPullUpResistor      
00003121  GPIO_setAsOutputPin                       
00002751  GPIO_setAsPeripheralModuleFunctionInputPin
000032d9  GPIO_setOutputLowOnPin                    
000032f1  GPIO_toggleOutputOnPin                    
00002051  Interrupt_enableInterrupt                 
00002961  PCM_getCoreVoltageLevel                   
00002cd9  PCM_getPowerMode                          
000033a9  PCM_getPowerState                         
000033e1  PCM_setCoreVoltageLevel                   
000033e9  PCM_setPowerMode                          
000027a9  SysCtl_getTLVInfo                         
00002371  SystemInit                                
4000480c  WDTCTL_SYM                                
20010000  __STACK_END                               
00000320  __STACK_SIZE                              
00003490  __TI_CINIT_Base                           
000034a0  __TI_CINIT_Limit                          
00003478  __TI_Handler_Table_Base                   
00003484  __TI_Handler_Table_Limit                  
00002bd1  __TI_auto_init_nobinit_nopinit            
000023d9  __TI_decompress_lzss                      
00003389  __TI_decompress_none                      
ffffffff  __TI_pprof_out_hndl                       
ffffffff  __TI_prof_data_size                       
ffffffff  __TI_prof_data_start                      
00000000  __TI_static_base__                        
000033b5  __TI_zero_init                            
00001fd5  __aeabi_memclr                            
00001fd5  __aeabi_memclr4                           
00001fd5  __aeabi_memclr8                           
00001ac7  __aeabi_memcpy                            
00001ac7  __aeabi_memcpy4                           
00001ac7  __aeabi_memcpy8                           
00001fd7  __aeabi_memset                            
00001fd7  __aeabi_memset4                           
00001fd7  __aeabi_memset8                           
ffffffff  __binit__                                 
ffffffff  __c_args__                                
UNDEFED   __mpu_init                                
2000fce0  __stack                                   
00002d15  _c_int00_noargs                           
UNDEFED   _system_post_cinit                        
0000049d  _system_pre_init                          
00000605  abort                                     
ffffffff  binit                                     
00002c59  eTaskConfirmSleepModeStatus               
00000000  interruptVectors                          
00003399  main                                      
000025e1  main_blinky                               
00001ac7  memcpy                                    
00001fdd  memset                                    
00000b01  pvPortMalloc                              
2000cae4  pxCurrentTCB                              
00002ff1  pxPortInitialiseStack                     
0000342c  ulMaxSyscallInterruptPriority             
0000134d  ulPortGetIPSR                             
000030a9  uxListRemove                              
00003411  vApplicationIdleHook                      
00003339  vApplicationMallocFailedHook              
00003351  vApplicationStackOverflowHook             
00003419  vApplicationTickHook                      
000031e1  vListInitialise                           
000033f1  vListInitialiseItem                       
00002dc1  vListInsert                               
00003291  vListInsertEnd                            
00001409  vPortEnableVFP                            
00002c99  vPortEnterCritical                        
00002f31  vPortExitCritical                         
00001f59  vPortFree                                 
000013c5  vPortSVCHandler                           
000024a9  vPortSetupTimerInterrupt                  
000013e5  vPortStartFirstTask                       
00000899  vPortSuppressTicksAndSleep                
00002579  vPortValidateInterruptPriority            
00003421  vPreSleepProcessing                       
00002b89  vQueueWaitForMessageRestricted            
00002df9  vT32_0_Handler                            
00002e31  vT32_1_Handler                            
000028b1  vTaskDelay                                
00001749  vTaskDelayUntil                           
000032a9  vTaskInternalSetTimeOutState              
000033c1  vTaskMissedYield                          
00001181  vTaskNotifyGiveFromISR                    
00002d89  vTaskPlaceOnEventList                     
00002c19  vTaskPlaceOnEventListRestricted           
00001e51  vTaskStartScheduler                       
00002e69  vTaskStepTick                             
00003379  vTaskSuspendAll                           
00001801  vTaskSwitchContext                        
00001971  vUART_Handler                             
000009d1  xFirstTimerHandler                        
00001365  xPortPendSVHandler                        
00001261  xPortStartScheduler                       
00003021  xPortSysTickHandler                       
00002aa1  xQueueGenericCreate                       
00001d39  xQueueGenericReset                        
00000309  xQueueGenericSend                         
000014e9  xQueueGenericSendFromISR                  
00003051  xQueueIsQueueFullFromISR                  
000004a1  xQueueReceive                             
00001a29  xQueueReceiveFromISR                      
00000149  xSecondTimerHandler                       
00001ca1  xTaskCheckForTimeOut                      
00002511  xTaskCreate                               
00003181  xTaskGetSchedulerState                    
000033d1  xTaskGetTickCount                         
00000751  xTaskIncrementTick                        
000015b9  xTaskPriorityDisinherit                   
00001b69  xTaskRemoveFromEventList                  
00000e69  xTaskResumeAll                            
000026f9  xTimerCreateTimerTask                     
000020c9  xTimerGenericCommand                      


GLOBAL SYMBOLS: SORTED BY Symbol Address 

address   name                                      
-------   ----                                      
00000000  __TI_static_base__                        
00000000  interruptVectors                          
00000149  xSecondTimerHandler                       
00000309  xQueueGenericSend                         
00000320  __STACK_SIZE                              
0000049d  _system_pre_init                          
000004a1  xQueueReceive                             
00000605  C$$EXIT                                   
00000605  abort                                     
00000609  CS_getDCOFrequency                        
00000751  xTaskIncrementTick                        
00000899  vPortSuppressTicksAndSleep                
000009d1  xFirstTimerHandler                        
00000b01  pvPortMalloc                              
00000c31  CS_initClockSignal                        
00000e69  xTaskResumeAll                            
00001181  vTaskNotifyGiveFromISR                    
00001261  xPortStartScheduler                       
0000134d  ulPortGetIPSR                             
00001365  xPortPendSVHandler                        
000013c5  vPortSVCHandler                           
000013e5  vPortStartFirstTask                       
00001409  vPortEnableVFP                            
000014e9  xQueueGenericSendFromISR                  
000015b9  xTaskPriorityDisinherit                   
00001749  vTaskDelayUntil                           
00001801  vTaskSwitchContext                        
00001971  vUART_Handler                             
00001a29  xQueueReceiveFromISR                      
00001ac7  __aeabi_memcpy                            
00001ac7  __aeabi_memcpy4                           
00001ac7  __aeabi_memcpy8                           
00001ac7  memcpy                                    
00001b69  xTaskRemoveFromEventList                  
00001ca1  xTaskCheckForTimeOut                      
00001d39  xQueueGenericReset                        
00001e51  vTaskStartScheduler                       
00001f59  vPortFree                                 
00001fd5  __aeabi_memclr                            
00001fd5  __aeabi_memclr4                           
00001fd5  __aeabi_memclr8                           
00001fd7  __aeabi_memset                            
00001fd7  __aeabi_memset4                           
00001fd7  __aeabi_memset8                           
00001fdd  memset                                    
00002051  Interrupt_enableInterrupt                 
000020c9  xTimerGenericCommand                      
00002371  SystemInit                                
000023d9  __TI_decompress_lzss                      
000024a9  vPortSetupTimerInterrupt                  
00002511  xTaskCreate                               
00002579  vPortValidateInterruptPriority            
000025e1  main_blinky                               
000026f9  xTimerCreateTimerTask                     
00002751  GPIO_setAsPeripheralModuleFunctionInputPin
000027a9  SysCtl_getTLVInfo                         
000028b1  vTaskDelay                                
00002961  PCM_getCoreVoltageLevel                   
00002aa1  xQueueGenericCreate                       
00002b89  vQueueWaitForMessageRestricted            
00002bd1  __TI_auto_init_nobinit_nopinit            
00002c19  vTaskPlaceOnEventListRestricted           
00002c59  eTaskConfirmSleepModeStatus               
00002c99  vPortEnterCritical                        
00002cd9  PCM_getPowerMode                          
00002d15  _c_int00_noargs                           
00002d89  vTaskPlaceOnEventList                     
00002dc1  vListInsert                               
00002df9  vT32_0_Handler                            
00002e31  vT32_1_Handler                            
00002e69  vTaskStepTick                             
00002ea1  FlashCtl_setWaitState                     
00002f31  vPortExitCritical                         
00002f61  CS_setDCOCenteredFrequency                
00002f91  GPIO_setAsInputPinWithPullUpResistor      
00002ff1  pxPortInitialiseStack                     
00003021  xPortSysTickHandler                       
00003051  xQueueIsQueueFullFromISR                  
000030a9  uxListRemove                              
000030d1  CS_clearInterruptFlag                     
00003121  GPIO_setAsOutputPin                       
00003181  xTaskGetSchedulerState                    
000031e1  vListInitialise                           
00003261  CS_getMCLK                                
00003291  vListInsertEnd                            
000032a9  vTaskInternalSetTimeOutState              
000032c1  GPIO_enableInterrupt                      
000032d9  GPIO_setOutputLowOnPin                    
000032f1  GPIO_toggleOutputOnPin                    
00003339  vApplicationMallocFailedHook              
00003351  vApplicationStackOverflowHook             
00003369  FPU_enableModule                          
00003379  vTaskSuspendAll                           
00003389  __TI_decompress_none                      
00003399  main                                      
000033a9  PCM_getPowerState                         
000033b5  __TI_zero_init                            
000033c1  vTaskMissedYield                          
000033d1  xTaskGetTickCount                         
000033e1  PCM_setCoreVoltageLevel                   
000033e9  PCM_setPowerMode                          
000033f1  vListInitialiseItem                       
00003411  vApplicationIdleHook                      
00003419  vApplicationTickHook                      
00003421  vPreSleepProcessing                       
0000342c  ulMaxSyscallInterruptPriority             
00003478  __TI_Handler_Table_Base                   
00003484  __TI_Handler_Table_Limit                  
00003490  __TI_CINIT_Base                           
000034a0  __TI_CINIT_Limit                          
2000cae4  pxCurrentTCB                              
2000fce0  __stack                                   
20010000  __STACK_END                               
4000480c  WDTCTL_SYM                                
ffffffff  __TI_pprof_out_hndl                       
ffffffff  __TI_prof_data_size                       
ffffffff  __TI_prof_data_start                      
ffffffff  __binit__                                 
ffffffff  __c_args__                                
ffffffff  binit                                     
UNDEFED   __mpu_init                                
UNDEFED   _system_post_cinit                        

[122 symbols]
