<?xml version="1.0" encoding="ISO-8859-1" ?>
<link_info>
   <banner>TI ARM Linker PC v18.1.1.LTS</banner>
   <copyright>Copyright (c) 1996-2017 Texas Instruments Incorporated</copyright>
   <link_time>0x5b8f0ccb</link_time>
   <link_errors>0x0</link_errors>
   <output_file>FreeRTOSDemo.out</output_file>
   <entry_point>
      <name>_c_int00_noargs</name>
      <address>0x2d15</address>
   </entry_point>
   <input_file_list>
      <input_file id="fl-2">
         <path>.\</path>
         <kind>object</kind>
         <file>main.obj</file>
         <name>main.obj</name>
      </input_file>
      <input_file id="fl-3">
         <path>.\FreeRTOS_Source\</path>
         <kind>object</kind>
         <file>croutine.obj</file>
         <name>croutine.obj</name>
      </input_file>
      <input_file id="fl-4">
         <path>.\FreeRTOS_Source\</path>
         <kind>object</kind>
         <file>event_groups.obj</file>
         <name>event_groups.obj</name>
      </input_file>
      <input_file id="fl-5">
         <path>.\FreeRTOS_Source\</path>
         <kind>object</kind>
         <file>list.obj</file>
         <name>list.obj</name>
      </input_file>
      <input_file id="fl-6">
         <path>.\FreeRTOS_Source\</path>
         <kind>object</kind>
         <file>queue.obj</file>
         <name>queue.obj</name>
      </input_file>
      <input_file id="fl-7">
         <path>.\FreeRTOS_Source\</path>
         <kind>object</kind>
         <file>stream_buffer.obj</file>
         <name>stream_buffer.obj</name>
      </input_file>
      <input_file id="fl-8">
         <path>.\FreeRTOS_Source\</path>
         <kind>object</kind>
         <file>tasks.obj</file>
         <name>tasks.obj</name>
      </input_file>
      <input_file id="fl-9">
         <path>.\FreeRTOS_Source\</path>
         <kind>object</kind>
         <file>timers.obj</file>
         <name>timers.obj</name>
      </input_file>
      <input_file id="fl-a">
         <path>.\FreeRTOS_Source\portable\CCS\ARM_CM4F\</path>
         <kind>object</kind>
         <file>port.obj</file>
         <name>port.obj</name>
      </input_file>
      <input_file id="fl-b">
         <path>.\FreeRTOS_Source\portable\CCS\ARM_CM4F\</path>
         <kind>object</kind>
         <file>portasm.obj</file>
         <name>portasm.obj</name>
      </input_file>
      <input_file id="fl-c">
         <path>.\FreeRTOS_Source\portable\MemMang\</path>
         <kind>object</kind>
         <file>heap_4.obj</file>
         <name>heap_4.obj</name>
      </input_file>
      <input_file id="fl-d">
         <path>.\Full_Demo\FreeRTOS+CLI\</path>
         <kind>object</kind>
         <file>FreeRTOS_CLI.obj</file>
         <name>FreeRTOS_CLI.obj</name>
      </input_file>
      <input_file id="fl-e">
         <path>.\Full_Demo\</path>
         <kind>object</kind>
         <file>IntQueueTimer.obj</file>
         <name>IntQueueTimer.obj</name>
      </input_file>
      <input_file id="fl-f">
         <path>.\Full_Demo\</path>
         <kind>object</kind>
         <file>RegTest.obj</file>
         <name>RegTest.obj</name>
      </input_file>
      <input_file id="fl-10">
         <path>.\Full_Demo\</path>
         <kind>object</kind>
         <file>RunTimeStatsTimer.obj</file>
         <name>RunTimeStatsTimer.obj</name>
      </input_file>
      <input_file id="fl-11">
         <path>.\Full_Demo\</path>
         <kind>object</kind>
         <file>Sample-CLI-commands.obj</file>
         <name>Sample-CLI-commands.obj</name>
      </input_file>
      <input_file id="fl-12">
         <path>.\Full_Demo\</path>
         <kind>object</kind>
         <file>UARTCommandConsole.obj</file>
         <name>UARTCommandConsole.obj</name>
      </input_file>
      <input_file id="fl-13">
         <path>.\Full_Demo\</path>
         <kind>object</kind>
         <file>main_full.obj</file>
         <name>main_full.obj</name>
      </input_file>
      <input_file id="fl-14">
         <path>.\Full_Demo\</path>
         <kind>object</kind>
         <file>serial.obj</file>
         <name>serial.obj</name>
      </input_file>
      <input_file id="fl-15">
         <path>.\Full_Demo\Standard_Demo_Tasks\</path>
         <kind>object</kind>
         <file>EventGroupsDemo.obj</file>
         <name>EventGroupsDemo.obj</name>
      </input_file>
      <input_file id="fl-16">
         <path>.\Full_Demo\Standard_Demo_Tasks\</path>
         <kind>object</kind>
         <file>GenQTest.obj</file>
         <name>GenQTest.obj</name>
      </input_file>
      <input_file id="fl-17">
         <path>.\Full_Demo\Standard_Demo_Tasks\</path>
         <kind>object</kind>
         <file>IntQueue.obj</file>
         <name>IntQueue.obj</name>
      </input_file>
      <input_file id="fl-18">
         <path>.\Full_Demo\Standard_Demo_Tasks\</path>
         <kind>object</kind>
         <file>IntSemTest.obj</file>
         <name>IntSemTest.obj</name>
      </input_file>
      <input_file id="fl-19">
         <path>.\Full_Demo\Standard_Demo_Tasks\</path>
         <kind>object</kind>
         <file>TaskNotify.obj</file>
         <name>TaskNotify.obj</name>
      </input_file>
      <input_file id="fl-1a">
         <path>.\Full_Demo\Standard_Demo_Tasks\</path>
         <kind>object</kind>
         <file>TimerDemo.obj</file>
         <name>TimerDemo.obj</name>
      </input_file>
      <input_file id="fl-1b">
         <path>.\Full_Demo\Standard_Demo_Tasks\</path>
         <kind>object</kind>
         <file>countsem.obj</file>
         <name>countsem.obj</name>
      </input_file>
      <input_file id="fl-1c">
         <path>.\Full_Demo\Standard_Demo_Tasks\</path>
         <kind>object</kind>
         <file>recmutex.obj</file>
         <name>recmutex.obj</name>
      </input_file>
      <input_file id="fl-1d">
         <path>.\Full_Demo\Standard_Demo_Tasks\</path>
         <kind>object</kind>
         <file>semtest.obj</file>
         <name>semtest.obj</name>
      </input_file>
      <input_file id="fl-1e">
         <path>.\Full_Demo\Standard_Demo_Tasks\</path>
         <kind>object</kind>
         <file>sp_flop.obj</file>
         <name>sp_flop.obj</name>
      </input_file>
      <input_file id="fl-1f">
         <path>.\SimplyBlinkyDemo\</path>
         <kind>object</kind>
         <file>main_blinky.obj</file>
         <name>main_blinky.obj</name>
      </input_file>
      <input_file id="fl-20">
         <path>.\driverlib\</path>
         <kind>object</kind>
         <file>cpu.obj</file>
         <name>cpu.obj</name>
      </input_file>
      <input_file id="fl-21">
         <path>.\driverlib\</path>
         <kind>object</kind>
         <file>cs.obj</file>
         <name>cs.obj</name>
      </input_file>
      <input_file id="fl-22">
         <path>.\driverlib\</path>
         <kind>object</kind>
         <file>flash.obj</file>
         <name>flash.obj</name>
      </input_file>
      <input_file id="fl-23">
         <path>.\driverlib\</path>
         <kind>object</kind>
         <file>fpu.obj</file>
         <name>fpu.obj</name>
      </input_file>
      <input_file id="fl-24">
         <path>.\driverlib\</path>
         <kind>object</kind>
         <file>gpio.obj</file>
         <name>gpio.obj</name>
      </input_file>
      <input_file id="fl-25">
         <path>.\driverlib\</path>
         <kind>object</kind>
         <file>interrupt.obj</file>
         <name>interrupt.obj</name>
      </input_file>
      <input_file id="fl-26">
         <path>.\driverlib\</path>
         <kind>object</kind>
         <file>pcm.obj</file>
         <name>pcm.obj</name>
      </input_file>
      <input_file id="fl-27">
         <path>.\driverlib\</path>
         <kind>object</kind>
         <file>sysctl.obj</file>
         <name>sysctl.obj</name>
      </input_file>
      <input_file id="fl-28">
         <path>.\driverlib\</path>
         <kind>object</kind>
         <file>timer32.obj</file>
         <name>timer32.obj</name>
      </input_file>
      <input_file id="fl-29">
         <path>.\driverlib\</path>
         <kind>object</kind>
         <file>uart.obj</file>
         <name>uart.obj</name>
      </input_file>
      <input_file id="fl-2a">
         <path>.\driverlib\</path>
         <kind>object</kind>
         <file>wdt_a.obj</file>
         <name>wdt_a.obj</name>
      </input_file>
      <input_file id="fl-2b">
         <path>.\system\CCS\</path>
         <kind>object</kind>
         <file>msp432_startup_ccs.obj</file>
         <name>msp432_startup_ccs.obj</name>
      </input_file>
      <input_file id="fl-2c">
         <path>.\system\CCS\</path>
         <kind>object</kind>
         <file>printf-stdarg.obj</file>
         <name>printf-stdarg.obj</name>
      </input_file>
      <input_file id="fl-2d">
         <path>.\system\CCS\</path>
         <kind>object</kind>
         <file>system_msp432p401r.obj</file>
         <name>system_msp432p401r.obj</name>
      </input_file>
      <input_file id="fl-31">
         <kind>object</kind>
         <file>&lt;internal&gt;</file>
         <name>&lt;internal&gt;</name>
      </input_file>
      <input_file id="fl-e7">
         <path>C:\ti8\ccsv8\tools\compiler\ti-cgt-arm_18.1.1.LTS\lib\</path>
         <kind>archive</kind>
         <file>rtsv7M4_T_le_v4SPD16_eabi.lib</file>
         <name>u_divt2.asm.obj</name>
      </input_file>
      <input_file id="fl-e8">
         <path>C:\ti8\ccsv8\tools\compiler\ti-cgt-arm_18.1.1.LTS\lib\</path>
         <kind>archive</kind>
         <file>rtsv7M4_T_le_v4SPD16_eabi.lib</file>
         <name>fd_cmp_t2.asm.obj</name>
      </input_file>
      <input_file id="fl-e9">
         <path>C:\ti8\ccsv8\tools\compiler\ti-cgt-arm_18.1.1.LTS\lib\</path>
         <kind>archive</kind>
         <file>rtsv7M4_T_le_v4SPD16_eabi.lib</file>
         <name>fs_tod_t2.asm.obj</name>
      </input_file>
      <input_file id="fl-ea">
         <path>C:\ti8\ccsv8\tools\compiler\ti-cgt-arm_18.1.1.LTS\lib\</path>
         <kind>archive</kind>
         <file>rtsv7M4_T_le_v4SPD16_eabi.lib</file>
         <name>memcpy_t2.asm.obj</name>
      </input_file>
      <input_file id="fl-eb">
         <path>C:\ti8\ccsv8\tools\compiler\ti-cgt-arm_18.1.1.LTS\lib\</path>
         <kind>archive</kind>
         <file>rtsv7M4_T_le_v4SPD16_eabi.lib</file>
         <name>memset_t2.asm.obj</name>
      </input_file>
      <input_file id="fl-ec">
         <path>C:\ti8\ccsv8\tools\compiler\ti-cgt-arm_18.1.1.LTS\lib\</path>
         <kind>archive</kind>
         <file>rtsv7M4_T_le_v4SPD16_eabi.lib</file>
         <name>copy_zero_init.c.obj</name>
      </input_file>
      <input_file id="fl-ed">
         <path>C:\ti8\ccsv8\tools\compiler\ti-cgt-arm_18.1.1.LTS\lib\</path>
         <kind>archive</kind>
         <file>rtsv7M4_T_le_v4SPD16_eabi.lib</file>
         <name>copy_decompress_none.c.obj</name>
      </input_file>
      <input_file id="fl-ee">
         <path>C:\ti8\ccsv8\tools\compiler\ti-cgt-arm_18.1.1.LTS\lib\</path>
         <kind>archive</kind>
         <file>rtsv7M4_T_le_v4SPD16_eabi.lib</file>
         <name>copy_decompress_lzss.c.obj</name>
      </input_file>
      <input_file id="fl-ef">
         <path>C:\ti8\ccsv8\tools\compiler\ti-cgt-arm_18.1.1.LTS\lib\</path>
         <kind>archive</kind>
         <file>rtsv7M4_T_le_v4SPD16_eabi.lib</file>
         <name>boot_cortex_m.c.obj</name>
      </input_file>
      <input_file id="fl-f0">
         <path>C:\ti8\ccsv8\tools\compiler\ti-cgt-arm_18.1.1.LTS\lib\</path>
         <kind>archive</kind>
         <file>rtsv7M4_T_le_v4SPD16_eabi.lib</file>
         <name>exit.c.obj</name>
      </input_file>
      <input_file id="fl-f1">
         <path>C:\ti8\ccsv8\tools\compiler\ti-cgt-arm_18.1.1.LTS\lib\</path>
         <kind>archive</kind>
         <file>rtsv7M4_T_le_v4SPD16_eabi.lib</file>
         <name>_lock.c.obj</name>
      </input_file>
      <input_file id="fl-f2">
         <path>C:\ti8\ccsv8\tools\compiler\ti-cgt-arm_18.1.1.LTS\lib\</path>
         <kind>archive</kind>
         <file>rtsv7M4_T_le_v4SPD16_eabi.lib</file>
         <name>args_main.c.obj</name>
      </input_file>
      <input_file id="fl-f3">
         <path>C:\ti8\ccsv8\tools\compiler\ti-cgt-arm_18.1.1.LTS\lib\</path>
         <kind>archive</kind>
         <file>rtsv7M4_T_le_v4SPD16_eabi.lib</file>
         <name>strcmp.c.obj</name>
      </input_file>
      <input_file id="fl-f4">
         <path>C:\ti8\ccsv8\tools\compiler\ti-cgt-arm_18.1.1.LTS\lib\</path>
         <kind>archive</kind>
         <file>rtsv7M4_T_le_v4SPD16_eabi.lib</file>
         <name>strcpy.c.obj</name>
      </input_file>
      <input_file id="fl-f5">
         <path>C:\ti8\ccsv8\tools\compiler\ti-cgt-arm_18.1.1.LTS\lib\</path>
         <kind>archive</kind>
         <file>rtsv7M4_T_le_v4SPD16_eabi.lib</file>
         <name>strlen.c.obj</name>
      </input_file>
      <input_file id="fl-f6">
         <path>C:\ti8\ccsv8\tools\compiler\ti-cgt-arm_18.1.1.LTS\lib\</path>
         <kind>archive</kind>
         <file>rtsv7M4_T_le_v4SPD16_eabi.lib</file>
         <name>strncat.c.obj</name>
      </input_file>
      <input_file id="fl-f7">
         <path>C:\ti8\ccsv8\tools\compiler\ti-cgt-arm_18.1.1.LTS\lib\</path>
         <kind>archive</kind>
         <file>rtsv7M4_T_le_v4SPD16_eabi.lib</file>
         <name>strncmp.c.obj</name>
      </input_file>
      <input_file id="fl-f8">
         <path>C:\ti8\ccsv8\tools\compiler\ti-cgt-arm_18.1.1.LTS\lib\</path>
         <kind>archive</kind>
         <file>rtsv7M4_T_le_v4SPD16_eabi.lib</file>
         <name>strncpy.c.obj</name>
      </input_file>
      <input_file id="fl-f9">
         <path>C:\ti8\ccsv8\tools\compiler\ti-cgt-arm_18.1.1.LTS\lib\</path>
         <kind>archive</kind>
         <file>rtsv7M4_T_le_v4SPD16_eabi.lib</file>
         <name>div0.asm.obj</name>
      </input_file>
      <input_file id="fl-fa">
         <path>C:\ti8\ccsv8\tools\compiler\ti-cgt-arm_18.1.1.LTS\lib\</path>
         <kind>archive</kind>
         <file>rtsv7M4_T_le_v4SPD16_eabi.lib</file>
         <name>autoinit.c.obj</name>
      </input_file>
      <input_file id="fl-fb">
         <path>C:\ti8\ccsv8\tools\compiler\ti-cgt-arm_18.1.1.LTS\lib\</path>
         <kind>archive</kind>
         <file>rtsv7M4_T_le_v4SPD16_eabi.lib</file>
         <name>pre_init.c.obj</name>
      </input_file>
      <input_file id="fl-fc">
         <path>C:\ti8\ccsv8\tools\compiler\ti-cgt-arm_18.1.1.LTS\lib\</path>
         <kind>archive</kind>
         <file>rtsv7M4_T_le_v4SPD16_eabi.lib</file>
         <name>cpy_tbl.c.obj</name>
      </input_file>
   </input_file_list>
   <object_component_list>
      <object_component id="oc-10">
         <name>.intvecs:retain</name>
         <load_address>0x0</load_address>
         <run_address>0x0</run_address>
         <size>0x144</size>
         <input_file_ref idref="fl-2b"/>
      </object_component>
      <object_component id="oc-e1">
         <name>.text:xSecondTimerHandler</name>
         <load_address>0x148</load_address>
         <run_address>0x148</run_address>
         <size>0x1c0</size>
         <input_file_ref idref="fl-17"/>
      </object_component>
      <object_component id="oc-3a0">
         <name>.text:xQueueGenericSend</name>
         <load_address>0x308</load_address>
         <run_address>0x308</run_address>
         <size>0x194</size>
         <input_file_ref idref="fl-6"/>
      </object_component>
      <object_component id="oc-114">
         <name>.text:_system_pre_init</name>
         <load_address>0x49c</load_address>
         <run_address>0x49c</run_address>
         <size>0x4</size>
         <input_file_ref idref="fl-fb"/>
      </object_component>
      <object_component id="oc-380">
         <name>.text:xQueueReceive</name>
         <load_address>0x4a0</load_address>
         <run_address>0x4a0</run_address>
         <size>0x164</size>
         <input_file_ref idref="fl-6"/>
      </object_component>
      <object_component id="oc-1d6">
         <name>.text:abort:abort</name>
         <load_address>0x604</load_address>
         <run_address>0x604</run_address>
         <size>0x4</size>
         <input_file_ref idref="fl-f0"/>
      </object_component>
      <object_component id="oc-5b8">
         <name>.text:CS_getDCOFrequency</name>
         <load_address>0x608</load_address>
         <run_address>0x608</run_address>
         <size>0x148</size>
         <input_file_ref idref="fl-21"/>
      </object_component>
      <object_component id="oc-b1">
         <name>.text:xTaskIncrementTick</name>
         <load_address>0x750</load_address>
         <run_address>0x750</run_address>
         <size>0x148</size>
         <input_file_ref idref="fl-8"/>
      </object_component>
      <object_component id="oc-461">
         <name>.text:vPortSuppressTicksAndSleep</name>
         <load_address>0x898</load_address>
         <run_address>0x898</run_address>
         <size>0x134</size>
         <input_file_ref idref="fl-a"/>
      </object_component>
      <object_component id="oc-da">
         <name>.text:xFirstTimerHandler</name>
         <load_address>0x9d0</load_address>
         <run_address>0x9d0</run_address>
         <size>0x130</size>
         <input_file_ref idref="fl-17"/>
      </object_component>
      <object_component id="oc-34d">
         <name>.text:pvPortMalloc</name>
         <load_address>0xb00</load_address>
         <run_address>0xb00</run_address>
         <size>0x12c</size>
         <input_file_ref idref="fl-c"/>
      </object_component>
      <object_component id="oc-32d">
         <name>.text:CS_initClockSignal</name>
         <load_address>0xc30</load_address>
         <run_address>0xc30</run_address>
         <size>0x11c</size>
         <input_file_ref idref="fl-21"/>
      </object_component>
      <object_component id="oc-594">
         <name>.text:_CSComputeCLKFrequency</name>
         <load_address>0xd50</load_address>
         <run_address>0xd50</run_address>
         <size>0x114</size>
         <input_file_ref idref="fl-21"/>
      </object_component>
      <object_component id="oc-405">
         <name>.text:xTaskResumeAll</name>
         <load_address>0xe68</load_address>
         <run_address>0xe68</run_address>
         <size>0x10c</size>
         <input_file_ref idref="fl-8"/>
      </object_component>
      <object_component id="oc-564">
         <name>.text:__PCM_setPowerModeAdvanced</name>
         <load_address>0xf78</load_address>
         <run_address>0xf78</run_address>
         <size>0x108</size>
         <input_file_ref idref="fl-26"/>
      </object_component>
      <object_component id="oc-51f">
         <name>.text:prvProcessReceivedCommands</name>
         <load_address>0x1080</load_address>
         <run_address>0x1080</run_address>
         <size>0x100</size>
         <input_file_ref idref="fl-9"/>
      </object_component>
      <object_component id="oc-be">
         <name>.text:vTaskNotifyGiveFromISR</name>
         <load_address>0x1180</load_address>
         <run_address>0x1180</run_address>
         <size>0xe0</size>
         <input_file_ref idref="fl-8"/>
      </object_component>
      <object_component id="oc-373">
         <name>.text:xPortStartScheduler</name>
         <load_address>0x1260</load_address>
         <run_address>0x1260</run_address>
         <size>0xdc</size>
         <input_file_ref idref="fl-a"/>
      </object_component>
      <object_component id="oc-3d">
         <name>.text</name>
         <load_address>0x133c</load_address>
         <run_address>0x133c</run_address>
         <size>0xda</size>
         <input_file_ref idref="fl-b"/>
      </object_component>
      <object_component id="oc-3e6">
         <name>.text:__PCM_setCoreVoltageLevelAdvanced</name>
         <load_address>0x1418</load_address>
         <run_address>0x1418</run_address>
         <size>0xd0</size>
         <input_file_ref idref="fl-26"/>
      </object_component>
      <object_component id="oc-b8">
         <name>.text:xQueueGenericSendFromISR</name>
         <load_address>0x14e8</load_address>
         <run_address>0x14e8</run_address>
         <size>0xce</size>
         <input_file_ref idref="fl-6"/>
      </object_component>
      <object_component id="oc-253">
         <name>.text:xTaskPriorityDisinherit</name>
         <load_address>0x15b8</load_address>
         <run_address>0x15b8</run_address>
         <size>0xc8</size>
         <input_file_ref idref="fl-8"/>
      </object_component>
      <object_component id="oc-360">
         <name>.text:prvInitialiseNewTask</name>
         <load_address>0x1680</load_address>
         <run_address>0x1680</run_address>
         <size>0xc6</size>
         <input_file_ref idref="fl-8"/>
      </object_component>
      <object_component id="oc-39a">
         <name>.text:vTaskDelayUntil</name>
         <load_address>0x1748</load_address>
         <run_address>0x1748</run_address>
         <size>0xb8</size>
         <input_file_ref idref="fl-8"/>
      </object_component>
      <object_component id="oc-aa">
         <name>.text:vTaskSwitchContext</name>
         <load_address>0x1800</load_address>
         <run_address>0x1800</run_address>
         <size>0xb8</size>
         <input_file_ref idref="fl-8"/>
      </object_component>
      <object_component id="oc-366">
         <name>.text:prvAddNewTaskToReadyList</name>
         <load_address>0x18b8</load_address>
         <run_address>0x18b8</run_address>
         <size>0xb4</size>
         <input_file_ref idref="fl-8"/>
      </object_component>
      <object_component id="oc-48">
         <name>.text:vUART_Handler</name>
         <load_address>0x1970</load_address>
         <run_address>0x1970</run_address>
         <size>0xb4</size>
         <input_file_ref idref="fl-14"/>
      </object_component>
      <object_component id="oc-18f">
         <name>.text:xQueueReceiveFromISR</name>
         <load_address>0x1a28</load_address>
         <run_address>0x1a28</run_address>
         <size>0x9e</size>
         <input_file_ref idref="fl-6"/>
      </object_component>
      <object_component id="oc-68">
         <name>.text</name>
         <load_address>0x1ac6</load_address>
         <run_address>0x1ac6</run_address>
         <size>0x9c</size>
         <input_file_ref idref="fl-ea"/>
      </object_component>
      <object_component id="oc-16a">
         <name>.text:xTaskRemoveFromEventList</name>
         <load_address>0x1b68</load_address>
         <run_address>0x1b68</run_address>
         <size>0x9c</size>
         <input_file_ref idref="fl-8"/>
      </object_component>
      <object_component id="oc-5a2">
         <name>.text:prvSwitchTimerLists</name>
         <load_address>0x1c08</load_address>
         <run_address>0x1c08</run_address>
         <size>0x94</size>
         <input_file_ref idref="fl-9"/>
      </object_component>
      <object_component id="oc-492">
         <name>.text:xTaskCheckForTimeOut</name>
         <load_address>0x1ca0</load_address>
         <run_address>0x1ca0</run_address>
         <size>0x94</size>
         <input_file_ref idref="fl-8"/>
      </object_component>
      <object_component id="oc-419">
         <name>.text:xQueueGenericReset</name>
         <load_address>0x1d38</load_address>
         <run_address>0x1d38</run_address>
         <size>0x90</size>
         <input_file_ref idref="fl-6"/>
      </object_component>
      <object_component id="oc-49a">
         <name>.text:prvAddCurrentTaskToDelayedList</name>
         <load_address>0x1dc8</load_address>
         <run_address>0x1dc8</run_address>
         <size>0x88</size>
         <input_file_ref idref="fl-8"/>
      </object_component>
      <object_component id="oc-2c2">
         <name>.text:vTaskStartScheduler</name>
         <load_address>0x1e50</load_address>
         <run_address>0x1e50</run_address>
         <size>0x84</size>
         <input_file_ref idref="fl-8"/>
      </object_component>
      <object_component id="oc-379">
         <name>.text:prvIdleTask</name>
         <load_address>0x1ed8</load_address>
         <run_address>0x1ed8</run_address>
         <size>0x7c</size>
         <input_file_ref idref="fl-8"/>
      </object_component>
      <object_component id="oc-35a">
         <name>.text:vPortFree</name>
         <load_address>0x1f58</load_address>
         <run_address>0x1f58</run_address>
         <size>0x7c</size>
         <input_file_ref idref="fl-c"/>
      </object_component>
      <object_component id="oc-10e">
         <name>.text</name>
         <load_address>0x1fd4</load_address>
         <run_address>0x1fd4</run_address>
         <size>0x7a</size>
         <input_file_ref idref="fl-eb"/>
      </object_component>
      <object_component id="oc-346">
         <name>.text:Interrupt_enableInterrupt</name>
         <load_address>0x2050</load_address>
         <run_address>0x2050</run_address>
         <size>0x78</size>
         <input_file_ref idref="fl-25"/>
      </object_component>
      <object_component id="oc-58d">
         <name>.text:xTimerGenericCommand</name>
         <load_address>0x20c8</load_address>
         <run_address>0x20c8</run_address>
         <size>0x74</size>
         <input_file_ref idref="fl-9"/>
      </object_component>
      <object_component id="oc-164">
         <name>.text:prvCopyDataToQueue</name>
         <load_address>0x2140</load_address>
         <run_address>0x2140</run_address>
         <size>0x70</size>
         <input_file_ref idref="fl-6"/>
      </object_component>
      <object_component id="oc-3f9">
         <name>.text:prvHeapInit</name>
         <load_address>0x21b0</load_address>
         <run_address>0x21b0</run_address>
         <size>0x70</size>
         <input_file_ref idref="fl-c"/>
      </object_component>
      <object_component id="oc-434">
         <name>.text:prvInitialiseTaskLists</name>
         <load_address>0x2220</load_address>
         <run_address>0x2220</run_address>
         <size>0x70</size>
         <input_file_ref idref="fl-8"/>
      </object_component>
      <object_component id="oc-519">
         <name>.text:prvProcessTimerOrBlockTask</name>
         <load_address>0x2290</load_address>
         <run_address>0x2290</run_address>
         <size>0x70</size>
         <input_file_ref idref="fl-9"/>
      </object_component>
      <object_component id="oc-486">
         <name>.text:prvUnlockQueue</name>
         <load_address>0x2300</load_address>
         <run_address>0x2300</run_address>
         <size>0x6c</size>
         <input_file_ref idref="fl-6"/>
      </object_component>
      <object_component id="oc-9a">
         <name>.text:SystemInit</name>
         <load_address>0x2370</load_address>
         <run_address>0x2370</run_address>
         <size>0x68</size>
         <input_file_ref idref="fl-2d"/>
      </object_component>
      <object_component id="oc-13">
         <name>.text:decompress:lzss:__TI_decompress_lzss</name>
         <load_address>0x23d8</load_address>
         <run_address>0x23d8</run_address>
         <size>0x68</size>
         <input_file_ref idref="fl-ee"/>
      </object_component>
      <object_component id="oc-3ff">
         <name>.text:prvInsertBlockIntoFreeList</name>
         <load_address>0x2440</load_address>
         <run_address>0x2440</run_address>
         <size>0x68</size>
         <input_file_ref idref="fl-c"/>
      </object_component>
      <object_component id="oc-454">
         <name>.text:vPortSetupTimerInterrupt</name>
         <load_address>0x24a8</load_address>
         <run_address>0x24a8</run_address>
         <size>0x68</size>
         <input_file_ref idref="fl-a"/>
      </object_component>
      <object_component id="oc-2bc">
         <name>.text:xTaskCreate</name>
         <load_address>0x2510</load_address>
         <run_address>0x2510</run_address>
         <size>0x68</size>
         <input_file_ref idref="fl-8"/>
      </object_component>
      <object_component id="oc-15e">
         <name>.text:vPortValidateInterruptPriority</name>
         <load_address>0x2578</load_address>
         <run_address>0x2578</run_address>
         <size>0x64</size>
         <input_file_ref idref="fl-a"/>
      </object_component>
      <object_component id="oc-1cf">
         <name>.text:main_blinky</name>
         <load_address>0x25e0</load_address>
         <run_address>0x25e0</run_address>
         <size>0x60</size>
         <input_file_ref idref="fl-1f"/>
      </object_component>
      <object_component id="oc-580">
         <name>.text:prvProcessExpiredTimer</name>
         <load_address>0x2640</load_address>
         <run_address>0x2640</run_address>
         <size>0x60</size>
         <input_file_ref idref="fl-9"/>
      </object_component>
      <object_component id="oc-2c8">
         <name>.text:prvQueueReceiveTask</name>
         <load_address>0x26a0</load_address>
         <run_address>0x26a0</run_address>
         <size>0x58</size>
         <input_file_ref idref="fl-1f"/>
      </object_component>
      <object_component id="oc-36d">
         <name>.text:xTimerCreateTimerTask</name>
         <load_address>0x26f8</load_address>
         <run_address>0x26f8</run_address>
         <size>0x58</size>
         <input_file_ref idref="fl-9"/>
      </object_component>
      <object_component id="oc-297">
         <name>.text:GPIO_setAsPeripheralModuleFunctionInputPin</name>
         <load_address>0x2750</load_address>
         <run_address>0x2750</run_address>
         <size>0x54</size>
         <input_file_ref idref="fl-24"/>
      </object_component>
      <object_component id="oc-5d1">
         <name>.text:SysCtl_getTLVInfo</name>
         <load_address>0x27a8</load_address>
         <run_address>0x27a8</run_address>
         <size>0x54</size>
         <input_file_ref idref="fl-27"/>
      </object_component>
      <object_component id="oc-467">
         <name>.text:prvCheckTasksWaitingTermination</name>
         <load_address>0x2800</load_address>
         <run_address>0x2800</run_address>
         <size>0x54</size>
         <input_file_ref idref="fl-8"/>
      </object_component>
      <object_component id="oc-587">
         <name>.text:prvInsertTimerInActiveList</name>
         <load_address>0x2858</load_address>
         <run_address>0x2858</run_address>
         <size>0x54</size>
         <input_file_ref idref="fl-9"/>
      </object_component>
      <object_component id="oc-38c">
         <name>.text:vTaskDelay</name>
         <load_address>0x28b0</load_address>
         <run_address>0x28b0</run_address>
         <size>0x54</size>
         <input_file_ref idref="fl-8"/>
      </object_component>
      <object_component id="oc-5b2">
         <name>.text:_CSGetDividerValue</name>
         <load_address>0x2908</load_address>
         <run_address>0x2908</run_address>
         <size>0x52</size>
         <input_file_ref idref="fl-21"/>
      </object_component>
      <object_component id="oc-4ca">
         <name>.text:PCM_getCoreVoltageLevel</name>
         <load_address>0x2960</load_address>
         <run_address>0x2960</run_address>
         <size>0x50</size>
         <input_file_ref idref="fl-26"/>
      </object_component>
      <object_component id="oc-5cb">
         <name>.text:_CSGetDOCFrequency</name>
         <load_address>0x29b0</load_address>
         <run_address>0x29b0</run_address>
         <size>0x50</size>
         <input_file_ref idref="fl-21"/>
      </object_component>
      <object_component id="oc-45b">
         <name>.text:prvGetExpectedIdleTime</name>
         <load_address>0x2a00</load_address>
         <run_address>0x2a00</run_address>
         <size>0x50</size>
         <input_file_ref idref="fl-8"/>
      </object_component>
      <object_component id="oc-441">
         <name>.text:prvCheckForValidListAndQueue</name>
         <load_address>0x2a50</load_address>
         <run_address>0x2a50</run_address>
         <size>0x4c</size>
         <input_file_ref idref="fl-9"/>
      </object_component>
      <object_component id="oc-2b6">
         <name>.text:xQueueGenericCreate</name>
         <load_address>0x2aa0</load_address>
         <run_address>0x2aa0</run_address>
         <size>0x4c</size>
         <input_file_ref idref="fl-6"/>
      </object_component>
      <object_component id="oc-2aa">
         <name>.text:prvConfigureClocks</name>
         <load_address>0x2af0</load_address>
         <run_address>0x2af0</run_address>
         <size>0x4a</size>
         <input_file_ref idref="fl-1f"/>
      </object_component>
      <object_component id="oc-2ce">
         <name>.text:prvQueueSendTask</name>
         <load_address>0x2b40</load_address>
         <run_address>0x2b40</run_address>
         <size>0x48</size>
         <input_file_ref idref="fl-1f"/>
      </object_component>
      <object_component id="oc-57a">
         <name>.text:vQueueWaitForMessageRestricted</name>
         <load_address>0x2b88</load_address>
         <run_address>0x2b88</run_address>
         <size>0x48</size>
         <input_file_ref idref="fl-6"/>
      </object_component>
      <object_component id="oc-1e2">
         <name>.text:__TI_auto_init_nobinit_nopinit:__TI_auto_init_nobinit_nopinit</name>
         <load_address>0x2bd0</load_address>
         <run_address>0x2bd0</run_address>
         <size>0x44</size>
         <input_file_ref idref="fl-fa"/>
      </object_component>
      <object_component id="oc-5a8">
         <name>.text:vTaskPlaceOnEventListRestricted</name>
         <load_address>0x2c18</load_address>
         <run_address>0x2c18</run_address>
         <size>0x40</size>
         <input_file_ref idref="fl-8"/>
      </object_component>
      <object_component id="oc-532">
         <name>.text:eTaskConfirmSleepModeStatus</name>
         <load_address>0x2c58</load_address>
         <run_address>0x2c58</run_address>
         <size>0x3c</size>
         <input_file_ref idref="fl-8"/>
      </object_component>
      <object_component id="oc-42e">
         <name>.text:vPortEnterCritical</name>
         <load_address>0x2c98</load_address>
         <run_address>0x2c98</run_address>
         <size>0x3c</size>
         <input_file_ref idref="fl-a"/>
      </object_component>
      <object_component id="oc-4c4">
         <name>.text:PCM_getPowerMode</name>
         <load_address>0x2cd8</load_address>
         <run_address>0x2cd8</run_address>
         <size>0x3a</size>
         <input_file_ref idref="fl-26"/>
      </object_component>
      <object_component id="oc-86">
         <name>.text:_c_int00_noargs:_c_int00_noargs</name>
         <load_address>0x2d14</load_address>
         <run_address>0x2d14</run_address>
         <size>0x38</size>
         <input_file_ref idref="fl-ef"/>
      </object_component>
      <object_component id="oc-4fb">
         <name>.text:prvTaskExitError</name>
         <load_address>0x2d50</load_address>
         <run_address>0x2d50</run_address>
         <size>0x38</size>
         <input_file_ref idref="fl-a"/>
      </object_component>
      <object_component id="oc-480">
         <name>.text:vTaskPlaceOnEventList</name>
         <load_address>0x2d88</load_address>
         <run_address>0x2d88</run_address>
         <size>0x38</size>
         <input_file_ref idref="fl-8"/>
      </object_component>
      <object_component id="oc-54f">
         <name>.text:vListInsert</name>
         <load_address>0x2dc0</load_address>
         <run_address>0x2dc0</run_address>
         <size>0x34</size>
         <input_file_ref idref="fl-5"/>
      </object_component>
      <object_component id="oc-4e">
         <name>.text:vT32_0_Handler</name>
         <load_address>0x2df8</load_address>
         <run_address>0x2df8</run_address>
         <size>0x34</size>
         <input_file_ref idref="fl-e"/>
      </object_component>
      <object_component id="oc-54">
         <name>.text:vT32_1_Handler</name>
         <load_address>0x2e30</load_address>
         <run_address>0x2e30</run_address>
         <size>0x34</size>
         <input_file_ref idref="fl-e"/>
      </object_component>
      <object_component id="oc-53e">
         <name>.text:vTaskStepTick</name>
         <load_address>0x2e68</load_address>
         <run_address>0x2e68</run_address>
         <size>0x34</size>
         <input_file_ref idref="fl-8"/>
      </object_component>
      <object_component id="oc-321">
         <name>.text:FlashCtl_setWaitState</name>
         <load_address>0x2ea0</load_address>
         <run_address>0x2ea0</run_address>
         <size>0x30</size>
         <input_file_ref idref="fl-22"/>
      </object_component>
      <object_component id="oc-142">
         <name>.text:prvResetNextTaskUnblockTime</name>
         <load_address>0x2ed0</load_address>
         <run_address>0x2ed0</run_address>
         <size>0x30</size>
         <input_file_ref idref="fl-8"/>
      </object_component>
      <object_component id="oc-1c9">
         <name>.text:prvSetupHardware</name>
         <load_address>0x2f00</load_address>
         <run_address>0x2f00</run_address>
         <size>0x30</size>
         <input_file_ref idref="fl-2"/>
      </object_component>
      <object_component id="oc-43a">
         <name>.text:vPortExitCritical</name>
         <load_address>0x2f30</load_address>
         <run_address>0x2f30</run_address>
         <size>0x30</size>
         <input_file_ref idref="fl-a"/>
      </object_component>
      <object_component id="oc-327">
         <name>.text:CS_setDCOCenteredFrequency</name>
         <load_address>0x2f60</load_address>
         <run_address>0x2f60</run_address>
         <size>0x2c</size>
         <input_file_ref idref="fl-21"/>
      </object_component>
      <object_component id="oc-33a">
         <name>.text:GPIO_setAsInputPinWithPullUpResistor</name>
         <load_address>0x2f90</load_address>
         <run_address>0x2f90</run_address>
         <size>0x2c</size>
         <input_file_ref idref="fl-24"/>
      </object_component>
      <object_component id="oc-578">
         <name>.text:prvSampleTimeNow</name>
         <load_address>0x2fc0</load_address>
         <run_address>0x2fc0</run_address>
         <size>0x2c</size>
         <input_file_ref idref="fl-9"/>
      </object_component>
      <object_component id="oc-427">
         <name>.text:pxPortInitialiseStack</name>
         <load_address>0x2ff0</load_address>
         <run_address>0x2ff0</run_address>
         <size>0x2c</size>
         <input_file_ref idref="fl-a"/>
      </object_component>
      <object_component id="oc-42">
         <name>.text:xPortSysTickHandler</name>
         <load_address>0x3020</load_address>
         <run_address>0x3020</run_address>
         <size>0x2c</size>
         <input_file_ref idref="fl-a"/>
      </object_component>
      <object_component id="oc-19b">
         <name>.text:xQueueIsQueueFullFromISR</name>
         <load_address>0x3050</load_address>
         <run_address>0x3050</run_address>
         <size>0x2c</size>
         <input_file_ref idref="fl-6"/>
      </object_component>
      <object_component id="oc-26c">
         <name>.text:prvCopyDataFromQueue</name>
         <load_address>0x3080</load_address>
         <run_address>0x3080</run_address>
         <size>0x28</size>
         <input_file_ref idref="fl-6"/>
      </object_component>
      <object_component id="oc-148">
         <name>.text:uxListRemove</name>
         <load_address>0x30a8</load_address>
         <run_address>0x30a8</run_address>
         <size>0x26</size>
         <input_file_ref idref="fl-5"/>
      </object_component>
      <object_component id="oc-5be">
         <name>.text:CS_clearInterruptFlag</name>
         <load_address>0x30d0</load_address>
         <run_address>0x30d0</run_address>
         <size>0x24</size>
         <input_file_ref idref="fl-21"/>
      </object_component>
      <object_component id="oc-513">
         <name>.text:prvGetNextExpireTime</name>
         <load_address>0x30f8</load_address>
         <run_address>0x30f8</run_address>
         <size>0x24</size>
         <input_file_ref idref="fl-9"/>
      </object_component>
      <object_component id="oc-2a3">
         <name>.text:GPIO_setAsOutputPin</name>
         <load_address>0x3120</load_address>
         <run_address>0x3120</run_address>
         <size>0x20</size>
         <input_file_ref idref="fl-24"/>
      </object_component>
      <object_component id="oc-1ab">
         <name>.text:prvRecordValue_NormallyEmpty</name>
         <load_address>0x3140</load_address>
         <run_address>0x3140</run_address>
         <size>0x20</size>
         <input_file_ref idref="fl-17"/>
      </object_component>
      <object_component id="oc-195">
         <name>.text:prvRecordValue_NormallyFull</name>
         <load_address>0x3160</load_address>
         <run_address>0x3160</run_address>
         <size>0x20</size>
         <input_file_ref idref="fl-17"/>
      </object_component>
      <object_component id="oc-474">
         <name>.text:xTaskGetSchedulerState</name>
         <load_address>0x3180</load_address>
         <run_address>0x3180</run_address>
         <size>0x20</size>
         <input_file_ref idref="fl-8"/>
      </object_component>
      <object_component id="oc-353">
         <name>.text:prvInitialiseNewQueue</name>
         <load_address>0x31a0</load_address>
         <run_address>0x31a0</run_address>
         <size>0x1e</size>
         <input_file_ref idref="fl-6"/>
      </object_component>
      <object_component id="oc-4a5">
         <name>.text:prvIsQueueFull</name>
         <load_address>0x31c0</load_address>
         <run_address>0x31c0</run_address>
         <size>0x1e</size>
         <input_file_ref idref="fl-6"/>
      </object_component>
      <object_component id="oc-4f3">
         <name>.text:vListInitialise</name>
         <load_address>0x31e0</load_address>
         <run_address>0x31e0</run_address>
         <size>0x1e</size>
         <input_file_ref idref="fl-5"/>
      </object_component>
      <object_component id="oc-2b0">
         <name>.text:prvConfigureButton</name>
         <load_address>0x3200</load_address>
         <run_address>0x3200</run_address>
         <size>0x1a</size>
         <input_file_ref idref="fl-1f"/>
      </object_component>
      <object_component id="oc-47a">
         <name>.text:prvIsQueueEmpty</name>
         <load_address>0x3220</load_address>
         <run_address>0x3220</run_address>
         <size>0x1a</size>
         <input_file_ref idref="fl-6"/>
      </object_component>
      <object_component id="oc-447">
         <name>.text:prvTimerTask</name>
         <load_address>0x3240</load_address>
         <run_address>0x3240</run_address>
         <size>0x1a</size>
         <input_file_ref idref="fl-9"/>
      </object_component>
      <object_component id="oc-52a">
         <name>.text:CS_getMCLK</name>
         <load_address>0x3260</load_address>
         <run_address>0x3260</run_address>
         <size>0x18</size>
         <input_file_ref idref="fl-21"/>
      </object_component>
      <object_component id="oc-25">
         <name>.text:resetISR</name>
         <load_address>0x3278</load_address>
         <run_address>0x3278</run_address>
         <size>0x18</size>
         <input_file_ref idref="fl-2b"/>
      </object_component>
      <object_component id="oc-14e">
         <name>.text:vListInsertEnd</name>
         <load_address>0x3290</load_address>
         <run_address>0x3290</run_address>
         <size>0x18</size>
         <input_file_ref idref="fl-5"/>
      </object_component>
      <object_component id="oc-48c">
         <name>.text:vTaskInternalSetTimeOutState</name>
         <load_address>0x32a8</load_address>
         <run_address>0x32a8</run_address>
         <size>0x18</size>
         <input_file_ref idref="fl-8"/>
      </object_component>
      <object_component id="oc-340">
         <name>.text:GPIO_enableInterrupt</name>
         <load_address>0x32c0</load_address>
         <run_address>0x32c0</run_address>
         <size>0x14</size>
         <input_file_ref idref="fl-24"/>
      </object_component>
      <object_component id="oc-29d">
         <name>.text:GPIO_setOutputLowOnPin</name>
         <load_address>0x32d8</load_address>
         <run_address>0x32d8</run_address>
         <size>0x14</size>
         <input_file_ref idref="fl-24"/>
      </object_component>
      <object_component id="oc-386">
         <name>.text:GPIO_toggleOutputOnPin</name>
         <load_address>0x32f0</load_address>
         <run_address>0x32f0</run_address>
         <size>0x14</size>
         <input_file_ref idref="fl-24"/>
      </object_component>
      <object_component id="oc-1b1">
         <name>.text:prvQueueAccessLogError</name>
         <load_address>0x3308</load_address>
         <run_address>0x3308</run_address>
         <size>0x14</size>
         <input_file_ref idref="fl-17"/>
      </object_component>
      <object_component id="oc-545">
         <name>.text:prvDeleteTCB</name>
         <load_address>0x3320</load_address>
         <run_address>0x3320</run_address>
         <size>0x12</size>
         <input_file_ref idref="fl-8"/>
      </object_component>
      <object_component id="oc-40b">
         <name>.text:vApplicationMallocFailedHook</name>
         <load_address>0x3338</load_address>
         <run_address>0x3338</run_address>
         <size>0x12</size>
         <input_file_ref idref="fl-2"/>
      </object_component>
      <object_component id="oc-138">
         <name>.text:vApplicationStackOverflowHook</name>
         <load_address>0x3350</load_address>
         <run_address>0x3350</run_address>
         <size>0x12</size>
         <input_file_ref idref="fl-2"/>
      </object_component>
      <object_component id="oc-291">
         <name>.text:FPU_enableModule</name>
         <load_address>0x3368</load_address>
         <run_address>0x3368</run_address>
         <size>0x10</size>
         <input_file_ref idref="fl-23"/>
      </object_component>
      <object_component id="oc-3f3">
         <name>.text:vTaskSuspendAll</name>
         <load_address>0x3378</load_address>
         <run_address>0x3378</run_address>
         <size>0x10</size>
         <input_file_ref idref="fl-8"/>
      </object_component>
      <object_component id="oc-19">
         <name>.text:decompress:none:__TI_decompress_none</name>
         <load_address>0x3388</load_address>
         <run_address>0x3388</run_address>
         <size>0xe</size>
         <input_file_ref idref="fl-ed"/>
      </object_component>
      <object_component id="oc-11a">
         <name>.text:main</name>
         <load_address>0x3398</load_address>
         <run_address>0x3398</run_address>
         <size>0xe</size>
         <input_file_ref idref="fl-2"/>
      </object_component>
      <object_component id="oc-4d0">
         <name>.text:PCM_getPowerState</name>
         <load_address>0x33a8</load_address>
         <run_address>0x33a8</run_address>
         <size>0xc</size>
         <input_file_ref idref="fl-26"/>
      </object_component>
      <object_component id="oc-7a">
         <name>.text:decompress:ZI:__TI_zero_init</name>
         <load_address>0x33b4</load_address>
         <run_address>0x33b4</run_address>
         <size>0xc</size>
         <input_file_ref idref="fl-ec"/>
      </object_component>
      <object_component id="oc-556">
         <name>.text:vTaskMissedYield</name>
         <load_address>0x33c0</load_address>
         <run_address>0x33c0</run_address>
         <size>0xc</size>
         <input_file_ref idref="fl-8"/>
      </object_component>
      <object_component id="oc-394">
         <name>.text:xTaskGetTickCount</name>
         <load_address>0x33d0</load_address>
         <run_address>0x33d0</run_address>
         <size>0xc</size>
         <input_file_ref idref="fl-8"/>
      </object_component>
      <object_component id="oc-333">
         <name>.text:PCM_setCoreVoltageLevel</name>
         <load_address>0x33e0</load_address>
         <run_address>0x33e0</run_address>
         <size>0x8</size>
         <input_file_ref idref="fl-26"/>
      </object_component>
      <object_component id="oc-4d6">
         <name>.text:PCM_setPowerMode</name>
         <load_address>0x33e8</load_address>
         <run_address>0x33e8</run_address>
         <size>0x8</size>
         <input_file_ref idref="fl-26"/>
      </object_component>
      <object_component id="oc-421">
         <name>.text:vListInitialiseItem</name>
         <load_address>0x33f0</load_address>
         <run_address>0x33f0</run_address>
         <size>0x6</size>
         <input_file_ref idref="fl-5"/>
      </object_component>
      <object_component id="oc-37">
         <name>.text:defaultISR</name>
         <load_address>0x33f8</load_address>
         <run_address>0x33f8</run_address>
         <size>0x2</size>
         <input_file_ref idref="fl-2b"/>
      </object_component>
      <object_component id="oc-31">
         <name>.text:faultISR</name>
         <load_address>0x3400</load_address>
         <run_address>0x3400</run_address>
         <size>0x2</size>
         <input_file_ref idref="fl-2b"/>
      </object_component>
      <object_component id="oc-2b">
         <name>.text:nmiISR</name>
         <load_address>0x3408</load_address>
         <run_address>0x3408</run_address>
         <size>0x2</size>
         <input_file_ref idref="fl-2b"/>
      </object_component>
      <object_component id="oc-46d">
         <name>.text:vApplicationIdleHook</name>
         <load_address>0x3410</load_address>
         <run_address>0x3410</run_address>
         <size>0x2</size>
         <input_file_ref idref="fl-2"/>
      </object_component>
      <object_component id="oc-154">
         <name>.text:vApplicationTickHook</name>
         <load_address>0x3418</load_address>
         <run_address>0x3418</run_address>
         <size>0x2</size>
         <input_file_ref idref="fl-1f"/>
      </object_component>
      <object_component id="oc-538">
         <name>.text:vPreSleepProcessing</name>
         <load_address>0x3420</load_address>
         <run_address>0x3420</run_address>
         <size>0x2</size>
         <input_file_ref idref="fl-1f"/>
      </object_component>
      <object_component id="oc-3ef">
         <name>.const:g_pulEnRegs</name>
         <load_address>0x3424</load_address>
         <run_address>0x3424</run_address>
         <size>0x8</size>
         <input_file_ref idref="fl-25"/>
      </object_component>
      <object_component id="oc-a7">
         <name>.const</name>
         <load_address>0x342c</load_address>
         <run_address>0x342c</run_address>
         <size>0x8</size>
         <input_file_ref idref="fl-a"/>
      </object_component>
      <object_component id="oc-c7">
         <name>.const</name>
         <load_address>0x3434</load_address>
         <run_address>0x3434</run_address>
         <size>0x4</size>
         <input_file_ref idref="fl-14"/>
      </object_component>
      <object_component id="oc-611">
         <name>.cinit..data.load</name>
         <load_address>0x3438</load_address>
         <run_address>0x3438</run_address>
         <size>0x3d</size>
      </object_component>
      <object_component id="oc-60f">
         <name>__TI_handler_table</name>
         <load_address>0x3478</load_address>
         <run_address>0x3478</run_address>
         <size>0xc</size>
      </object_component>
      <object_component id="oc-612">
         <name>.cinit..bss.load</name>
         <load_address>0x3488</load_address>
         <run_address>0x3488</run_address>
         <size>0x8</size>
      </object_component>
      <object_component id="oc-610">
         <name>__TI_cinit_table</name>
         <load_address>0x3490</load_address>
         <run_address>0x3490</run_address>
         <size>0x10</size>
      </object_component>
      <object_component id="oc-a4">
         <name>.data</name>
         <load_address>0x2000cae4</load_address>
         <run_address>0x2000cae4</run_address>
         <size>0x34</size>
         <input_file_ref idref="fl-8"/>
      </object_component>
      <object_component id="oc-44d">
         <name>.data</name>
         <load_address>0x2000cb80</load_address>
         <run_address>0x2000cb80</run_address>
         <size>0xc</size>
         <input_file_ref idref="fl-9"/>
      </object_component>
      <object_component id="oc-24f">
         <name>.data</name>
         <load_address>0x2000cb48</load_address>
         <run_address>0x2000cb48</run_address>
         <size>0x18</size>
         <input_file_ref idref="fl-a"/>
      </object_component>
      <object_component id="oc-411">
         <name>.data</name>
         <load_address>0x2000cb60</load_address>
         <run_address>0x2000cb60</run_address>
         <size>0x10</size>
         <input_file_ref idref="fl-c"/>
      </object_component>
      <object_component id="oc-c4">
         <name>.data</name>
         <load_address>0x2000cb70</load_address>
         <run_address>0x2000cb70</run_address>
         <size>0x10</size>
         <input_file_ref idref="fl-14"/>
      </object_component>
      <object_component id="oc-1a1">
         <name>.data</name>
         <load_address>0x2000caa8</load_address>
         <run_address>0x2000caa8</run_address>
         <size>0x3c</size>
         <input_file_ref idref="fl-17"/>
      </object_component>
      <object_component id="oc-280">
         <name>.data:ucNormallyEmptyReceivedValues</name>
         <load_address>0x2000c918</load_address>
         <run_address>0x2000c918</run_address>
         <size>0xc8</size>
         <input_file_ref idref="fl-17"/>
      </object_component>
      <object_component id="oc-273">
         <name>.data:ucNormallyFullReceivedValues</name>
         <load_address>0x2000c9e0</load_address>
         <run_address>0x2000c9e0</run_address>
         <size>0xc8</size>
         <input_file_ref idref="fl-17"/>
      </object_component>
      <object_component id="oc-2d4">
         <name>.data</name>
         <load_address>0x2000cb8c</load_address>
         <run_address>0x2000cb8c</run_address>
         <size>0x8</size>
         <input_file_ref idref="fl-1f"/>
      </object_component>
      <object_component id="oc-31b">
         <name>.data:GPIO_PORT_TO_BASE</name>
         <load_address>0x2000cb18</load_address>
         <run_address>0x2000cb18</run_address>
         <size>0x30</size>
         <input_file_ref idref="fl-24"/>
      </object_component>
      <object_component id="oc-13e">
         <name>.bss:pxReadyTasksLists</name>
         <uninitialized>true</uninitialized>
         <run_address>0x2000c800</run_address>
         <size>0x64</size>
         <input_file_ref idref="fl-8"/>
      </object_component>
      <object_component id="oc-15a">
         <name>.bss</name>
         <uninitialized>true</uninitialized>
         <run_address>0x2000c900</run_address>
         <size>0x8</size>
         <input_file_ref idref="fl-8"/>
      </object_component>
      <object_component id="oc-177">
         <name>.bss:xPendingReadyList</name>
         <uninitialized>true</uninitialized>
         <run_address>0x2000c8b4</run_address>
         <size>0x14</size>
         <input_file_ref idref="fl-8"/>
      </object_component>
      <object_component id="oc-505">
         <name>.bss:xTasksWaitingTermination</name>
         <uninitialized>true</uninitialized>
         <run_address>0x2000c8dc</run_address>
         <size>0x14</size>
         <input_file_ref idref="fl-8"/>
      </object_component>
      <object_component id="oc-508">
         <name>.bss:xSuspendedTaskList</name>
         <uninitialized>true</uninitialized>
         <run_address>0x2000c8c8</run_address>
         <size>0x14</size>
         <input_file_ref idref="fl-8"/>
      </object_component>
      <object_component id="oc-503">
         <name>.bss:xDelayedTaskList1$1</name>
         <uninitialized>true</uninitialized>
         <run_address>0x2000c88c</run_address>
         <size>0x14</size>
         <input_file_ref idref="fl-8"/>
      </object_component>
      <object_component id="oc-504">
         <name>.bss:xDelayedTaskList2$2</name>
         <uninitialized>true</uninitialized>
         <run_address>0x2000c8a0</run_address>
         <size>0x14</size>
         <input_file_ref idref="fl-8"/>
      </object_component>
      <object_component id="oc-50f">
         <name>.bss</name>
         <uninitialized>true</uninitialized>
         <run_address>0x2000c908</run_address>
         <size>0x8</size>
         <input_file_ref idref="fl-9"/>
      </object_component>
      <object_component id="oc-50d">
         <name>.bss:xActiveTimerList1$2</name>
         <uninitialized>true</uninitialized>
         <run_address>0x2000c864</run_address>
         <size>0x14</size>
         <input_file_ref idref="fl-9"/>
      </object_component>
      <object_component id="oc-50e">
         <name>.bss:xActiveTimerList2$3</name>
         <uninitialized>true</uninitialized>
         <run_address>0x2000c878</run_address>
         <size>0x14</size>
         <input_file_ref idref="fl-9"/>
      </object_component>
      <object_component id="oc-4e1">
         <name>.bss:ucHeap</name>
         <uninitialized>true</uninitialized>
         <run_address>0x20000000</run_address>
         <size>0xc800</size>
         <input_file_ref idref="fl-c"/>
      </object_component>
      <object_component id="oc-414">
         <name>.bss:xStart</name>
         <uninitialized>true</uninitialized>
         <run_address>0x2000c910</run_address>
         <size>0x8</size>
         <input_file_ref idref="fl-c"/>
      </object_component>
      <object_component id="oc-1a7">
         <name>.bss</name>
         <uninitialized>true</uninitialized>
         <run_address>0x2000c8f0</run_address>
         <size>0x8</size>
         <input_file_ref idref="fl-17"/>
      </object_component>
      <object_component id="oc-5c4">
         <name>.bss</name>
         <uninitialized>true</uninitialized>
         <run_address>0x2000c8f8</run_address>
         <size>0x8</size>
         <input_file_ref idref="fl-21"/>
      </object_component>
      <object_component id="oc-22">
         <name>.stack</name>
         <uninitialized>true</uninitialized>
         <run_address>0x2000fce0</run_address>
         <size>0x4</size>
         <input_file_ref idref="fl-ef"/>
      </object_component>
      <object_component id="oc-613">
         <name>.stack</name>
         <uninitialized>true</uninitialized>
         <run_address>0x2000fce0</run_address>
         <size>0x0</size>
      </object_component>
      <object_component id="oc-1b8">
         <name>.debug_info</name>
         <load_address>0x0</load_address>
         <run_address>0x0</run_address>
         <size>0x7e8</size>
         <input_file_ref idref="fl-2"/>
      </object_component>
      <object_component id="oc-13a">
         <name>.debug_info</name>
         <load_address>0x7e8</load_address>
         <run_address>0x7e8</run_address>
         <size>0x14c</size>
         <input_file_ref idref="fl-2"/>
      </object_component>
      <object_component id="oc-40d">
         <name>.debug_info</name>
         <load_address>0x934</load_address>
         <run_address>0x934</run_address>
         <size>0x113</size>
         <input_file_ref idref="fl-2"/>
      </object_component>
      <object_component id="oc-46f">
         <name>.debug_info</name>
         <load_address>0xa47</load_address>
         <run_address>0xa47</run_address>
         <size>0x10e</size>
         <input_file_ref idref="fl-2"/>
      </object_component>
      <object_component id="oc-1cb">
         <name>.debug_info</name>
         <load_address>0xb55</load_address>
         <run_address>0xb55</run_address>
         <size>0x18b</size>
         <input_file_ref idref="fl-2"/>
      </object_component>
      <object_component id="oc-11c">
         <name>.debug_info</name>
         <load_address>0xce0</load_address>
         <run_address>0xce0</run_address>
         <size>0x11b</size>
         <input_file_ref idref="fl-2"/>
      </object_component>
      <object_component id="oc-236">
         <name>.debug_info</name>
         <load_address>0xdfb</load_address>
         <run_address>0xdfb</run_address>
         <size>0x315</size>
         <input_file_ref idref="fl-2"/>
      </object_component>
      <object_component id="oc-f4">
         <name>.debug_info</name>
         <load_address>0x1110</load_address>
         <run_address>0x1110</run_address>
         <size>0x26b</size>
         <input_file_ref idref="fl-2"/>
      </object_component>
      <object_component id="oc-ef">
         <name>.debug_info</name>
         <load_address>0x137b</load_address>
         <run_address>0x137b</run_address>
         <size>0x1055</size>
         <input_file_ref idref="fl-2"/>
      </object_component>
      <object_component id="oc-ea">
         <name>.debug_info</name>
         <load_address>0x23d0</load_address>
         <run_address>0x23d0</run_address>
         <size>0x37e2</size>
         <input_file_ref idref="fl-2"/>
      </object_component>
      <object_component id="oc-5e1">
         <name>.debug_info</name>
         <load_address>0x5bb2</load_address>
         <run_address>0x5bb2</run_address>
         <size>0x1b5</size>
         <input_file_ref idref="fl-2"/>
      </object_component>
      <object_component id="oc-28c">
         <name>.debug_info</name>
         <load_address>0x5d67</load_address>
         <run_address>0x5d67</run_address>
         <size>0x461</size>
         <input_file_ref idref="fl-2"/>
      </object_component>
      <object_component id="oc-185">
         <name>.debug_info</name>
         <load_address>0x61c8</load_address>
         <run_address>0x61c8</run_address>
         <size>0x8b</size>
         <input_file_ref idref="fl-2"/>
      </object_component>
      <object_component id="oc-22f">
         <name>.debug_info</name>
         <load_address>0x6253</load_address>
         <run_address>0x6253</run_address>
         <size>0x2c</size>
         <input_file_ref idref="fl-2"/>
      </object_component>
      <object_component id="oc-18a">
         <name>.debug_info</name>
         <load_address>0x627f</load_address>
         <run_address>0x627f</run_address>
         <size>0x297</size>
         <input_file_ref idref="fl-2"/>
      </object_component>
      <object_component id="oc-d5">
         <name>.debug_info</name>
         <load_address>0x6516</load_address>
         <run_address>0x6516</run_address>
         <size>0xef</size>
         <input_file_ref idref="fl-2"/>
      </object_component>
      <object_component id="oc-d0">
         <name>.debug_info</name>
         <load_address>0x6605</load_address>
         <run_address>0x6605</run_address>
         <size>0xbb</size>
         <input_file_ref idref="fl-2"/>
      </object_component>
      <object_component id="oc-cb">
         <name>.debug_info</name>
         <load_address>0x66c0</load_address>
         <run_address>0x66c0</run_address>
         <size>0x53</size>
         <input_file_ref idref="fl-2"/>
      </object_component>
      <object_component id="oc-287">
         <name>.debug_info</name>
         <load_address>0x6713</load_address>
         <run_address>0x6713</run_address>
         <size>0xcc</size>
         <input_file_ref idref="fl-2"/>
      </object_component>
      <object_component id="oc-267">
         <name>.debug_info</name>
         <load_address>0x67df</load_address>
         <run_address>0x67df</run_address>
         <size>0xee</size>
         <input_file_ref idref="fl-2"/>
      </object_component>
      <object_component id="oc-225">
         <name>.debug_info</name>
         <load_address>0x68cd</load_address>
         <run_address>0x68cd</run_address>
         <size>0x14c</size>
         <input_file_ref idref="fl-2"/>
      </object_component>
      <object_component id="oc-2fc">
         <name>.debug_info</name>
         <load_address>0x6a19</load_address>
         <run_address>0x6a19</run_address>
         <size>0x4c6</size>
         <input_file_ref idref="fl-3"/>
      </object_component>
      <object_component id="oc-240">
         <name>.debug_info</name>
         <load_address>0x6edf</load_address>
         <run_address>0x6edf</run_address>
         <size>0x461</size>
         <input_file_ref idref="fl-3"/>
      </object_component>
      <object_component id="oc-63">
         <name>.debug_info</name>
         <load_address>0x7340</load_address>
         <run_address>0x7340</run_address>
         <size>0x84</size>
         <input_file_ref idref="fl-3"/>
      </object_component>
      <object_component id="oc-3da">
         <name>.debug_info</name>
         <load_address>0x73c4</load_address>
         <run_address>0x73c4</run_address>
         <size>0xcc</size>
         <input_file_ref idref="fl-3"/>
      </object_component>
      <object_component id="oc-23b">
         <name>.debug_info</name>
         <load_address>0x7490</load_address>
         <run_address>0x7490</run_address>
         <size>0x53</size>
         <input_file_ref idref="fl-3"/>
      </object_component>
      <object_component id="oc-2fb">
         <name>.debug_info</name>
         <load_address>0x74e3</load_address>
         <run_address>0x74e3</run_address>
         <size>0x9f1</size>
         <input_file_ref idref="fl-4"/>
      </object_component>
      <object_component id="oc-220">
         <name>.debug_info</name>
         <load_address>0x7ed4</load_address>
         <run_address>0x7ed4</run_address>
         <size>0x110</size>
         <input_file_ref idref="fl-4"/>
      </object_component>
      <object_component id="oc-22a">
         <name>.debug_info</name>
         <load_address>0x7fe4</load_address>
         <run_address>0x7fe4</run_address>
         <size>0x461</size>
         <input_file_ref idref="fl-4"/>
      </object_component>
      <object_component id="oc-3ce">
         <name>.debug_info</name>
         <load_address>0x8445</load_address>
         <run_address>0x8445</run_address>
         <size>0x76</size>
         <input_file_ref idref="fl-4"/>
      </object_component>
      <object_component id="oc-3d3">
         <name>.debug_info</name>
         <load_address>0x84bb</load_address>
         <run_address>0x84bb</run_address>
         <size>0x39</size>
         <input_file_ref idref="fl-4"/>
      </object_component>
      <object_component id="oc-21b">
         <name>.debug_info</name>
         <load_address>0x84f4</load_address>
         <run_address>0x84f4</run_address>
         <size>0x4f</size>
         <input_file_ref idref="fl-4"/>
      </object_component>
      <object_component id="oc-24a">
         <name>.debug_info</name>
         <load_address>0x8543</load_address>
         <run_address>0x8543</run_address>
         <size>0x648</size>
         <input_file_ref idref="fl-5"/>
      </object_component>
      <object_component id="oc-14f">
         <name>.debug_info</name>
         <load_address>0x8b8b</load_address>
         <run_address>0x8b8b</run_address>
         <size>0x1dd</size>
         <input_file_ref idref="fl-5"/>
      </object_component>
      <object_component id="oc-550">
         <name>.debug_info</name>
         <load_address>0x8d68</load_address>
         <run_address>0x8d68</run_address>
         <size>0x208</size>
         <input_file_ref idref="fl-5"/>
      </object_component>
      <object_component id="oc-422">
         <name>.debug_info</name>
         <load_address>0x8f70</load_address>
         <run_address>0x8f70</run_address>
         <size>0x18a</size>
         <input_file_ref idref="fl-5"/>
      </object_component>
      <object_component id="oc-4f4">
         <name>.debug_info</name>
         <load_address>0x90fa</load_address>
         <run_address>0x90fa</run_address>
         <size>0x182</size>
         <input_file_ref idref="fl-5"/>
      </object_component>
      <object_component id="oc-149">
         <name>.debug_info</name>
         <load_address>0x927c</load_address>
         <run_address>0x927c</run_address>
         <size>0x1b5</size>
         <input_file_ref idref="fl-5"/>
      </object_component>
      <object_component id="oc-176">
         <name>.debug_info</name>
         <load_address>0x9431</load_address>
         <run_address>0x9431</run_address>
         <size>0xbef</size>
         <input_file_ref idref="fl-6"/>
      </object_component>
      <object_component id="oc-47b">
         <name>.debug_info</name>
         <load_address>0xa020</load_address>
         <run_address>0xa020</run_address>
         <size>0x1d7</size>
         <input_file_ref idref="fl-6"/>
      </object_component>
      <object_component id="oc-487">
         <name>.debug_info</name>
         <load_address>0xa1f7</load_address>
         <run_address>0xa1f7</run_address>
         <size>0x285</size>
         <input_file_ref idref="fl-6"/>
      </object_component>
      <object_component id="oc-26d">
         <name>.debug_info</name>
         <load_address>0xa47c</load_address>
         <run_address>0xa47c</run_address>
         <size>0x1d4</size>
         <input_file_ref idref="fl-6"/>
      </object_component>
      <object_component id="oc-190">
         <name>.debug_info</name>
         <load_address>0xa650</load_address>
         <run_address>0xa650</run_address>
         <size>0x342</size>
         <input_file_ref idref="fl-6"/>
      </object_component>
      <object_component id="oc-381">
         <name>.debug_info</name>
         <load_address>0xa992</load_address>
         <run_address>0xa992</run_address>
         <size>0x47f</size>
         <input_file_ref idref="fl-6"/>
      </object_component>
      <object_component id="oc-19c">
         <name>.debug_info</name>
         <load_address>0xae11</load_address>
         <run_address>0xae11</run_address>
         <size>0x1b7</size>
         <input_file_ref idref="fl-6"/>
      </object_component>
      <object_component id="oc-4a6">
         <name>.debug_info</name>
         <load_address>0xafc8</load_address>
         <run_address>0xafc8</run_address>
         <size>0x1d5</size>
         <input_file_ref idref="fl-6"/>
      </object_component>
      <object_component id="oc-165">
         <name>.debug_info</name>
         <load_address>0xb19d</load_address>
         <run_address>0xb19d</run_address>
         <size>0x268</size>
         <input_file_ref idref="fl-6"/>
      </object_component>
      <object_component id="oc-3a1">
         <name>.debug_info</name>
         <load_address>0xb405</load_address>
         <run_address>0xb405</run_address>
         <size>0x4c2</size>
         <input_file_ref idref="fl-6"/>
      </object_component>
      <object_component id="oc-b9">
         <name>.debug_info</name>
         <load_address>0xb8c7</load_address>
         <run_address>0xb8c7</run_address>
         <size>0x377</size>
         <input_file_ref idref="fl-6"/>
      </object_component>
      <object_component id="oc-41a">
         <name>.debug_info</name>
         <load_address>0xbc3e</load_address>
         <run_address>0xbc3e</run_address>
         <size>0x259</size>
         <input_file_ref idref="fl-6"/>
      </object_component>
      <object_component id="oc-354">
         <name>.debug_info</name>
         <load_address>0xbe97</load_address>
         <run_address>0xbe97</run_address>
         <size>0x2a2</size>
         <input_file_ref idref="fl-6"/>
      </object_component>
      <object_component id="oc-2b7">
         <name>.debug_info</name>
         <load_address>0xc139</load_address>
         <run_address>0xc139</run_address>
         <size>0x2c6</size>
         <input_file_ref idref="fl-6"/>
      </object_component>
      <object_component id="oc-57b">
         <name>.debug_info</name>
         <load_address>0xc3ff</load_address>
         <run_address>0xc3ff</run_address>
         <size>0x2c1</size>
         <input_file_ref idref="fl-6"/>
      </object_component>
      <object_component id="oc-25d">
         <name>.debug_info</name>
         <load_address>0xc6c0</load_address>
         <run_address>0xc6c0</run_address>
         <size>0x1ef</size>
         <input_file_ref idref="fl-6"/>
      </object_component>
      <object_component id="oc-171">
         <name>.debug_info</name>
         <load_address>0xc8af</load_address>
         <run_address>0xc8af</run_address>
         <size>0x46</size>
         <input_file_ref idref="fl-6"/>
      </object_component>
      <object_component id="oc-3df">
         <name>.debug_info</name>
         <load_address>0xc8f5</load_address>
         <run_address>0xc8f5</run_address>
         <size>0xa0a</size>
         <input_file_ref idref="fl-7"/>
      </object_component>
      <object_component id="oc-313">
         <name>.debug_info</name>
         <load_address>0xd2ff</load_address>
         <run_address>0xd2ff</run_address>
         <size>0x461</size>
         <input_file_ref idref="fl-7"/>
      </object_component>
      <object_component id="oc-4bd">
         <name>.debug_info</name>
         <load_address>0xd760</load_address>
         <run_address>0xd760</run_address>
         <size>0xee</size>
         <input_file_ref idref="fl-7"/>
      </object_component>
      <object_component id="oc-1c0">
         <name>.debug_info</name>
         <load_address>0xd84e</load_address>
         <run_address>0xd84e</run_address>
         <size>0x2c</size>
         <input_file_ref idref="fl-7"/>
      </object_component>
      <object_component id="oc-12f">
         <name>.debug_info</name>
         <load_address>0xd87a</load_address>
         <run_address>0xd87a</run_address>
         <size>0xc49</size>
         <input_file_ref idref="fl-8"/>
      </object_component>
      <object_component id="oc-a5">
         <name>.debug_info</name>
         <load_address>0xe4c3</load_address>
         <run_address>0xe4c3</run_address>
         <size>0x354</size>
         <input_file_ref idref="fl-8"/>
      </object_component>
      <object_component id="oc-13f">
         <name>.debug_info</name>
         <load_address>0xe817</load_address>
         <run_address>0xe817</run_address>
         <size>0xfb</size>
         <input_file_ref idref="fl-8"/>
      </object_component>
      <object_component id="oc-15b">
         <name>.debug_info</name>
         <load_address>0xe912</load_address>
         <run_address>0xe912</run_address>
         <size>0x13e</size>
         <input_file_ref idref="fl-8"/>
      </object_component>
      <object_component id="oc-178">
         <name>.debug_info</name>
         <load_address>0xea50</load_address>
         <run_address>0xea50</run_address>
         <size>0xfb</size>
         <input_file_ref idref="fl-8"/>
      </object_component>
      <object_component id="oc-506">
         <name>.debug_info</name>
         <load_address>0xeb4b</load_address>
         <run_address>0xeb4b</run_address>
         <size>0x109</size>
         <input_file_ref idref="fl-8"/>
      </object_component>
      <object_component id="oc-509">
         <name>.debug_info</name>
         <load_address>0xec54</load_address>
         <run_address>0xec54</run_address>
         <size>0xfd</size>
         <input_file_ref idref="fl-8"/>
      </object_component>
      <object_component id="oc-143">
         <name>.debug_info</name>
         <load_address>0xed51</load_address>
         <run_address>0xed51</run_address>
         <size>0x188</size>
         <input_file_ref idref="fl-8"/>
      </object_component>
      <object_component id="oc-b2">
         <name>.debug_info</name>
         <load_address>0xeed9</load_address>
         <run_address>0xeed9</run_address>
         <size>0x28e</size>
         <input_file_ref idref="fl-8"/>
      </object_component>
      <object_component id="oc-406">
         <name>.debug_info</name>
         <load_address>0xf167</load_address>
         <run_address>0xf167</run_address>
         <size>0x266</size>
         <input_file_ref idref="fl-8"/>
      </object_component>
      <object_component id="oc-16b">
         <name>.debug_info</name>
         <load_address>0xf3cd</load_address>
         <run_address>0xf3cd</run_address>
         <size>0x260</size>
         <input_file_ref idref="fl-8"/>
      </object_component>
      <object_component id="oc-254">
         <name>.debug_info</name>
         <load_address>0xf62d</load_address>
         <run_address>0xf62d</run_address>
         <size>0x20a</size>
         <input_file_ref idref="fl-8"/>
      </object_component>
      <object_component id="oc-49b">
         <name>.debug_info</name>
         <load_address>0xf837</load_address>
         <run_address>0xf837</run_address>
         <size>0x2b5</size>
         <input_file_ref idref="fl-8"/>
      </object_component>
      <object_component id="oc-395">
         <name>.debug_info</name>
         <load_address>0xfaec</load_address>
         <run_address>0xfaec</run_address>
         <size>0x17b</size>
         <input_file_ref idref="fl-8"/>
      </object_component>
      <object_component id="oc-475">
         <name>.debug_info</name>
         <load_address>0xfc67</load_address>
         <run_address>0xfc67</run_address>
         <size>0x187</size>
         <input_file_ref idref="fl-8"/>
      </object_component>
      <object_component id="oc-361">
         <name>.debug_info</name>
         <load_address>0xfdee</load_address>
         <run_address>0xfdee</run_address>
         <size>0x3a7</size>
         <input_file_ref idref="fl-8"/>
      </object_component>
      <object_component id="oc-435">
         <name>.debug_info</name>
         <load_address>0x10195</load_address>
         <run_address>0x10195</run_address>
         <size>0x26e</size>
         <input_file_ref idref="fl-8"/>
      </object_component>
      <object_component id="oc-367">
         <name>.debug_info</name>
         <load_address>0x10403</load_address>
         <run_address>0x10403</run_address>
         <size>0x204</size>
         <input_file_ref idref="fl-8"/>
      </object_component>
      <object_component id="oc-2bd">
         <name>.debug_info</name>
         <load_address>0x10607</load_address>
         <run_address>0x10607</run_address>
         <size>0x33b</size>
         <input_file_ref idref="fl-8"/>
      </object_component>
      <object_component id="oc-48d">
         <name>.debug_info</name>
         <load_address>0x10942</load_address>
         <run_address>0x10942</run_address>
         <size>0x1ae</size>
         <input_file_ref idref="fl-8"/>
      </object_component>
      <object_component id="oc-493">
         <name>.debug_info</name>
         <load_address>0x10af0</load_address>
         <run_address>0x10af0</run_address>
         <size>0x29b</size>
         <input_file_ref idref="fl-8"/>
      </object_component>
      <object_component id="oc-ab">
         <name>.debug_info</name>
         <load_address>0x10d8b</load_address>
         <run_address>0x10d8b</run_address>
         <size>0x1e3</size>
         <input_file_ref idref="fl-8"/>
      </object_component>
      <object_component id="oc-3f4">
         <name>.debug_info</name>
         <load_address>0x10f6e</load_address>
         <run_address>0x10f6e</run_address>
         <size>0x15e</size>
         <input_file_ref idref="fl-8"/>
      </object_component>
      <object_component id="oc-53f">
         <name>.debug_info</name>
         <load_address>0x110cc</load_address>
         <run_address>0x110cc</run_address>
         <size>0x19c</size>
         <input_file_ref idref="fl-8"/>
      </object_component>
      <object_component id="oc-2c3">
         <name>.debug_info</name>
         <load_address>0x11268</load_address>
         <run_address>0x11268</run_address>
         <size>0x1c5</size>
         <input_file_ref idref="fl-8"/>
      </object_component>
      <object_component id="oc-5a9">
         <name>.debug_info</name>
         <load_address>0x1142d</load_address>
         <run_address>0x1142d</run_address>
         <size>0x28e</size>
         <input_file_ref idref="fl-8"/>
      </object_component>
      <object_component id="oc-481">
         <name>.debug_info</name>
         <load_address>0x116bb</load_address>
         <run_address>0x116bb</run_address>
         <size>0x221</size>
[...]
            <run_size>0x27c</run_size>
            <compression>lzss</compression>
         </cprec>
         <cprec>
            <name>.bss</name>
            <load_address>0x3488</load_address>
            <load_size>0x8</load_size>
            <run_address>0x20000000</run_address>
            <run_size>0xc918</run_size>
            <compression>zero_init</compression>
         </cprec>
      </cptbl>
   </cptbl_list>
   <handler_table>
      <handler_table_name>__TI_handler_table</handler_table_name>
      <handler>
         <index>0x0</index>
         <name>__TI_decompress_lzss</name>
      </handler>
      <handler>
         <index>0x1</index>
         <name>__TI_decompress_none</name>
      </handler>
      <handler>
         <index>0x2</index>
         <name>__TI_zero_init</name>
      </handler>
   </handler_table>
   <symbol_table>
      <symbol id="sm-1">
         <name>WDTCTL_SYM</name>
         <value>0x4000480c</value>
      </symbol>
      <symbol id="sm-2">
         <name>__TI_CINIT_Base</name>
         <value>0x3490</value>
      </symbol>
      <symbol id="sm-3">
         <name>__TI_CINIT_Limit</name>
         <value>0x34a0</value>
      </symbol>
      <symbol id="sm-4">
         <name>__TI_Handler_Table_Base</name>
         <value>0x3478</value>
      </symbol>
      <symbol id="sm-5">
         <name>__TI_Handler_Table_Limit</name>
         <value>0x3484</value>
      </symbol>
      <symbol id="sm-6">
         <name>binit</name>
         <value>0xffffffff</value>
      </symbol>
      <symbol id="sm-7">
         <name>__binit__</name>
         <value>0xffffffff</value>
      </symbol>
      <symbol id="sm-8">
         <name>__STACK_SIZE</name>
         <value>0x320</value>
      </symbol>
      <symbol id="sm-9">
         <name>__STACK_END</name>
         <value>0x20010000</value>
      </symbol>
      <symbol id="sm-a">
         <name>__c_args__</name>
         <value>0xffffffff</value>
      </symbol>
      <symbol id="sm-b">
         <name>__TI_pprof_out_hndl</name>
         <value>0xffffffff</value>
      </symbol>
      <symbol id="sm-c">
         <name>__TI_prof_data_start</name>
         <value>0xffffffff</value>
      </symbol>
      <symbol id="sm-d">
         <name>__TI_prof_data_size</name>
         <value>0xffffffff</value>
      </symbol>
      <symbol id="sm-9f">
         <name>vApplicationStackOverflowHook</name>
         <value>0x3351</value>
         <object_component_ref idref="oc-138"/>
      </symbol>
      <symbol id="sm-a0">
         <name>vApplicationIdleHook</name>
         <value>0x3411</value>
         <object_component_ref idref="oc-46d"/>
      </symbol>
      <symbol id="sm-a1">
         <name>main</name>
         <value>0x3399</value>
         <object_component_ref idref="oc-11a"/>
      </symbol>
      <symbol id="sm-a2">
         <name>vApplicationMallocFailedHook</name>
         <value>0x3339</value>
         <object_component_ref idref="oc-40b"/>
      </symbol>
      <symbol id="sm-108">
         <name>uxListRemove</name>
         <value>0x30a9</value>
         <object_component_ref idref="oc-148"/>
      </symbol>
      <symbol id="sm-109">
         <name>vListInsert</name>
         <value>0x2dc1</value>
         <object_component_ref idref="oc-54f"/>
      </symbol>
      <symbol id="sm-10a">
         <name>vListInitialiseItem</name>
         <value>0x33f1</value>
         <object_component_ref idref="oc-421"/>
      </symbol>
      <symbol id="sm-10b">
         <name>vListInsertEnd</name>
         <value>0x3291</value>
         <object_component_ref idref="oc-14e"/>
      </symbol>
      <symbol id="sm-10c">
         <name>vListInitialise</name>
         <value>0x31e1</value>
         <object_component_ref idref="oc-4f3"/>
      </symbol>
      <symbol id="sm-1fb">
         <name>xQueueGenericSendFromISR</name>
         <value>0x14e9</value>
         <object_component_ref idref="oc-b8"/>
      </symbol>
      <symbol id="sm-1fc">
         <name>xQueueIsQueueFullFromISR</name>
         <value>0x3051</value>
         <object_component_ref idref="oc-19b"/>
      </symbol>
      <symbol id="sm-1fd">
         <name>xQueueGenericCreate</name>
         <value>0x2aa1</value>
         <object_component_ref idref="oc-2b6"/>
      </symbol>
      <symbol id="sm-1fe">
         <name>xQueueGenericSend</name>
         <value>0x309</value>
         <object_component_ref idref="oc-3a0"/>
      </symbol>
      <symbol id="sm-1ff">
         <name>xQueueGenericReset</name>
         <value>0x1d39</value>
         <object_component_ref idref="oc-419"/>
      </symbol>
      <symbol id="sm-200">
         <name>xQueueReceiveFromISR</name>
         <value>0x1a29</value>
         <object_component_ref idref="oc-18f"/>
      </symbol>
      <symbol id="sm-201">
         <name>vQueueWaitForMessageRestricted</name>
         <value>0x2b89</value>
         <object_component_ref idref="oc-57a"/>
      </symbol>
      <symbol id="sm-202">
         <name>xQueueReceive</name>
         <value>0x4a1</value>
         <object_component_ref idref="oc-380"/>
      </symbol>
      <symbol id="sm-45e">
         <name>vTaskDelay</name>
         <value>0x28b1</value>
         <object_component_ref idref="oc-38c"/>
      </symbol>
      <symbol id="sm-45f">
         <name>vTaskSuspendAll</name>
         <value>0x3379</value>
         <object_component_ref idref="oc-3f3"/>
      </symbol>
      <symbol id="sm-460">
         <name>vTaskPlaceOnEventList</name>
         <value>0x2d89</value>
         <object_component_ref idref="oc-480"/>
      </symbol>
      <symbol id="sm-461">
         <name>xTaskCheckForTimeOut</name>
         <value>0x1ca1</value>
         <object_component_ref idref="oc-492"/>
      </symbol>
      <symbol id="sm-462">
         <name>xTaskPriorityDisinherit</name>
         <value>0x15b9</value>
         <object_component_ref idref="oc-253"/>
      </symbol>
      <symbol id="sm-463">
         <name>vTaskStartScheduler</name>
         <value>0x1e51</value>
         <object_component_ref idref="oc-2c2"/>
      </symbol>
      <symbol id="sm-464">
         <name>vTaskInternalSetTimeOutState</name>
         <value>0x32a9</value>
         <object_component_ref idref="oc-48c"/>
      </symbol>
      <symbol id="sm-465">
         <name>xTaskCreate</name>
         <value>0x2511</value>
         <object_component_ref idref="oc-2bc"/>
      </symbol>
      <symbol id="sm-466">
         <name>vTaskDelayUntil</name>
         <value>0x1749</value>
         <object_component_ref idref="oc-39a"/>
      </symbol>
      <symbol id="sm-467">
         <name>vTaskMissedYield</name>
         <value>0x33c1</value>
         <object_component_ref idref="oc-556"/>
      </symbol>
      <symbol id="sm-468">
         <name>vTaskStepTick</name>
         <value>0x2e69</value>
         <object_component_ref idref="oc-53e"/>
      </symbol>
      <symbol id="sm-469">
         <name>xTaskResumeAll</name>
         <value>0xe69</value>
         <object_component_ref idref="oc-405"/>
      </symbol>
      <symbol id="sm-46a">
         <name>xTaskGetTickCount</name>
         <value>0x33d1</value>
         <object_component_ref idref="oc-394"/>
      </symbol>
      <symbol id="sm-46b">
         <name>pxCurrentTCB</name>
         <value>0x2000cae4</value>
         <object_component_ref idref="oc-a4"/>
      </symbol>
      <symbol id="sm-46c">
         <name>vTaskNotifyGiveFromISR</name>
         <value>0x1181</value>
         <object_component_ref idref="oc-be"/>
      </symbol>
      <symbol id="sm-46d">
         <name>vTaskPlaceOnEventListRestricted</name>
         <value>0x2c19</value>
         <object_component_ref idref="oc-5a8"/>
      </symbol>
      <symbol id="sm-46e">
         <name>xTaskIncrementTick</name>
         <value>0x751</value>
         <object_component_ref idref="oc-b1"/>
      </symbol>
      <symbol id="sm-46f">
         <name>vTaskSwitchContext</name>
         <value>0x1801</value>
         <object_component_ref idref="oc-aa"/>
      </symbol>
      <symbol id="sm-470">
         <name>xTaskGetSchedulerState</name>
         <value>0x3181</value>
         <object_component_ref idref="oc-474"/>
      </symbol>
      <symbol id="sm-471">
         <name>xTaskRemoveFromEventList</name>
         <value>0x1b69</value>
         <object_component_ref idref="oc-16a"/>
      </symbol>
      <symbol id="sm-472">
         <name>eTaskConfirmSleepModeStatus</name>
         <value>0x2c59</value>
         <object_component_ref idref="oc-532"/>
      </symbol>
      <symbol id="sm-54b">
         <name>xTimerCreateTimerTask</name>
         <value>0x26f9</value>
         <object_component_ref idref="oc-36d"/>
      </symbol>
      <symbol id="sm-54c">
         <name>xTimerGenericCommand</name>
         <value>0x20c9</value>
         <object_component_ref idref="oc-58d"/>
      </symbol>
      <symbol id="sm-5f3">
         <name>ulMaxSyscallInterruptPriority</name>
         <value>0x342c</value>
         <object_component_ref idref="oc-a7"/>
      </symbol>
      <symbol id="sm-5f4">
         <name>vPortSetupTimerInterrupt</name>
         <value>0x24a9</value>
         <object_component_ref idref="oc-454"/>
      </symbol>
      <symbol id="sm-5f5">
         <name>vPortSuppressTicksAndSleep</name>
         <value>0x899</value>
         <object_component_ref idref="oc-461"/>
      </symbol>
      <symbol id="sm-5f6">
         <name>xPortSysTickHandler</name>
         <value>0x3021</value>
         <object_component_ref idref="oc-42"/>
      </symbol>
      <symbol id="sm-5f7">
         <name>vPortValidateInterruptPriority</name>
         <value>0x2579</value>
         <object_component_ref idref="oc-15e"/>
      </symbol>
      <symbol id="sm-5f8">
         <name>pxPortInitialiseStack</name>
         <value>0x2ff1</value>
         <object_component_ref idref="oc-427"/>
      </symbol>
      <symbol id="sm-5f9">
         <name>vPortExitCritical</name>
         <value>0x2f31</value>
         <object_component_ref idref="oc-43a"/>
      </symbol>
      <symbol id="sm-5fa">
         <name>xPortStartScheduler</name>
         <value>0x1261</value>
         <object_component_ref idref="oc-373"/>
      </symbol>
      <symbol id="sm-5fb">
         <name>vPortEnterCritical</name>
         <value>0x2c99</value>
         <object_component_ref idref="oc-42e"/>
      </symbol>
      <symbol id="sm-60a">
         <name>vPortStartFirstTask</name>
         <value>0x13e5</value>
         <object_component_ref idref="oc-3d"/>
      </symbol>
      <symbol id="sm-60b">
         <name>ulPortGetIPSR</name>
         <value>0x134d</value>
         <object_component_ref idref="oc-3d"/>
      </symbol>
      <symbol id="sm-60c">
         <name>vPortEnableVFP</name>
         <value>0x1409</value>
         <object_component_ref idref="oc-3d"/>
      </symbol>
      <symbol id="sm-60d">
         <name>xPortPendSVHandler</name>
         <value>0x1365</value>
         <object_component_ref idref="oc-3d"/>
      </symbol>
      <symbol id="sm-60e">
         <name>vPortSVCHandler</name>
         <value>0x13c5</value>
         <object_component_ref idref="oc-3d"/>
      </symbol>
      <symbol id="sm-683">
         <name>pvPortMalloc</name>
         <value>0xb01</value>
         <object_component_ref idref="oc-34d"/>
      </symbol>
      <symbol id="sm-684">
         <name>vPortFree</name>
         <value>0x1f59</value>
         <object_component_ref idref="oc-35a"/>
      </symbol>
      <symbol id="sm-6a1">
         <name>vT32_1_Handler</name>
         <value>0x2e31</value>
         <object_component_ref idref="oc-54"/>
      </symbol>
      <symbol id="sm-6a2">
         <name>vT32_0_Handler</name>
         <value>0x2df9</value>
         <object_component_ref idref="oc-4e"/>
      </symbol>
      <symbol id="sm-6d5">
         <name>vUART_Handler</name>
         <value>0x1971</value>
         <object_component_ref idref="oc-48"/>
      </symbol>
      <symbol id="sm-773">
         <name>xFirstTimerHandler</name>
         <value>0x9d1</value>
         <object_component_ref idref="oc-da"/>
      </symbol>
      <symbol id="sm-774">
         <name>xSecondTimerHandler</name>
         <value>0x149</value>
         <object_component_ref idref="oc-e1"/>
      </symbol>
      <symbol id="sm-7dc">
         <name>vPreSleepProcessing</name>
         <value>0x3421</value>
         <object_component_ref idref="oc-538"/>
      </symbol>
      <symbol id="sm-7dd">
         <name>main_blinky</name>
         <value>0x25e1</value>
         <object_component_ref idref="oc-1cf"/>
      </symbol>
      <symbol id="sm-7de">
         <name>vApplicationTickHook</name>
         <value>0x3419</value>
         <object_component_ref idref="oc-154"/>
      </symbol>
      <symbol id="sm-88e">
         <name>CS_getMCLK</name>
         <value>0x3261</value>
         <object_component_ref idref="oc-52a"/>
      </symbol>
      <symbol id="sm-88f">
         <name>CS_clearInterruptFlag</name>
         <value>0x30d1</value>
         <object_component_ref idref="oc-5be"/>
      </symbol>
      <symbol id="sm-890">
         <name>CS_getDCOFrequency</name>
         <value>0x609</value>
         <object_component_ref idref="oc-5b8"/>
      </symbol>
      <symbol id="sm-891">
         <name>CS_setDCOCenteredFrequency</name>
         <value>0x2f61</value>
         <object_component_ref idref="oc-327"/>
      </symbol>
      <symbol id="sm-892">
         <name>CS_initClockSignal</name>
         <value>0xc31</value>
         <object_component_ref idref="oc-32d"/>
      </symbol>
      <symbol id="sm-8a1">
         <name>FlashCtl_setWaitState</name>
         <value>0x2ea1</value>
         <object_component_ref idref="oc-321"/>
      </symbol>
      <symbol id="sm-8ad">
         <name>FPU_enableModule</name>
         <value>0x3369</value>
         <object_component_ref idref="oc-291"/>
      </symbol>
      <symbol id="sm-8f8">
         <name>GPIO_setAsInputPinWithPullUpResistor</name>
         <value>0x2f91</value>
         <object_component_ref idref="oc-33a"/>
      </symbol>
      <symbol id="sm-8f9">
         <name>GPIO_enableInterrupt</name>
         <value>0x32c1</value>
         <object_component_ref idref="oc-340"/>
      </symbol>
      <symbol id="sm-8fa">
         <name>GPIO_setAsOutputPin</name>
         <value>0x3121</value>
         <object_component_ref idref="oc-2a3"/>
      </symbol>
      <symbol id="sm-8fb">
         <name>GPIO_setOutputLowOnPin</name>
         <value>0x32d9</value>
         <object_component_ref idref="oc-29d"/>
      </symbol>
      <symbol id="sm-8fc">
         <name>GPIO_toggleOutputOnPin</name>
         <value>0x32f1</value>
         <object_component_ref idref="oc-386"/>
      </symbol>
      <symbol id="sm-8fd">
         <name>GPIO_setAsPeripheralModuleFunctionInputPin</name>
         <value>0x2751</value>
         <object_component_ref idref="oc-297"/>
      </symbol>
      <symbol id="sm-91a">
         <name>Interrupt_enableInterrupt</name>
         <value>0x2051</value>
         <object_component_ref idref="oc-346"/>
      </symbol>
      <symbol id="sm-987">
         <name>PCM_setCoreVoltageLevel</name>
         <value>0x33e1</value>
         <object_component_ref idref="oc-333"/>
      </symbol>
      <symbol id="sm-988">
         <name>PCM_getCoreVoltageLevel</name>
         <value>0x2961</value>
         <object_component_ref idref="oc-4ca"/>
      </symbol>
      <symbol id="sm-989">
         <name>PCM_getPowerMode</name>
         <value>0x2cd9</value>
         <object_component_ref idref="oc-4c4"/>
      </symbol>
      <symbol id="sm-98a">
         <name>PCM_getPowerState</name>
         <value>0x33a9</value>
         <object_component_ref idref="oc-4d0"/>
      </symbol>
      <symbol id="sm-98b">
         <name>PCM_setPowerMode</name>
         <value>0x33e9</value>
         <object_component_ref idref="oc-4d6"/>
      </symbol>
      <symbol id="sm-9a1">
         <name>SysCtl_getTLVInfo</name>
         <value>0x27a9</value>
         <object_component_ref idref="oc-5d1"/>
      </symbol>
      <symbol id="sm-9d8">
         <name>interruptVectors</name>
         <value>0x0</value>
         <object_component_ref idref="oc-10"/>
      </symbol>
      <symbol id="sm-9ea">
         <name>SystemInit</name>
         <value>0x2371</value>
         <object_component_ref idref="oc-9a"/>
      </symbol>
      <symbol id="sm-a08">
         <name>memcpy</name>
         <value>0x1ac7</value>
         <object_component_ref idref="oc-68"/>
      </symbol>
      <symbol id="sm-a09">
         <name>__aeabi_memcpy</name>
         <value>0x1ac7</value>
         <object_component_ref idref="oc-68"/>
      </symbol>
      <symbol id="sm-a0a">
         <name>__aeabi_memcpy8</name>
         <value>0x1ac7</value>
         <object_component_ref idref="oc-68"/>
      </symbol>
      <symbol id="sm-a0b">
         <name>__aeabi_memcpy4</name>
         <value>0x1ac7</value>
         <object_component_ref idref="oc-68"/>
      </symbol>
      <symbol id="sm-a1a">
         <name>__aeabi_memset</name>
         <value>0x1fd7</value>
         <object_component_ref idref="oc-10e"/>
      </symbol>
      <symbol id="sm-a1b">
         <name>memset</name>
         <value>0x1fdd</value>
         <object_component_ref idref="oc-10e"/>
      </symbol>
      <symbol id="sm-a1c">
         <name>__aeabi_memset8</name>
         <value>0x1fd7</value>
         <object_component_ref idref="oc-10e"/>
      </symbol>
      <symbol id="sm-a1d">
         <name>__aeabi_memset4</name>
         <value>0x1fd7</value>
         <object_component_ref idref="oc-10e"/>
      </symbol>
      <symbol id="sm-a1e">
         <name>__aeabi_memclr8</name>
         <value>0x1fd5</value>
         <object_component_ref idref="oc-10e"/>
      </symbol>
      <symbol id="sm-a1f">
         <name>__aeabi_memclr4</name>
         <value>0x1fd5</value>
         <object_component_ref idref="oc-10e"/>
      </symbol>
      <symbol id="sm-a20">
         <name>__aeabi_memclr</name>
         <value>0x1fd5</value>
         <object_component_ref idref="oc-10e"/>
      </symbol>
      <symbol id="sm-a32">
         <name>__TI_zero_init</name>
         <value>0x33b5</value>
         <object_component_ref idref="oc-7a"/>
      </symbol>
      <symbol id="sm-a49">
         <name>__TI_decompress_none</name>
         <value>0x3389</value>
         <object_component_ref idref="oc-19"/>
      </symbol>
      <symbol id="sm-a6c">
         <name>__TI_decompress_lzss</name>
         <value>0x23d9</value>
         <object_component_ref idref="oc-13"/>
      </symbol>
      <symbol id="sm-a7f">
         <name>__stack</name>
         <value>0x2000fce0</value>
         <object_component_ref idref="oc-22"/>
      </symbol>
      <symbol id="sm-a80">
         <name>_c_int00_noargs</name>
         <value>0x2d15</value>
         <object_component_ref idref="oc-86"/>
      </symbol>
      <symbol id="sm-a8b">
         <name>C$$EXIT</name>
         <value>0x605</value>
         <object_component_ref idref="oc-1d6"/>
      </symbol>
      <symbol id="sm-a8c">
         <name>abort</name>
         <value>0x605</value>
         <object_component_ref idref="oc-1d6"/>
      </symbol>
      <symbol id="sm-abd">
         <name>__TI_auto_init_nobinit_nopinit</name>
         <value>0x2bd1</value>
         <object_component_ref idref="oc-1e2"/>
      </symbol>
      <symbol id="sm-ac7">
         <name>_system_pre_init</name>
         <value>0x49d</value>
         <object_component_ref idref="oc-114"/>
      </symbol>
      <symbol id="sm-ac9">
         <name>__TI_static_base__</name>
         <value>0x0</value>
      </symbol>
      <symbol id="sm-acc">
         <name>__mpu_init</name>
         <value>0x0</value>
      </symbol>
      <symbol id="sm-acd">
         <name>_system_post_cinit</name>
         <value>0x0</value>
      </symbol>
   </symbol_table>
   <title>Link successful</title>
</link_info>
